###############################################################################
#
# IAR ELF Linker V9.50.2.385/W64 for ARM                  07/Apr/2025  16:44:54
# Copyright 2007-2024 IAR Systems AB.
#
#    Output file                  =
#        D:\Inesh_wisun\Wisun_Node_App
#        1\Wisun_Node_App\ewarm-iar\exe\Wisun_Node_App.out
#    Map file                     =
#        D:\Inesh_wisun\Wisun_Node_App
#        1\Wisun_Node_App\ewarm-iar\lst\Wisun_Node_App.map
#    Import CMSE library file out =
#        D:\Inesh_wisun\Wisun_Node_App
#        1\Wisun_Node_App\ewarm-iar\exe\Wisun_Node_App_import_lib.o
#    Command line                 =
#        -f "D:\Inesh_wisun\Wisun_Node_App
#        1\Wisun_Node_App\ewarm-iar\exe\Wisun_Node_App.out.rsp"
#        ("D:\Inesh_wisun\Wisun_Node_App
#        1\Wisun_Node_App\ewarm-iar\obj\library_17211336700577820660.dir\aes.o"
#        "D:\Inesh_wisun\Wisun_Node_App
#        1\Wisun_Node_App\ewarm-iar\obj\Simplicity
#        Configurator_13668623889914588608.dir\app.o"
#        "D:\Inesh_wisun\Wisun_Node_App
#        1\Wisun_Node_App\ewarm-iar\obj\Simplicity
#        Configurator_13668623889914588608.dir\app_init.o"
#        "D:\Inesh_wisun\Wisun_Node_App
#        1\Wisun_Node_App\ewarm-iar\obj\app_project_info_11192275019016237758.dir\app_project_info.o"
#        "D:\Inesh_wisun\Wisun_Node_App
#        1\Wisun_Node_App\ewarm-iar\obj\generic_16260127170197122828.dir\arm_cpu_dwt_ts.o"
#        "D:\Inesh_wisun\Wisun_Node_App
#        1\Wisun_Node_App\ewarm-iar\obj\iar_13602266579259951580.dir\armv7m_cpu_c.o"
#        "D:\Inesh_wisun\Wisun_Node_App
#        1\Wisun_Node_App\ewarm-iar\obj\iar_13602266579259951580.dir\armv7m_os_cpu_c.o"
#        "D:\Inesh_wisun\Wisun_Node_App
#        1\Wisun_Node_App\ewarm-iar\obj\iar_13602266579259951580.dir\armv8m_cpu_a.o"
#        "D:\Inesh_wisun\Wisun_Node_App
#        1\Wisun_Node_App\ewarm-iar\obj\iar_13602266579259951580.dir\armv8m_os_cpu_a.o"
#        "D:\Inesh_wisun\Wisun_Node_App
#        1\Wisun_Node_App\ewarm-iar\obj\library_17211336700577820660.dir\asn1parse.o"
#        "D:\Inesh_wisun\Wisun_Node_App
#        1\Wisun_Node_App\ewarm-iar\obj\library_17211336700577820660.dir\asn1write.o"
#        "D:\Inesh_wisun\Wisun_Node_App
#        1\Wisun_Node_App\ewarm-iar\obj\library_17211336700577820660.dir\base64.o"
#        "D:\Inesh_wisun\Wisun_Node_App
#        1\Wisun_Node_App\ewarm-iar\obj\library_17211336700577820660.dir\bignum.o"
#        "D:\Inesh_wisun\Wisun_Node_App
#        1\Wisun_Node_App\ewarm-iar\obj\library_17211336700577820660.dir\bignum_core.o"
#        "D:\Inesh_wisun\Wisun_Node_App
#        1\Wisun_Node_App\ewarm-iar\obj\library_17211336700577820660.dir\bignum_mod.o"
#        "D:\Inesh_wisun\Wisun_Node_App
#        1\Wisun_Node_App\ewarm-iar\obj\library_17211336700577820660.dir\bignum_mod_raw.o"
#        "D:\Inesh_wisun\Wisun_Node_App
#        1\Wisun_Node_App\ewarm-iar\obj\collections_3933356274573480250.dir\bitmap.o"
#        "D:\Inesh_wisun\Wisun_Node_App
#        1\Wisun_Node_App\ewarm-iar\obj\library_17211336700577820660.dir\ccm.o"
#        "D:\Inesh_wisun\Wisun_Node_App
#        1\Wisun_Node_App\ewarm-iar\obj\library_17211336700577820660.dir\cipher.o"
#        "D:\Inesh_wisun\Wisun_Node_App
#        1\Wisun_Node_App\ewarm-iar\obj\library_17211336700577820660.dir\cipher_wrap.o"
#        "D:\Inesh_wisun\Wisun_Node_App
#        1\Wisun_Node_App\ewarm-iar\obj\source_1437350445724322328.dir\cmsis_os2.o"
#        "D:\Inesh_wisun\Wisun_Node_App
#        1\Wisun_Node_App\ewarm-iar\obj\common_16484306956914206464.dir\common.o"
#        "D:\Inesh_wisun\Wisun_Node_App
#        1\Wisun_Node_App\ewarm-iar\obj\libBits_4855519317540600097.dir\common_functions.o"
#        "D:\Inesh_wisun\Wisun_Node_App
#        1\Wisun_Node_App\ewarm-iar\obj\libBits_4855519317540600097.dir\common_inlined_functions.o"
#        "D:\Inesh_wisun\Wisun_Node_App
#        1\Wisun_Node_App\ewarm-iar\obj\library_17211336700577820660.dir\constant_time.o"
#        "D:\Inesh_wisun\Wisun_Node_App
#        1\Wisun_Node_App\ewarm-iar\obj\source_6493983593496012072.dir\cpu_core.o"
#        "D:\Inesh_wisun\Wisun_Node_App
#        1\Wisun_Node_App\ewarm-iar\obj\library_17211336700577820660.dir\ctr_drbg.o"
#        "D:\Inesh_wisun\Wisun_Node_App
#        1\Wisun_Node_App\ewarm-iar\obj\library_17211336700577820660.dir\ecdh.o"
#        "D:\Inesh_wisun\Wisun_Node_App
#        1\Wisun_Node_App\ewarm-iar\obj\library_17211336700577820660.dir\ecdsa.o"
#        "D:\Inesh_wisun\Wisun_Node_App
#        1\Wisun_Node_App\ewarm-iar\obj\library_17211336700577820660.dir\ecp.o"
#        "D:\Inesh_wisun\Wisun_Node_App
#        1\Wisun_Node_App\ewarm-iar\obj\library_17211336700577820660.dir\ecp_curves.o"
#        "D:\Inesh_wisun\Wisun_Node_App
#        1\Wisun_Node_App\ewarm-iar\obj\library_17211336700577820660.dir\ecp_curves_new.o"
#        "D:\Inesh_wisun\Wisun_Node_App
#        1\Wisun_Node_App\ewarm-iar\obj\src_15254289621323374026.dir\em_burtc.o"
#        "D:\Inesh_wisun\Wisun_Node_App
#        1\Wisun_Node_App\ewarm-iar\obj\src_15254289621323374026.dir\em_cmu.o"
#        "D:\Inesh_wisun\Wisun_Node_App
#        1\Wisun_Node_App\ewarm-iar\obj\src_15254289621323374026.dir\em_core.o"
#        "D:\Inesh_wisun\Wisun_Node_App
#        1\Wisun_Node_App\ewarm-iar\obj\src_15254289621323374026.dir\em_emu.o"
#        "D:\Inesh_wisun\Wisun_Node_App
#        1\Wisun_Node_App\ewarm-iar\obj\src_15254289621323374026.dir\em_gpio.o"
#        "D:\Inesh_wisun\Wisun_Node_App
#        1\Wisun_Node_App\ewarm-iar\obj\src_15254289621323374026.dir\em_msc.o"
#        "D:\Inesh_wisun\Wisun_Node_App
#        1\Wisun_Node_App\ewarm-iar\obj\src_15254289621323374026.dir\em_prs.o"
#        "D:\Inesh_wisun\Wisun_Node_App
#        1\Wisun_Node_App\ewarm-iar\obj\src_15254289621323374026.dir\em_se.o"
#        "D:\Inesh_wisun\Wisun_Node_App
#        1\Wisun_Node_App\ewarm-iar\obj\src_15254289621323374026.dir\em_system.o"
#        "D:\Inesh_wisun\Wisun_Node_App
#        1\Wisun_Node_App\ewarm-iar\obj\src_15254289621323374026.dir\em_timer.o"
#        "D:\Inesh_wisun\Wisun_Node_App
#        1\Wisun_Node_App\ewarm-iar\obj\src_15254289621323374026.dir\em_usart.o"
#        "D:\Inesh_wisun\Wisun_Node_App
#        1\Wisun_Node_App\ewarm-iar\obj\library_17211336700577820660.dir\entropy.o"
#        "D:\Inesh_wisun\Wisun_Node_App
#        1\Wisun_Node_App\ewarm-iar\obj\library_17211336700577820660.dir\entropy_poll.o"
#        "D:\Inesh_wisun\Wisun_Node_App
#        1\Wisun_Node_App\ewarm-iar\obj\library_17211336700577820660.dir\hmac_drbg.o"
#        "D:\Inesh_wisun\Wisun_Node_App
#        1\Wisun_Node_App\ewarm-iar\obj\src_4059089221207108383.dir\iostream_printf.o"
#        "D:\Inesh_wisun\Wisun_Node_App
#        1\Wisun_Node_App\ewarm-iar\obj\libip6string_13114466453710889314.dir\ip6tos.o"
#        "D:\Inesh_wisun\Wisun_Node_App
#        1\Wisun_Node_App\ewarm-iar\obj\kal_12113336567939197560.dir\kal_kernel.o"
#        "D:\Inesh_wisun\Wisun_Node_App
#        1\Wisun_Node_App\ewarm-iar\obj\lib_9910682656167710914.dir\lib_ascii.o"
#        "D:\Inesh_wisun\Wisun_Node_App
#        1\Wisun_Node_App\ewarm-iar\obj\lib_9910682656167710914.dir\lib_math.o"
#        "D:\Inesh_wisun\Wisun_Node_App
#        1\Wisun_Node_App\ewarm-iar\obj\lib_9910682656167710914.dir\lib_mem.o"
#        "D:\Inesh_wisun\Wisun_Node_App
#        1\Wisun_Node_App\ewarm-iar\obj\lib_9910682656167710914.dir\lib_str.o"
#        "D:\Inesh_wisun\Wisun_Node_App
#        1\Wisun_Node_App\gecko_sdk_4.4.5\platform\emdrv\nvm3\lib\libnvm3_CM33_iar.a"
#        "D:\Inesh_wisun\Wisun_Node_App
#        1\Wisun_Node_App\gecko_sdk_4.4.5\platform\radio\rail_lib\autogen\librail_release\librail_efr32xg28_iar_release.a"
#        "D:\Inesh_wisun\Wisun_Node_App
#        1\Wisun_Node_App\gecko_sdk_4.4.5\protocol\wisun\stack\libwisun_router_core_efr32xg2x_iar_debug.a"
#        "D:\Inesh_wisun\Wisun_Node_App
#        1\Wisun_Node_App\ewarm-iar\obj\logging_10724380183801099957.dir\logging.o"
#        "D:\Inesh_wisun\Wisun_Node_App
#        1\Wisun_Node_App\ewarm-iar\obj\Simplicity
#        Configurator_13668623889914588608.dir\main.o"
#        "D:\Inesh_wisun\Wisun_Node_App
#        1\Wisun_Node_App\ewarm-iar\obj\collections_3933356274573480250.dir\map.o"
#        "D:\Inesh_wisun\Wisun_Node_App
#        1\Wisun_Node_App\ewarm-iar\obj\src_11618913122678718351.dir\mbedtls_ccm.o"
#        "D:\Inesh_wisun\Wisun_Node_App
#        1\Wisun_Node_App\ewarm-iar\obj\src_11618913122678718351.dir\mbedtls_ecdsa_ecdh.o"
#        "D:\Inesh_wisun\Wisun_Node_App
#        1\Wisun_Node_App\ewarm-iar\obj\src_11618913122678718351.dir\mbedtls_sha.o"
#        "D:\Inesh_wisun\Wisun_Node_App
#        1\Wisun_Node_App\ewarm-iar\obj\library_17211336700577820660.dir\md.o"
#        "D:\Inesh_wisun\Wisun_Node_App
#        1\Wisun_Node_App\ewarm-iar\obj\library_17211336700577820660.dir\nist_kw.o"
#        "D:\Inesh_wisun\Wisun_Node_App
#        1\Wisun_Node_App\ewarm-iar\obj\ns_list_822925338118920086.dir\ns_list.o"
#        "D:\Inesh_wisun\Wisun_Node_App
#        1\Wisun_Node_App\ewarm-iar\obj\src_3690837698348744358.dir\nvm3_default_common_linker.o"
#        "D:\Inesh_wisun\Wisun_Node_App
#        1\Wisun_Node_App\ewarm-iar\obj\src_3690837698348744358.dir\nvm3_hal_flash.o"
#        "D:\Inesh_wisun\Wisun_Node_App
#        1\Wisun_Node_App\ewarm-iar\obj\src_3690837698348744358.dir\nvm3_lock.o"
#        "D:\Inesh_wisun\Wisun_Node_App
#        1\Wisun_Node_App\ewarm-iar\obj\library_17211336700577820660.dir\oid.o"
#        "D:\Inesh_wisun\Wisun_Node_App
#        1\Wisun_Node_App\ewarm-iar\obj\source_1437350445724322328.dir\os_cfg_app.o"
#        "D:\Inesh_wisun\Wisun_Node_App
#        1\Wisun_Node_App\ewarm-iar\obj\source_1437350445724322328.dir\os_core.o"
#        "D:\Inesh_wisun\Wisun_Node_App
#        1\Wisun_Node_App\ewarm-iar\obj\source_1437350445724322328.dir\os_dbg.o"
#        "D:\Inesh_wisun\Wisun_Node_App
#        1\Wisun_Node_App\ewarm-iar\obj\source_1437350445724322328.dir\os_flag.o"
#        "D:\Inesh_wisun\Wisun_Node_App
#        1\Wisun_Node_App\ewarm-iar\obj\source_1437350445724322328.dir\os_mon.o"
#        "D:\Inesh_wisun\Wisun_Node_App
#        1\Wisun_Node_App\ewarm-iar\obj\source_1437350445724322328.dir\os_msg.o"
#        "D:\Inesh_wisun\Wisun_Node_App
#        1\Wisun_Node_App\ewarm-iar\obj\source_1437350445724322328.dir\os_mutex.o"
#        "D:\Inesh_wisun\Wisun_Node_App
#        1\Wisun_Node_App\ewarm-iar\obj\source_1437350445724322328.dir\os_prio.o"
#        "D:\Inesh_wisun\Wisun_Node_App
#        1\Wisun_Node_App\ewarm-iar\obj\source_1437350445724322328.dir\os_q.o"
#        "D:\Inesh_wisun\Wisun_Node_App
#        1\Wisun_Node_App\ewarm-iar\obj\source_1437350445724322328.dir\os_sem.o"
#        "D:\Inesh_wisun\Wisun_Node_App
#        1\Wisun_Node_App\ewarm-iar\obj\source_1437350445724322328.dir\os_stat.o"
#        "D:\Inesh_wisun\Wisun_Node_App
#        1\Wisun_Node_App\ewarm-iar\obj\Source_3830507441899452424.dir\os_systick.o"
#        "D:\Inesh_wisun\Wisun_Node_App
#        1\Wisun_Node_App\ewarm-iar\obj\source_1437350445724322328.dir\os_task.o"
#        "D:\Inesh_wisun\Wisun_Node_App
#        1\Wisun_Node_App\ewarm-iar\obj\source_1437350445724322328.dir\os_time.o"
#        "D:\Inesh_wisun\Wisun_Node_App
#        1\Wisun_Node_App\ewarm-iar\obj\source_1437350445724322328.dir\os_tmr.o"
#        "D:\Inesh_wisun\Wisun_Node_App
#        1\Wisun_Node_App\ewarm-iar\obj\source_1437350445724322328.dir\os_var.o"
#        "D:\Inesh_wisun\Wisun_Node_App
#        1\Wisun_Node_App\ewarm-iar\obj\pa-conversions_7484678574379160581.dir\pa_conversions_efr32.o"
#        "D:\Inesh_wisun\Wisun_Node_App
#        1\Wisun_Node_App\ewarm-iar\obj\pa-conversions_7484678574379160581.dir\pa_curves_efr32.o"
#        "D:\Inesh_wisun\Wisun_Node_App
#        1\Wisun_Node_App\ewarm-iar\obj\library_17211336700577820660.dir\pem.o"
#        "D:\Inesh_wisun\Wisun_Node_App
#        1\Wisun_Node_App\ewarm-iar\obj\src_8776319109163867871.dir\peripheral_sysrtc.o"
#        "D:\Inesh_wisun\Wisun_Node_App
#        1\Wisun_Node_App\ewarm-iar\obj\library_17211336700577820660.dir\pk.o"
#        "D:\Inesh_wisun\Wisun_Node_App
#        1\Wisun_Node_App\ewarm-iar\obj\library_17211336700577820660.dir\pk_wrap.o"
#        "D:\Inesh_wisun\Wisun_Node_App
#        1\Wisun_Node_App\ewarm-iar\obj\library_17211336700577820660.dir\pkparse.o"
#        "D:\Inesh_wisun\Wisun_Node_App
#        1\Wisun_Node_App\ewarm-iar\obj\library_17211336700577820660.dir\pkwrite.o"
#        "D:\Inesh_wisun\Wisun_Node_App
#        1\Wisun_Node_App\ewarm-iar\obj\library_17211336700577820660.dir\platform.o"
#        "D:\Inesh_wisun\Wisun_Node_App
#        1\Wisun_Node_App\ewarm-iar\obj\platform_mgr_16422768431344821720.dir\platform_mgr.o"
#        "D:\Inesh_wisun\Wisun_Node_App
#        1\Wisun_Node_App\ewarm-iar\obj\library_17211336700577820660.dir\platform_util.o"
#        "D:\Inesh_wisun\Wisun_Node_App
#        1\Wisun_Node_App\ewarm-iar\obj\printf_3531763822335253954.dir\printf.o"
#        "D:\Inesh_wisun\Wisun_Node_App
#        1\Wisun_Node_App\ewarm-iar\obj\library_17211336700577820660.dir\psa_crypto.o"
#        "D:\Inesh_wisun\Wisun_Node_App
#        1\Wisun_Node_App\ewarm-iar\obj\library_17211336700577820660.dir\psa_crypto_aead.o"
#        "D:\Inesh_wisun\Wisun_Node_App
#        1\Wisun_Node_App\ewarm-iar\obj\library_17211336700577820660.dir\psa_crypto_cipher.o"
#        "D:\Inesh_wisun\Wisun_Node_App
#        1\Wisun_Node_App\ewarm-iar\obj\library_17211336700577820660.dir\psa_crypto_client.o"
#        "D:\Inesh_wisun\Wisun_Node_App
#        1\Wisun_Node_App\ewarm-iar\obj\library_17211336700577820660.dir\psa_crypto_driver_wrappers_no_static.o"
#        "D:\Inesh_wisun\Wisun_Node_App
#        1\Wisun_Node_App\ewarm-iar\obj\library_17211336700577820660.dir\psa_crypto_ecp.o"
#        "D:\Inesh_wisun\Wisun_Node_App
#        1\Wisun_Node_App\ewarm-iar\obj\library_17211336700577820660.dir\psa_crypto_ffdh.o"
#        "D:\Inesh_wisun\Wisun_Node_App
#        1\Wisun_Node_App\ewarm-iar\obj\library_17211336700577820660.dir\psa_crypto_hash.o"
#        "D:\Inesh_wisun\Wisun_Node_App
#        1\Wisun_Node_App\ewarm-iar\obj\library_17211336700577820660.dir\psa_crypto_mac.o"
#        "D:\Inesh_wisun\Wisun_Node_App
#        1\Wisun_Node_App\ewarm-iar\obj\library_17211336700577820660.dir\psa_crypto_pake.o"
#        "D:\Inesh_wisun\Wisun_Node_App
#        1\Wisun_Node_App\ewarm-iar\obj\library_17211336700577820660.dir\psa_crypto_rsa.o"
#        "D:\Inesh_wisun\Wisun_Node_App
#        1\Wisun_Node_App\ewarm-iar\obj\library_17211336700577820660.dir\psa_crypto_se.o"
#        "D:\Inesh_wisun\Wisun_Node_App
#        1\Wisun_Node_App\ewarm-iar\obj\library_17211336700577820660.dir\psa_crypto_slot_management.o"
#        "D:\Inesh_wisun\Wisun_Node_App
#        1\Wisun_Node_App\ewarm-iar\obj\library_17211336700577820660.dir\psa_crypto_storage.o"
#        "D:\Inesh_wisun\Wisun_Node_App
#        1\Wisun_Node_App\ewarm-iar\obj\library_17211336700577820660.dir\psa_util.o"
#        "D:\Inesh_wisun\Wisun_Node_App
#        1\Wisun_Node_App\ewarm-iar\obj\autogen_4637248165280573407.dir\rail_config.o"
#        "D:\Inesh_wisun\Wisun_Node_App
#        1\Wisun_Node_App\ewarm-iar\obj\ring_buf_11661336123597384382.dir\ring_buf.o"
#        "D:\Inesh_wisun\Wisun_Node_App
#        1\Wisun_Node_App\ewarm-iar\obj\rtos_18321923493932268677.dir\rtos_err_str.o"
#        "D:\Inesh_wisun\Wisun_Node_App
#        1\Wisun_Node_App\ewarm-iar\obj\rtos_18321923493932268677.dir\rtos_utils.o"
#        "D:\Inesh_wisun\Wisun_Node_App
#        1\Wisun_Node_App\ewarm-iar\obj\src_11618913122678718351.dir\se_aes.o"
#        "D:\Inesh_wisun\Wisun_Node_App
#        1\Wisun_Node_App\ewarm-iar\obj\SEGGER_17251983673601104989.dir\SEGGER_RTT.o"
#        "D:\Inesh_wisun\Wisun_Node_App
#        1\Wisun_Node_App\ewarm-iar\obj\library_17211336700577820660.dir\sha1.o"
#        "D:\Inesh_wisun\Wisun_Node_App
#        1\Wisun_Node_App\ewarm-iar\obj\library_17211336700577820660.dir\sha256.o"
#        "D:\Inesh_wisun\Wisun_Node_App
#        1\Wisun_Node_App\ewarm-iar\obj\src_2571367178678603533.dir\sl_assert.o"
#        "D:\Inesh_wisun\Wisun_Node_App
#        1\Wisun_Node_App\ewarm-iar\obj\autogen_4637248165280573407.dir\sl_device_init_clocks.o"
#        "D:\Inesh_wisun\Wisun_Node_App
#        1\Wisun_Node_App\ewarm-iar\obj\src_9288303152524988389.dir\sl_device_init_dcdc_s2.o"
#        "D:\Inesh_wisun\Wisun_Node_App
#        1\Wisun_Node_App\ewarm-iar\obj\src_9288303152524988389.dir\sl_device_init_emu_s2.o"
#        "D:\Inesh_wisun\Wisun_Node_App
#        1\Wisun_Node_App\ewarm-iar\obj\src_9288303152524988389.dir\sl_device_init_hfxo_s2.o"
#        "D:\Inesh_wisun\Wisun_Node_App
#        1\Wisun_Node_App\ewarm-iar\obj\src_9288303152524988389.dir\sl_device_init_nvic.o"
#        "D:\Inesh_wisun\Wisun_Node_App
#        1\Wisun_Node_App\ewarm-iar\obj\src_11618913122678718351.dir\sl_entropy_hardware.o"
#        "D:\Inesh_wisun\Wisun_Node_App
#        1\Wisun_Node_App\ewarm-iar\obj\autogen_4637248165280573407.dir\sl_event_handler.o"
#        "D:\Inesh_wisun\Wisun_Node_App
#        1\Wisun_Node_App\ewarm-iar\obj\src_12426307356801131713.dir\sl_iostream.o"
#        "D:\Inesh_wisun\Wisun_Node_App
#        1\Wisun_Node_App\ewarm-iar\obj\autogen_4637248165280573407.dir\sl_iostream_handles.o"
#        "D:\Inesh_wisun\Wisun_Node_App
#        1\Wisun_Node_App\ewarm-iar\obj\src_12426307356801131713.dir\sl_iostream_retarget_stdio.o"
#        "D:\Inesh_wisun\Wisun_Node_App
#        1\Wisun_Node_App\ewarm-iar\obj\memory_manager_13368231679751352509.dir\sl_malloc.o"
#        "D:\Inesh_wisun\Wisun_Node_App
#        1\Wisun_Node_App\ewarm-iar\obj\src_11618913122678718351.dir\sl_mbedtls.o"
#        "D:\Inesh_wisun\Wisun_Node_App
#        1\Wisun_Node_App\ewarm-iar\obj\src_15984209066700205392.dir\sl_memory.o"
#        "D:\Inesh_wisun\Wisun_Node_App
#        1\Wisun_Node_App\ewarm-iar\obj\src_11618913122678718351.dir\sl_psa_crypto.o"
#        "D:\Inesh_wisun\Wisun_Node_App
#        1\Wisun_Node_App\ewarm-iar\obj\src_1701372114642889758.dir\sl_psa_its_nvm3.o"
#        "D:\Inesh_wisun\Wisun_Node_App
#        1\Wisun_Node_App\ewarm-iar\obj\rail_util_pti_16766738686702506350.dir\sl_rail_util_pti.o"
#        "D:\Inesh_wisun\Wisun_Node_App
#        1\Wisun_Node_App\ewarm-iar\obj\src_10044205007528117694.dir\sl_se_manager.o"
#        "D:\Inesh_wisun\Wisun_Node_App
#        1\Wisun_Node_App\ewarm-iar\obj\src_10044205007528117694.dir\sl_se_manager_attestation.o"
#        "D:\Inesh_wisun\Wisun_Node_App
#        1\Wisun_Node_App\ewarm-iar\obj\src_10044205007528117694.dir\sl_se_manager_cipher.o"
#        "D:\Inesh_wisun\Wisun_Node_App
#        1\Wisun_Node_App\ewarm-iar\obj\src_10044205007528117694.dir\sl_se_manager_entropy.o"
#        "D:\Inesh_wisun\Wisun_Node_App
#        1\Wisun_Node_App\ewarm-iar\obj\src_10044205007528117694.dir\sl_se_manager_hash.o"
#        "D:\Inesh_wisun\Wisun_Node_App
#        1\Wisun_Node_App\ewarm-iar\obj\src_10044205007528117694.dir\sl_se_manager_key_derivation.o"
#        "D:\Inesh_wisun\Wisun_Node_App
#        1\Wisun_Node_App\ewarm-iar\obj\src_10044205007528117694.dir\sl_se_manager_key_handling.o"
#        "D:\Inesh_wisun\Wisun_Node_App
#        1\Wisun_Node_App\ewarm-iar\obj\src_10044205007528117694.dir\sl_se_manager_signature.o"
#        "D:\Inesh_wisun\Wisun_Node_App
#        1\Wisun_Node_App\ewarm-iar\obj\src_10044205007528117694.dir\sl_se_manager_util.o"
#        "D:\Inesh_wisun\Wisun_Node_App
#        1\Wisun_Node_App\ewarm-iar\obj\src_14129040965618215475.dir\sl_sleeptimer.o"
#        "D:\Inesh_wisun\Wisun_Node_App
#        1\Wisun_Node_App\ewarm-iar\obj\src_14129040965618215475.dir\sl_sleeptimer_hal_burtc.o"
#        "D:\Inesh_wisun\Wisun_Node_App
#        1\Wisun_Node_App\ewarm-iar\obj\src_14129040965618215475.dir\sl_sleeptimer_hal_sysrtc.o"
#        "D:\Inesh_wisun\Wisun_Node_App
#        1\Wisun_Node_App\ewarm-iar\obj\src_14129040965618215475.dir\sl_sleeptimer_hal_timer.o"
#        "D:\Inesh_wisun\Wisun_Node_App
#        1\Wisun_Node_App\ewarm-iar\obj\src_2571367178678603533.dir\sl_slist.o"
#        "D:\Inesh_wisun\Wisun_Node_App
#        1\Wisun_Node_App\ewarm-iar\obj\src_2571367178678603533.dir\sl_string.o"
#        "D:\Inesh_wisun\Wisun_Node_App
#        1\Wisun_Node_App\ewarm-iar\obj\src_12924781425884522537.dir\sl_system_init.o"
#        "D:\Inesh_wisun\Wisun_Node_App
#        1\Wisun_Node_App\ewarm-iar\obj\src_12924781425884522537.dir\sl_system_kernel.o"
#        "D:\Inesh_wisun\Wisun_Node_App
#        1\Wisun_Node_App\ewarm-iar\obj\app_core_3182371549707509704.dir\sl_wisun_app_core.o"
#        "D:\Inesh_wisun\Wisun_Node_App
#        1\Wisun_Node_App\ewarm-iar\obj\app_core_3182371549707509704.dir\sl_wisun_app_core_util.o"
#        "D:\Inesh_wisun\Wisun_Node_App
#        1\Wisun_Node_App\ewarm-iar\obj\app_setting_5891890016616573684.dir\sl_wisun_app_setting.o"
#        "D:\Inesh_wisun\Wisun_Node_App
#        1\Wisun_Node_App\ewarm-iar\obj\cli_util_18302890446041092637.dir\sl_wisun_cli_core.o"
#        "D:\Inesh_wisun\Wisun_Node_App
#        1\Wisun_Node_App\ewarm-iar\obj\cli_util_18302890446041092637.dir\sl_wisun_cli_settings.o"
#        "D:\Inesh_wisun\Wisun_Node_App
#        1\Wisun_Node_App\ewarm-iar\obj\cli_util_18302890446041092637.dir\sl_wisun_cli_util.o"
#        "D:\Inesh_wisun\Wisun_Node_App
#        1\Wisun_Node_App\ewarm-iar\obj\autogen_4637248165280573407.dir\sl_wisun_config.o"
#        "D:\Inesh_wisun\Wisun_Node_App
#        1\Wisun_Node_App\ewarm-iar\obj\event_manager_3556573113922957835.dir\sl_wisun_event_mgr.o"
#        "D:\Inesh_wisun\Wisun_Node_App
#        1\Wisun_Node_App\ewarm-iar\obj\plugin_8411017123112486588.dir\sl_wisun_legacy_socket_wrapper.o"
#        "D:\Inesh_wisun\Wisun_Node_App
#        1\Wisun_Node_App\ewarm-iar\obj\trace_util_3212952863280281226.dir\sl_wisun_trace_util.o"
#        "D:\Inesh_wisun\Wisun_Node_App
#        1\Wisun_Node_App\ewarm-iar\obj\src_2571367178678603533.dir\sli_cmsis_os2_ext_task_register.o"
#        "D:\Inesh_wisun\Wisun_Node_App
#        1\Wisun_Node_App\ewarm-iar\obj\src_11618913122678718351.dir\sli_psa_crypto.o"
#        "D:\Inesh_wisun\Wisun_Node_App
#        1\Wisun_Node_App\ewarm-iar\obj\src_1701372114642889758.dir\sli_psa_driver_common.o"
#        "D:\Inesh_wisun\Wisun_Node_App
#        1\Wisun_Node_App\ewarm-iar\obj\src_1701372114642889758.dir\sli_psa_driver_init.o"
#        "D:\Inesh_wisun\Wisun_Node_App
#        1\Wisun_Node_App\ewarm-iar\obj\src_1701372114642889758.dir\sli_psa_trng.o"
#        "D:\Inesh_wisun\Wisun_Node_App
#        1\Wisun_Node_App\ewarm-iar\obj\src_1701372114642889758.dir\sli_se_driver_aead.o"
#        "D:\Inesh_wisun\Wisun_Node_App
#        1\Wisun_Node_App\ewarm-iar\obj\src_1701372114642889758.dir\sli_se_driver_builtin_keys.o"
#        "D:\Inesh_wisun\Wisun_Node_App
#        1\Wisun_Node_App\ewarm-iar\obj\src_1701372114642889758.dir\sli_se_driver_cipher.o"
#        "D:\Inesh_wisun\Wisun_Node_App
#        1\Wisun_Node_App\ewarm-iar\obj\src_1701372114642889758.dir\sli_se_driver_key_derivation.o"
#        "D:\Inesh_wisun\Wisun_Node_App
#        1\Wisun_Node_App\ewarm-iar\obj\src_1701372114642889758.dir\sli_se_driver_key_management.o"
#        "D:\Inesh_wisun\Wisun_Node_App
#        1\Wisun_Node_App\ewarm-iar\obj\src_1701372114642889758.dir\sli_se_driver_mac.o"
#        "D:\Inesh_wisun\Wisun_Node_App
#        1\Wisun_Node_App\ewarm-iar\obj\src_1701372114642889758.dir\sli_se_driver_signature.o"
#        "D:\Inesh_wisun\Wisun_Node_App
#        1\Wisun_Node_App\ewarm-iar\obj\src_1701372114642889758.dir\sli_se_opaque_driver_aead.o"
#        "D:\Inesh_wisun\Wisun_Node_App
#        1\Wisun_Node_App\ewarm-iar\obj\src_1701372114642889758.dir\sli_se_opaque_driver_cipher.o"
#        "D:\Inesh_wisun\Wisun_Node_App
#        1\Wisun_Node_App\ewarm-iar\obj\src_1701372114642889758.dir\sli_se_opaque_driver_mac.o"
#        "D:\Inesh_wisun\Wisun_Node_App
#        1\Wisun_Node_App\ewarm-iar\obj\src_1701372114642889758.dir\sli_se_opaque_key_derivation.o"
#        "D:\Inesh_wisun\Wisun_Node_App
#        1\Wisun_Node_App\ewarm-iar\obj\src_1701372114642889758.dir\sli_se_transparent_driver_aead.o"
#        "D:\Inesh_wisun\Wisun_Node_App
#        1\Wisun_Node_App\ewarm-iar\obj\src_1701372114642889758.dir\sli_se_transparent_driver_cipher.o"
#        "D:\Inesh_wisun\Wisun_Node_App
#        1\Wisun_Node_App\ewarm-iar\obj\src_1701372114642889758.dir\sli_se_transparent_driver_hash.o"
#        "D:\Inesh_wisun\Wisun_Node_App
#        1\Wisun_Node_App\ewarm-iar\obj\src_1701372114642889758.dir\sli_se_transparent_driver_mac.o"
#        "D:\Inesh_wisun\Wisun_Node_App
#        1\Wisun_Node_App\ewarm-iar\obj\src_1701372114642889758.dir\sli_se_transparent_key_derivation.o"
#        "D:\Inesh_wisun\Wisun_Node_App
#        1\Wisun_Node_App\ewarm-iar\obj\src_1701372114642889758.dir\sli_se_version_dependencies.o"
#        "D:\Inesh_wisun\Wisun_Node_App
#        1\Wisun_Node_App\ewarm-iar\obj\collections_3933356274573480250.dir\slist.o"
#        "D:\Inesh_wisun\Wisun_Node_App
#        1\Wisun_Node_App\ewarm-iar\obj\library_17211336700577820660.dir\ssl_cache.o"
#        "D:\Inesh_wisun\Wisun_Node_App
#        1\Wisun_Node_App\ewarm-iar\obj\library_17211336700577820660.dir\ssl_ciphersuites.o"
#        "D:\Inesh_wisun\Wisun_Node_App
#        1\Wisun_Node_App\ewarm-iar\obj\library_17211336700577820660.dir\ssl_client.o"
#        "D:\Inesh_wisun\Wisun_Node_App
#        1\Wisun_Node_App\ewarm-iar\obj\library_17211336700577820660.dir\ssl_cookie.o"
#        "D:\Inesh_wisun\Wisun_Node_App
#        1\Wisun_Node_App\ewarm-iar\obj\library_17211336700577820660.dir\ssl_debug_helpers_generated.o"
#        "D:\Inesh_wisun\Wisun_Node_App
#        1\Wisun_Node_App\ewarm-iar\obj\library_17211336700577820660.dir\ssl_msg.o"
#        "D:\Inesh_wisun\Wisun_Node_App
#        1\Wisun_Node_App\ewarm-iar\obj\library_17211336700577820660.dir\ssl_ticket.o"
#        "D:\Inesh_wisun\Wisun_Node_App
#        1\Wisun_Node_App\ewarm-iar\obj\library_17211336700577820660.dir\ssl_tls.o"
#        "D:\Inesh_wisun\Wisun_Node_App
#        1\Wisun_Node_App\ewarm-iar\obj\library_17211336700577820660.dir\ssl_tls12_client.o"
#        "D:\Inesh_wisun\Wisun_Node_App
#        1\Wisun_Node_App\ewarm-iar\obj\library_17211336700577820660.dir\ssl_tls12_server.o"
#        "D:\Inesh_wisun\Wisun_Node_App
#        1\Wisun_Node_App\ewarm-iar\obj\Source_1138393501331105767.dir\startup_efr32fg28.o"
#        "D:\Inesh_wisun\Wisun_Node_App
#        1\Wisun_Node_App\ewarm-iar\obj\libip6string_13114466453710889314.dir\stoip6.o"
#        "D:\Inesh_wisun\Wisun_Node_App
#        1\Wisun_Node_App\ewarm-iar\obj\Source_1138393501331105767.dir\system_efr32fg28.o"
#        "D:\Inesh_wisun\Wisun_Node_App
#        1\Wisun_Node_App\ewarm-iar\obj\library_17211336700577820660.dir\threading.o"
#        "D:\Inesh_wisun\Wisun_Node_App
#        1\Wisun_Node_App\ewarm-iar\obj\Simplicity
#        Configurator_13668623889914588608.dir\uart_hal.o"
#        "D:\Inesh_wisun\Wisun_Node_App
#        1\Wisun_Node_App\ewarm-iar\obj\Simplicity
#        Configurator_13668623889914588608.dir\uart_udp_com.o"
#        "D:\Inesh_wisun\Wisun_Node_App
#        1\Wisun_Node_App\ewarm-iar\obj\library_17211336700577820660.dir\x509.o"
#        "D:\Inesh_wisun\Wisun_Node_App
#        1\Wisun_Node_App\ewarm-iar\obj\library_17211336700577820660.dir\x509_create.o"
#        "D:\Inesh_wisun\Wisun_Node_App
#        1\Wisun_Node_App\ewarm-iar\obj\library_17211336700577820660.dir\x509_crl.o"
#        "D:\Inesh_wisun\Wisun_Node_App
#        1\Wisun_Node_App\ewarm-iar\obj\library_17211336700577820660.dir\x509_crt.o"
#        "D:\Inesh_wisun\Wisun_Node_App
#        1\Wisun_Node_App\ewarm-iar\obj\library_17211336700577820660.dir\x509_csr.o"
#        "D:\Inesh_wisun\Wisun_Node_App
#        1\Wisun_Node_App\ewarm-iar\obj\library_17211336700577820660.dir\x509write.o"
#        "D:\Inesh_wisun\Wisun_Node_App
#        1\Wisun_Node_App\ewarm-iar\obj\library_17211336700577820660.dir\x509write_crt.o"
#        "D:\Inesh_wisun\Wisun_Node_App
#        1\Wisun_Node_App\ewarm-iar\obj\library_17211336700577820660.dir\x509write_csr.o"
#        --no_out_extension -o "D:\Inesh_wisun\Wisun_Node_App
#        1\Wisun_Node_App\ewarm-iar\exe\Wisun_Node_App.out" --map
#        "D:\Inesh_wisun\Wisun_Node_App
#        1\Wisun_Node_App\ewarm-iar\lst\Wisun_Node_App.map" --log
#        initialization,modules,sections,veneers --log_file
#        "D:\Inesh_wisun\Wisun_Node_App
#        1\Wisun_Node_App\ewarm-iar\lst\Wisun_Node_App.log" --config
#        "D:\Inesh_wisun\Wisun_Node_App
#        1\Wisun_Node_App\autogen\linkerfile.icf" --diag_suppress Lp012
#        --advanced_heap --entry __iar_program_start --no_vfe --text_out locale
#        --import_cmse_lib_out "D:\Inesh_wisun\Wisun_Node_App
#        1\Wisun_Node_App\ewarm-iar\exe\Wisun_Node_App_import_lib.o"
#        --cpu=Cortex-M33 --fpu=VFPv5_sp) --dependencies=n
#        "D:\Inesh_wisun\Wisun_Node_App
#        1\Wisun_Node_App\ewarm-iar\exe\Wisun_Node_App.out.iar_deps"
#
###############################################################################

*******************************************************************************
*** RUNTIME MODEL ATTRIBUTES
***

CppFlavor       = *
__CPP_Runtime   = 1
__Heap_Handler  = DLMalloc
__SystemLibrary = DLib
__dlib_version  = 6


*******************************************************************************
*** HEAP SELECTION
***

The advanced heap was selected because of --advanced_heap.


*******************************************************************************
*** PLACEMENT SUMMARY
***

define block application with fixed order { ro section .intvec, ro };
define block text_application_ram_init
   with alignment = 8 { ro code section text_application_ram_init };
"application":
       place at start of [from 0x800'0000 to 0x80f'dfff] {
          block application, block text_application_ram_init };
define block storage with alignment = 8K { section INTERNAL_STORAGE };
define block nvm with alignment = 8K { section SIMEE };
"storage_regions":
       place at end of [from 0x800'0000 to 0x80f'dfff] {
          block storage, block nvm };
define block CSTACK with alignment = 8 { section .stack };
define block HEAP with alignment = 8 { section .heap };
define block application_ram with fixed order { block CSTACK, rw, block HEAP };
"application_ram":
       place in [from 0x2000'0000 to 0x2003'ffff] { block application_ram };
do not initialize { section .noinit, section .stack, section .heap };
initialize by copy { rw };
keep { section .intvec };

No sections matched the following patterns:

  ro code section text_application_ram_init  in block text_application_ram_init
  rw code section text_application_ram       in block text_application_ram
  section INTERNAL_STORAGE                   in block storage


  Section              Kind         Address  Aligment      Size  Object
  -------              ----         -------  --------      ----  ------
"application":                                         0x7'f227
  application                    0x800'0000            0x7'f227  <Block>
    .intvec            const     0x800'0000       512     0x17c  startup_efr32fg28.o [3]
    .rodata            const     0x800'0180         8      0x50  printf.o [26]
    .rodata            const     0x800'01d0         4       0xc  app.o [2]
    .rodata            const     0x800'01dc         4      0x24  app.o [2]
    .rodata            const     0x800'0200         4      0x1c  app.o [2]
    .rodata            const     0x800'021c         4      0x1c  app.o [2]
    .rodata            const     0x800'0238         4      0x28  app.o [2]
    .rodata            const     0x800'0260         4      0x34  app.o [2]
    .rodata            const     0x800'0294         4      0x18  app.o [2]
    .rodata            const     0x800'02ac         4      0x30  app.o [2]
    .rodata            const     0x800'02dc         4      0x20  app_init.o [2]
    .rodata            const     0x800'02fc         4       0x8  app_init.o [2]
    .rodata            const     0x800'0304         4      0x10  app_init.o [2]
    .rodata            const     0x800'0314         4      0x3c  app_init.o [2]
    .rodata            const     0x800'0350         4       0xc  app_init.o [2]
    .rodata            const     0x800'035c         4      0x10  app_init.o [2]
    .rodata            const     0x800'036c         4      0x24  app_init.o [2]
    .rodata            const     0x800'0390         4      0x24  app_init.o [2]
    .rodata            const     0x800'03b4         4      0x10  app_project_info.o [6]
    .rodata            const     0x800'03c4         4      0x38  app_project_info.o [6]
    .rodata            const     0x800'03fc         4      0x14  app_project_info.o [6]
    .rodata            const     0x800'0410         4      0x34  app_project_info.o [6]
    .rodata            const     0x800'0444         4       0x8  app_project_info.o [6]
    .rodata            const     0x800'044c         4       0xc  app_project_info.o [6]
    .rodata            const     0x800'0458         4      0x10  app_project_info.o [6]
    .rodata            const     0x800'0468         4       0x4  app_project_info.o [6]
    .rodata            const     0x800'046c         4       0x8  app_project_info.o [6]
    .rodata            const     0x800'0474         4       0x8  app_project_info.o [6]
    .rodata            const     0x800'047c         4       0x8  app_project_info.o [6]
    .rodata            const     0x800'0484         4       0xc  cipher_wrap.o [19]
    .rodata            const     0x800'0490         4       0xc  cipher_wrap.o [19]
    .rodata            const     0x800'049c         4       0xc  cipher_wrap.o [19]
    .rodata            const     0x800'04a8         4       0xc  cipher_wrap.o [19]
    .rodata            const     0x800'04b4         4       0xc  cipher_wrap.o [19]
    .rodata            const     0x800'04c0         4       0xc  cipher_wrap.o [19]
    .rodata            const     0x800'04cc         4       0xc  cipher_wrap.o [19]
    .rodata            const     0x800'04d8         4       0xc  cipher_wrap.o [19]
    .rodata            const     0x800'04e4         4       0xc  cipher_wrap.o [19]
    .rodata            const     0x800'04f0         4      0x14  cipher_wrap.o [19]
    .rodata            const     0x800'0504         4      0x14  cipher_wrap.o [19]
    .rodata            const     0x800'0518         4      0x14  cipher_wrap.o [19]
    .rodata            const     0x800'052c         4       0xc  cipher_wrap.o [19]
    .rodata            const     0x800'0538         4       0xc  cipher_wrap.o [19]
    .rodata            const     0x800'0544         4       0xc  cipher_wrap.o [19]
    .rodata            const     0x800'0550         4       0xc  cipher_wrap.o [19]
    .rodata            const     0x800'055c         4       0xc  cipher_wrap.o [19]
    .rodata            const     0x800'0568         4       0xc  cipher_wrap.o [19]
    .rodata            const     0x800'0574         4      0x1c  cipher_wrap.o [19]
    .rodata            const     0x800'0590         4       0x8  cipher_wrap.o [19]
    .rodata            const     0x800'0598         4       0x8  cipher_wrap.o [19]
    .rodata            const     0x800'05a0         4       0x8  cipher_wrap.o [19]
    .rodata            const     0x800'05a8         4       0x8  cipher_wrap.o [19]
    .rodata            const     0x800'05b0         4       0x8  cipher_wrap.o [19]
    .rodata            const     0x800'05b8         4       0x8  cipher_wrap.o [19]
    .rodata            const     0x800'05c0         4      0x1c  cipher_wrap.o [19]
    .rodata            const     0x800'05dc         4       0x8  cipher_wrap.o [19]
    .rodata            const     0x800'05e4         4       0x8  cipher_wrap.o [19]
    .rodata            const     0x800'05ec         4       0x8  cipher_wrap.o [19]
    .rodata            const     0x800'05f4         4       0x8  cipher_wrap.o [19]
    .rodata            const     0x800'05fc         4       0x8  cipher_wrap.o [19]
    .rodata            const     0x800'0604         4       0x8  cipher_wrap.o [19]
    .rodata            const     0x800'060c         4      0x1c  cipher_wrap.o [19]
    .rodata            const     0x800'0628         4       0x8  cipher_wrap.o [19]
    .rodata            const     0x800'0630         4       0x8  cipher_wrap.o [19]
    .rodata            const     0x800'0638         4       0x8  cipher_wrap.o [19]
    .rodata            const     0x800'0640         4       0x8  cipher_wrap.o [19]
    .rodata            const     0x800'0648         4       0x8  cipher_wrap.o [19]
    .rodata            const     0x800'0650         4       0x8  cipher_wrap.o [19]
    .rodata            const     0x800'0658         4      0x98  cipher_wrap.o [19]
    .rodata            const     0x800'06f0         4       0xc  cmsis_os2.o [30]
    .rodata            const     0x800'06fc         4       0x8  cmsis_os2.o [30]
    .rodata            const     0x800'0704         4       0xc  cmsis_os2.o [30]
    .rodata            const     0x800'0710         4       0xc  cmsis_os2.o [30]
    .rodata            const     0x800'071c         4       0xc  cmsis_os2.o [30]
    .rodata            const     0x800'0728         4       0xc  cmsis_os2.o [30]
    .rodata            const     0x800'0734         4       0xc  ecp.o [19]
    .rodata            const     0x800'0740         4      0x18  ecp.o [19]
    .rodata            const     0x800'0758         4      0x20  ecp_curves.o [19]
    .rodata            const     0x800'0778         4      0x20  ecp_curves.o [19]
    .rodata            const     0x800'0798         4      0x20  ecp_curves.o [19]
    .rodata            const     0x800'07b8         4      0x20  ecp_curves.o [19]
    .rodata            const     0x800'07d8         4      0x20  ecp_curves.o [19]
    .rodata            const     0x800'07f8         4      0x5c  em_cmu.o [37]
    .rodata            const     0x800'0854         4      0x5c  em_cmu.o [37]
    .rodata            const     0x800'08b0         4      0x5c  em_emu.o [37]
    .rodata            const     0x800'090c         4      0x5c  em_gpio.o [37]
    .rodata            const     0x800'0968         4      0x5c  em_gpio.o [37]
    .rodata            const     0x800'09c4         4      0x5c  em_gpio.o [37]
    .rodata            const     0x800'0a20         4      0x5c  em_msc.o [37]
    .rodata            const     0x800'0a7c         4      0x5c  em_se.o [37]
    .rodata            const     0x800'0ad8         4      0x60  em_usart.o [37]
    .rodata            const     0x800'0b38         4      0x70  lib_mem.o [17]
    .rodata            const     0x800'0ba8         4      0x18  lib_mem.o [17]
    .rodata            const     0x800'0bc0         4      0x18  lib_mem.o [17]
    .rodata            const     0x800'0bd8         4       0x4  md.o [19]
    .rodata            const     0x800'0bdc         4       0x4  md.o [19]
    .rodata            const     0x800'0be0         4       0x4  md.o [19]
    .rodata            const     0x800'0be4         4       0x8  nist_kw.o [19]
    .rodata            const     0x800'0bec         4       0x4  nist_kw.o [19]
    .rodata            const     0x800'0bf0         4      0x1c  nvm3_hal_flash.o [41]
    .rodata            const     0x800'0c0c         4       0x4  nvm3_lock.o [41]
    .rodata            const     0x800'0c10         4       0x4  oid.o [19]
    .rodata            const     0x800'0c14         4      0x18  oid.o [19]
    .rodata            const     0x800'0c2c         4      0x14  oid.o [19]
    .rodata            const     0x800'0c40         4       0x4  oid.o [19]
    .rodata            const     0x800'0c44         4      0x10  oid.o [19]
    .rodata            const     0x800'0c54         4       0xc  oid.o [19]
    .rodata            const     0x800'0c60         4       0x4  oid.o [19]
    .rodata            const     0x800'0c64         4      0x14  oid.o [19]
    .rodata            const     0x800'0c78         4      0x14  oid.o [19]
    .rodata            const     0x800'0c8c         4       0x4  oid.o [19]
    .rodata            const     0x800'0c90         4      0x18  oid.o [19]
    .rodata            const     0x800'0ca8         4      0x14  oid.o [19]
    .rodata            const     0x800'0cbc         4       0xc  oid.o [19]
    .rodata            const     0x800'0cc8         4      0x18  oid.o [19]
    .rodata            const     0x800'0ce0         4      0x1c  oid.o [19]
    .rodata            const     0x800'0cfc         4       0x4  oid.o [19]
    .rodata            const     0x800'0d00         4      0x1c  oid.o [19]
    .rodata            const     0x800'0d1c         4      0x18  oid.o [19]
    .rodata            const     0x800'0d34         4       0x4  oid.o [19]
    .rodata            const     0x800'0d38         4      0x1c  oid.o [19]
    .rodata            const     0x800'0d54         4      0x18  oid.o [19]
    .rodata            const     0x800'0d6c         4       0x4  oid.o [19]
    .rodata            const     0x800'0d70         4      0x20  oid.o [19]
    .rodata            const     0x800'0d90         4      0x1c  oid.o [19]
    .rodata            const     0x800'0dac         4       0x8  oid.o [19]
    .rodata            const     0x800'0db4         4      0x10  oid.o [19]
    .rodata            const     0x800'0dc4         4      0x10  oid.o [19]
    .rodata            const     0x800'0dd4         4       0xc  oid.o [19]
    .rodata            const     0x800'0de0         4      0x14  oid.o [19]
    .rodata            const     0x800'0df4         4      0x14  oid.o [19]
    .rodata            const     0x800'0e08         4       0xc  oid.o [19]
    .rodata            const     0x800'0e14         4      0x14  oid.o [19]
    .rodata            const     0x800'0e28         4      0x14  oid.o [19]
    .rodata            const     0x800'0e3c         4       0xc  oid.o [19]
    .rodata            const     0x800'0e48         4      0x10  oid.o [19]
    .rodata            const     0x800'0e58         4       0x4  oid.o [19]
    .rodata            const     0x800'0e5c         4       0x8  oid.o [19]
    .rodata            const     0x800'0e64         4      0x10  oid.o [19]
    .rodata            const     0x800'0e74         4      0x10  oid.o [19]
    .rodata            const     0x800'0e84         4       0x8  oid.o [19]
    .rodata            const     0x800'0e8c         4       0x8  oid.o [19]
    .rodata            const     0x800'0e94         4      0x10  oid.o [19]
    .rodata            const     0x800'0ea4         4       0xc  oid.o [19]
    .rodata            const     0x800'0eb0         4       0xc  oid.o [19]
    .rodata            const     0x800'0ebc         4      0xb4  oid.o [19]
    .rodata            const     0x800'0f70         4      0x50  oid.o [19]
    .rodata            const     0x800'0fc0         4      0x50  oid.o [19]
    .rodata            const     0x800'1010         4      0x28  oid.o [19]
    .rodata            const     0x800'1038         4      0x14  oid.o [19]
    .rodata            const     0x800'104c         4       0x4  os_cfg_app.o [30]
    .rodata            const     0x800'1050         4       0x8  os_core.o [30]
    .rodata            const     0x800'1058         4      0x14  os_core.o [30]
    .rodata            const     0x800'106c         4      0x14  os_core.o [30]
    .rodata            const     0x800'1080         4      0x6c  os_core.o [30]
    .rodata            const     0x800'10ec         4       0xc  os_core.o [30]
    .rodata            const     0x800'10f8         4      0x10  os_core.o [30]
    .rodata            const     0x800'1108         4       0x8  os_core.o [30]
    .rodata            const     0x800'1110         4      0x10  os_flag.o [30]
    .rodata            const     0x800'1120         4      0x6c  os_flag.o [30]
    .rodata            const     0x800'118c         4       0xc  os_flag.o [30]
    .rodata            const     0x800'1198         4       0xc  os_flag.o [30]
    .rodata            const     0x800'11a4         4      0x10  os_msg.o [30]
    .rodata            const     0x800'11b4         4      0x6c  os_msg.o [30]
    .rodata            const     0x800'1220         4      0x10  os_mutex.o [30]
    .rodata            const     0x800'1230         4      0x6c  os_mutex.o [30]
    .rodata            const     0x800'129c         4       0xc  os_mutex.o [30]
    .rodata            const     0x800'12a8         4       0xc  os_mutex.o [30]
    .rodata            const     0x800'12b4         4       0xc  os_mutex.o [30]
    .rodata            const     0x800'12c0         4       0xc  os_sem.o [30]
    .rodata            const     0x800'12cc         4      0x6c  os_sem.o [30]
    .rodata            const     0x800'1338         4       0xc  os_sem.o [30]
    .rodata            const     0x800'1344         4       0xc  os_sem.o [30]
    .rodata            const     0x800'1350         4       0xc  os_sem.o [30]
    .rodata            const     0x800'135c         4      0x6c  os_task.o [30]
    .rodata            const     0x800'13c8         4      0x10  os_task.o [30]
    .rodata            const     0x800'13d8         4       0xc  os_task.o [30]
    .rodata            const     0x800'13e4         4      0x10  os_task.o [30]
    .rodata            const     0x800'13f4         4       0xc  os_task.o [30]
    .rodata            const     0x800'1400         4      0x6c  os_time.o [30]
    .rodata            const     0x800'146c         4       0xc  os_time.o [30]
    .rodata            const     0x800'1478         4       0xc  pa_conversions_efr32.o [23]
    .rodata            const     0x800'1484         4      0x4c  pa_curves_efr32.o [23]
    .rodata            const     0x800'14d0         4      0x4c  pa_curves_efr32.o [23]
    .rodata            const     0x800'151c         4      0x4c  pa_curves_efr32.o [23]
    .rodata            const     0x800'1568         4      0x4c  pa_curves_efr32.o [23]
    .rodata            const     0x800'15b4         4      0x4c  pa_curves_efr32.o [23]
    .rodata            const     0x800'1600         4      0x30  pa_curves_efr32.o [23]
    .rodata            const     0x800'1630         4      0x18  pem.o [19]
    .rodata            const     0x800'1648         4      0x68  pem.o [19]
    .rodata            const     0x800'16b0         4      0x6c  peripheral_sysrtc.o [43]
    .rodata            const     0x800'171c         4       0x4  pk_wrap.o [19]
    .rodata            const     0x800'1720         4       0x8  pk_wrap.o [19]
    .rodata            const     0x800'1728         4       0x8  pk_wrap.o [19]
    .rodata            const     0x800'1730         4       0x8  pk_wrap.o [19]
    .rodata            const     0x800'1738         4       0x8  pk_wrap.o [19]
    .rodata            const     0x800'1740         4      0x30  pk_wrap.o [19]
    .rodata            const     0x800'1770         4      0x30  pk_wrap.o [19]
    .rodata            const     0x800'17a0         4      0x30  pk_wrap.o [19]
    .rodata            const     0x800'17d0         4      0x30  pk_wrap.o [19]
    .rodata            const     0x800'1800         4      0x30  pk_wrap.o [19]
    .rodata            const     0x800'1830         4      0x6c  pkparse.o [19]
    .rodata            const     0x800'189c         4      0x20  pkparse.o [19]
    .rodata            const     0x800'18bc         4      0x20  pkparse.o [19]
    .rodata            const     0x800'18dc         4      0x1c  pkparse.o [19]
    .rodata            const     0x800'18f8         4      0x1c  pkparse.o [19]
    .rodata            const     0x800'1914         4       0x8  printf.o [26]
    .rodata            const     0x800'191c         4       0x8  printf.o [26]
    .rodata            const     0x800'1924         4       0x8  psa_crypto_storage.o [19]
    .rodata            const     0x800'192c         4      0x10  psa_util.o [19]
    .rodata            const     0x800'193c         4      0x1c  psa_util.o [19]
    .rodata            const     0x800'1958         4      0x1c  psa_util.o [19]
    .rodata            const     0x800'1974         4      0x18  rail_config.o [8]
    .rodata            const     0x800'198c         4       0xc  rail_config.o [8]
    .rodata            const     0x800'1998         4       0xc  rail_config.o [8]
    .rodata            const     0x800'19a4         4      0x24  rail_config.o [8]
    .rodata            const     0x800'19c8         4       0x8  rail_config.o [8]
    .rodata            const     0x800'19d0         4       0x8  rail_config.o [8]
    .rodata            const     0x800'19d8         4      0x50  rail_config.o [8]
    .rodata            const     0x800'1a28         4      0x50  rail_config.o [8]
    .rodata            const     0x800'1a78         4     0x4e4  rail_config.o [8]
    .rodata            const     0x800'1f5c         4     0x4e4  rail_config.o [8]
    .rodata            const     0x800'2440         4      0x24  rail_config.o [8]
    .rodata            const     0x800'2464         4      0x24  rail_config.o [8]
    .rodata            const     0x800'2488         4      0x18  rail_config.o [8]
    .rodata            const     0x800'24a0         4      0x18  rail_config.o [8]
    .rodata            const     0x800'24b8         4       0x8  rail_config.o [8]
    .rodata            const     0x800'24c0         4       0xc  se_aes.o [33]
    .rodata            const     0x800'24cc         4       0xc  se_aes.o [33]
    .rodata            const     0x800'24d8         4       0xc  se_aes.o [33]
    .rodata            const     0x800'24e4         4       0xc  se_aes.o [33]
    .rodata            const     0x800'24f0         4       0xc  se_aes.o [33]
    .rodata            const     0x800'24fc         4       0xc  se_aes.o [33]
    .rodata            const     0x800'2508         4       0xc  se_aes.o [33]
    .rodata            const     0x800'2514         4       0xc  se_aes.o [33]
    .rodata            const     0x800'2520         4       0xc  SEGGER_RTT.o [1]
    .rodata            const     0x800'252c         4      0x14  SEGGER_RTT.o [1]
    .rodata            const     0x800'2540         4       0x8  sl_device_init_dcdc_s2.o [44]
    .rodata            const     0x800'2548         4      0x28  sl_device_init_hfxo_s2.o [44]
    .rodata            const     0x800'2570         4      0x6c  sl_iostream.o [34]
    .rodata            const     0x800'25dc         4      0x7c  sl_iostream_retarget_stdio.o [34]
    .rodata            const     0x800'2658         4      0x88  sl_mbedtls.o [33]
    .rodata            const     0x800'26e0         4      0x84  sl_mbedtls.o [33]
    .rodata            const     0x800'2764         4      0x84  sl_psa_its_nvm3.o [39]
    .rodata            const     0x800'27e8         4      0x14  sl_rail_util_pti.o [27]
    .rodata            const     0x800'27fc         4      0x5c  sl_se_manager.o [32]
    .rodata            const     0x800'2858         4      0x80  sl_se_manager.o [32]
    .rodata            const     0x800'28d8         4       0xc  sl_se_manager_cipher.o [32]
    .rodata            const     0x800'28e4         4       0xc  sl_se_manager_cipher.o [32]
    .rodata            const     0x800'28f0         4       0xc  sl_se_manager_cipher.o [32]
    .rodata            const     0x800'28fc         4       0xc  sl_se_manager_cipher.o [32]
    .rodata            const     0x800'2908         4       0xc  sl_se_manager_cipher.o [32]
    .rodata            const     0x800'2914         4       0xc  sl_se_manager_cipher.o [32]
    .rodata            const     0x800'2920         4       0xc  sl_se_manager_cipher.o [32]
    .rodata            const     0x800'292c         4       0xc  sl_se_manager_cipher.o [32]
    .rodata            const     0x800'2938         4       0xc  sl_se_manager_cipher.o [32]
    .rodata            const     0x800'2944         4       0xc  sl_se_manager_cipher.o [32]
    .rodata            const     0x800'2950         4       0xc  sl_se_manager_cipher.o [32]
    .rodata            const     0x800'295c         4       0xc  sl_se_manager_cipher.o [32]
    .rodata            const     0x800'2968         4       0xc  sl_se_manager_cipher.o [32]
    .rodata            const     0x800'2974         4       0xc  sl_se_manager_cipher.o [32]
    .rodata            const     0x800'2980         4       0xc  sl_se_manager_cipher.o [32]
    .rodata            const     0x800'298c         4       0xc  sl_se_manager_cipher.o [32]
    .rodata            const     0x800'2998         4       0xc  sl_se_manager_cipher.o [32]
    .rodata            const     0x800'29a4         4       0xc  sl_se_manager_cipher.o [32]
    .rodata            const     0x800'29b0         4       0xc  sl_se_manager_cipher.o [32]
    .rodata            const     0x800'29bc         4       0xc  sl_se_manager_cipher.o [32]
    .rodata            const     0x800'29c8         4       0xc  sl_se_manager_cipher.o [32]
    .rodata            const     0x800'29d4         4       0xc  sl_se_manager_cipher.o [32]
    .rodata            const     0x800'29e0         4       0xc  sl_se_manager_entropy.o [32]
    .rodata            const     0x800'29ec         4       0xc  sl_se_manager_entropy.o [32]
    .rodata            const     0x800'29f8         4      0x20  sl_se_manager_hash.o [32]
    .rodata            const     0x800'2a18         4      0x20  sl_se_manager_hash.o [32]
    .rodata            const     0x800'2a38         4      0x20  sl_se_manager_hash.o [32]
    .rodata            const     0x800'2a58         4       0xc  sl_se_manager_hash.o [32]
    .rodata            const     0x800'2a64         4       0xc  sl_se_manager_hash.o [32]
    .rodata            const     0x800'2a70         4       0xc  sl_se_manager_hash.o [32]
    .rodata            const     0x800'2a7c         4       0xc  sl_se_manager_hash.o [32]
    .rodata            const     0x800'2a88         4       0xc  sl_se_manager_hash.o [32]
    .rodata            const     0x800'2a94         4       0xc  sl_se_manager_hash.o [32]
    .rodata            const     0x800'2aa0         4       0xc  sl_se_manager_hash.o [32]
    .rodata            const     0x800'2aac         4       0xc  sl_se_manager_hash.o [32]
    .rodata            const     0x800'2ab8         4       0x8  sl_se_manager_key_handling.o [32]
    .rodata            const     0x800'2ac0         4       0xc  sl_se_manager_key_handling.o [32]
    .rodata            const     0x800'2acc         4       0xc  sl_se_manager_signature.o [32]
    .rodata            const     0x800'2ad8         4       0xc  sl_se_manager_signature.o [32]
    .rodata            const     0x800'2ae4         4       0xc  sl_se_manager_signature.o [32]
    .rodata            const     0x800'2af0         4       0xc  sl_se_manager_signature.o [32]
    .rodata            const     0x800'2afc         4       0xc  sl_se_manager_signature.o [32]
    .rodata            const     0x800'2b08         4       0xc  sl_se_manager_util.o [32]
    .rodata            const     0x800'2b14         4      0x70  sl_sleeptimer.o [36]
    .rodata            const     0x800'2b84         4      0x10  sl_sleeptimer_hal_sysrtc.o [36]
    .rodata            const     0x800'2b94         4      0x60  sl_slist.o [40]
    .rodata            const     0x800'2bf4         4      0x10  sl_wisun_app_core.o [5]
    .rodata            const     0x800'2c04         4      0x14  sl_wisun_app_core.o [5]
    .rodata            const     0x800'2c18         4      0x40  sl_wisun_app_core.o [5]
    .rodata            const     0x800'2c58         4       0x8  sl_wisun_app_core.o [5]
    .rodata            const     0x800'2c60         4      0x20  sl_wisun_app_core.o [5]
    .rodata            const     0x800'2c80         4       0xc  sl_wisun_app_core.o [5]
    .rodata            const     0x800'2c8c         4      0x28  sl_wisun_app_core.o [5]
    .rodata            const     0x800'2cb4         4       0xc  sl_wisun_app_core.o [5]
    .rodata            const     0x800'2cc0         4      0x2c  sl_wisun_app_core.o [5]
    .rodata            const     0x800'2cec         4      0x1c  sl_wisun_app_core.o [5]
    .rodata            const     0x800'2d08         4      0x3c  sl_wisun_app_core.o [5]
    .rodata            const     0x800'2d44         4      0x24  sl_wisun_app_core.o [5]
    .rodata            const     0x800'2d68         4       0xc  sl_wisun_app_core.o [5]
    .rodata            const     0x800'2d74         4      0x40  sl_wisun_app_core.o [5]
    .rodata            const     0x800'2db4         4      0x10  sl_wisun_app_core.o [5]
    .rodata            const     0x800'2dc4         4      0x40  sl_wisun_app_core.o [5]
    .rodata            const     0x800'2e04         4      0x28  sl_wisun_app_core.o [5]
    .rodata            const     0x800'2e2c         4      0x2c  sl_wisun_app_core.o [5]
    .rodata            const     0x800'2e58         4      0x3c  sl_wisun_app_core.o [5]
    .rodata            const     0x800'2e94         4      0x18  sl_wisun_app_core.o [5]
    .rodata            const     0x800'2eac         4      0x38  sl_wisun_app_core.o [5]
    .rodata            const     0x800'2ee4         4      0x40  sl_wisun_app_core.o [5]
    .rodata            const     0x800'2f24         4      0x14  sl_wisun_app_core.o [5]
    .rodata            const     0x800'2f38         4      0x70  sl_wisun_app_core.o [5]
    .rodata            const     0x800'2fa8         4      0x18  sl_wisun_app_core.o [5]
    .rodata            const     0x800'2fc0         4      0x30  sl_wisun_app_core.o [5]
    .rodata            const     0x800'2ff0         4      0x24  sl_wisun_app_core.o [5]
    .rodata            const     0x800'3014         4      0x2c  sl_wisun_app_core.o [5]
    .rodata            const     0x800'3040         4      0x18  sl_wisun_app_core.o [5]
    .rodata            const     0x800'3058         4      0x1c  sl_wisun_app_core.o [5]
    .rodata            const     0x800'3074         4      0x2c  sl_wisun_app_core.o [5]
    .rodata            const     0x800'30a0         4      0x2c  sl_wisun_app_core.o [5]
    .rodata            const     0x800'30cc         4      0x28  sl_wisun_app_core.o [5]
    .rodata            const     0x800'30f4         4      0x30  sl_wisun_app_core.o [5]
    .rodata            const     0x800'3124         4      0x38  sl_wisun_app_core.o [5]
    .rodata            const     0x800'315c         4      0x38  sl_wisun_app_core.o [5]
    .rodata            const     0x800'3194         4      0x38  sl_wisun_app_core.o [5]
    .rodata            const     0x800'31cc         4      0x34  sl_wisun_app_core.o [5]
    .rodata            const     0x800'3200         4      0x28  sl_wisun_app_core.o [5]
    .rodata            const     0x800'3228         4      0x20  sl_wisun_app_core.o [5]
    .rodata            const     0x800'3248         4      0x10  sl_wisun_app_core.o [5]
    .rodata            const     0x800'3258         4      0x10  sl_wisun_app_core.o [5]
    .rodata            const     0x800'3268         4       0xc  sl_wisun_app_core.o [5]
    .rodata            const     0x800'3274         4      0x10  sl_wisun_app_core.o [5]
    .rodata            const     0x800'3284         4      0x10  sl_wisun_app_core.o [5]
    .rodata            const     0x800'3294         4      0x14  sl_wisun_app_core.o [5]
    .rodata            const     0x800'32a8         4      0x10  sl_wisun_app_core.o [5]
    .rodata            const     0x800'32b8         4      0x10  sl_wisun_app_core.o [5]
    .rodata            const     0x800'32c8         4       0x8  sl_wisun_app_core_util.o [5]
    .rodata            const     0x800'32d0         4      0x18  sl_wisun_app_core_util.o [5]
    .rodata            const     0x800'32e8         4      0x18  sl_wisun_app_setting.o [7]
    .rodata            const     0x800'3300         4      0x18  sl_wisun_app_setting.o [7]
    .rodata            const     0x800'3318         4      0x1c  sl_wisun_app_setting.o [7]
    .rodata            const     0x800'3334         4      0x78  sl_wisun_app_setting.o [7]
    .rodata            const     0x800'33ac         4      0x20  sl_wisun_app_setting.o [7]
    .rodata            const     0x800'33cc         4      0x3c  sl_wisun_app_setting.o [7]
    .rodata            const     0x800'3408         4      0x30  sl_wisun_app_setting.o [7]
    .rodata            const     0x800'3438         4      0x10  sl_wisun_app_setting.o [7]
    .rodata            const     0x800'3448         4      0x10  sl_wisun_app_setting.o [7]
    .rodata            const     0x800'3458         4      0x38  sl_wisun_app_setting.o [7]
    .rodata            const     0x800'3490         4       0xc  sl_wisun_app_setting.o [7]
    .rodata            const     0x800'349c         4      0x20  sl_wisun_config.o [8]
    .rodata            const     0x800'34bc         4      0xf8  sl_wisun_config.o [8]
    .rodata            const     0x800'35b4         4     0x2b4  sl_wisun_config.o [8]
    .rodata            const     0x800'3868         4     0x280  sl_wisun_config.o [8]
    .rodata            const     0x800'3ae8         4      0x18  sl_wisun_event_mgr.o [12]
    .rodata            const     0x800'3b00         4      0x20  sl_wisun_event_mgr.o [12]
    .rodata            const     0x800'3b20         4      0x78  sl_wisun_event_mgr.o [12]
    .rodata            const     0x800'3b98         4      0x18  sl_wisun_event_mgr.o [12]
    .rodata            const     0x800'3bb0         4      0x40  sl_wisun_event_mgr.o [12]
    .rodata            const     0x800'3bf0         4      0x34  sl_wisun_event_mgr.o [12]
    .rodata            const     0x800'3c24         4      0x10  sl_wisun_event_mgr.o [12]
    .rodata            const     0x800'3c34         4      0x10  sl_wisun_trace_util.o [45]
    .rodata            const     0x800'3c44         4       0xc  sl_wisun_trace_util.o [45]
    .rodata            const     0x800'3c50         4      0x10  sl_wisun_trace_util.o [45]
    .rodata            const     0x800'3c60         4      0x14  sl_wisun_trace_util.o [45]
    .rodata            const     0x800'3c74         4      0x14  sl_wisun_trace_util.o [45]
    .rodata            const     0x800'3c88         4       0xc  sl_wisun_trace_util.o [45]
    .rodata            const     0x800'3c94         4      0x14  sl_wisun_trace_util.o [45]
    .rodata            const     0x800'3ca8         4       0xc  sl_wisun_trace_util.o [45]
    .rodata            const     0x800'3cb4         4      0x70  sl_wisun_trace_util.o [45]
    .rodata            const     0x800'3d24         4      0x70  sl_wisun_trace_util.o [45]
    .rodata            const     0x800'3d94         4      0x70  sl_wisun_trace_util.o [45]
    .rodata            const     0x800'3e04         4      0x70  sl_wisun_trace_util.o [45]
    .rodata            const     0x800'3e74         4      0x38  sl_wisun_trace_util.o [45]
    .rodata            const     0x800'3eac         4      0x10  sl_wisun_trace_util.o [45]
    .rodata            const     0x800'3ebc         4      0x20  sli_se_driver_key_management.o [39]
    .rodata            const     0x800'3edc         4      0x20  sli_se_driver_key_management.o [39]
    .rodata            const     0x800'3efc         4      0x20  sli_se_driver_key_management.o [39]
    .rodata            const     0x800'3f1c         4      0x20  sli_se_driver_key_management.o [39]
    .rodata            const     0x800'3f3c         4      0x20  sli_se_driver_key_management.o [39]
    .rodata            const     0x800'3f5c         4      0x20  sli_se_driver_key_management.o [39]
    .rodata            const     0x800'3f7c         4      0x20  sli_se_driver_key_management.o [39]
    .rodata            const     0x800'3f9c         4      0x20  sli_se_driver_key_management.o [39]
    .rodata            const     0x800'3fbc         4      0x20  sli_se_driver_key_management.o [39]
    .rodata            const     0x800'3fdc         4      0x28  ssl_ciphersuites.o [19]
    .rodata            const     0x800'4004         4      0x28  ssl_ciphersuites.o [19]
    .rodata            const     0x800'402c         4      0x28  ssl_ciphersuites.o [19]
    .rodata            const     0x800'4054         4      0x24  ssl_ciphersuites.o [19]
    .rodata            const     0x800'4078         4      0x24  ssl_ciphersuites.o [19]
    .rodata            const     0x800'409c         4      0x24  ssl_ciphersuites.o [19]
    .rodata            const     0x800'40c0         4      0x24  ssl_ciphersuites.o [19]
    .rodata            const     0x800'40e4         4       0x8  ssl_ciphersuites.o [19]
    .rodata            const     0x800'40ec         4      0x80  ssl_ciphersuites.o [19]
    .rodata            const     0x800'416c         4       0xc  ssl_tls.o [19]
    .rodata            const     0x800'4178         4       0xc  ssl_tls.o [19]
    .rodata            const     0x800'4184         4      0x10  ssl_tls.o [19]
    .rodata            const     0x800'4194         4      0x10  ssl_tls.o [19]
    .rodata            const     0x800'41a4         4      0x10  ssl_tls.o [19]
    .rodata            const     0x800'41b4         4      0x10  ssl_tls.o [19]
    .rodata            const     0x800'41c4         4       0xc  ssl_tls.o [19]
    .rodata            const     0x800'41d0         4       0xc  ssl_tls.o [19]
    .rodata            const     0x800'41dc         4      0x1c  uart_hal.o [2]
    .rodata            const     0x800'41f8         4      0x20  uart_udp_com.o [2]
    .rodata            const     0x800'4218         4      0x18  uart_udp_com.o [2]
    .rodata            const     0x800'4230         4      0x28  uart_udp_com.o [2]
    .rodata            const     0x800'4258         4      0x20  uart_udp_com.o [2]
    .rodata            const     0x800'4278         4      0x20  uart_udp_com.o [2]
    .rodata            const     0x800'4298         4      0x38  uart_udp_com.o [2]
    .rodata            const     0x800'42d0         4      0x68  x509.o [19]
    .rodata            const     0x800'4338         4       0xc  x509.o [19]
    .rodata            const     0x800'4344         4      0x6c  x509_crt.o [19]
    .rodata            const     0x800'43b0         4       0x8  x509_crt.o [19]
    .rodata            const     0x800'43b8         4      0x1c  x509_crt.o [19]
    .rodata            const     0x800'43d4         4      0x1c  x509_crt.o [19]
    .rodata            const     0x800'43f0         4       0x8  x509_crt.o [19]
    .rodata            const     0x800'43f8         4      0x10  x509_crt.o [19]
    .rodata            const     0x800'4408         4      0x10  x509_crt.o [19]
    .rodata            const     0x800'4418         4      0x50  rail_singleprotocol.o [48]
    .rodata            const     0x800'4468         4      0x24  socket.o [49]
    .rodata            const     0x800'448c         4      0x28  socket.o [49]
    .rodata            const     0x800'44b4         4      0x10  socket.o [49]
    .rodata            const     0x800'44c4         4       0x8  sl_wisun_api.o [49]
    .rodata            const     0x800'44cc         4       0xc  rail_rf.o [48]
    .rodata            const     0x800'44d8         4      0x2c  rfhal_radio.o [48]
    .rodata            const     0x800'4504         4      0x1c  sli_wisun_task.o [49]
    .rodata            const     0x800'4520         4      0x1c  sli_wisun_task.o [49]
    .rodata            const     0x800'453c         4      0x14  sli_wisun_task.o [49]
    .rodata            const     0x800'4550         4      0x10  sli_wisun_task.o [49]
    .rodata            const     0x800'4560         4     0x290  sli_wisun_task.o [49]
    .rodata            const     0x800'47f0         4      0x70  sli_wisun_task.o [49]
    .rodata            const     0x800'4860         4       0xc  sli_wisun_task.o [49]
    .rodata            const     0x800'486c         4      0x14  sli_wisun_task.o [49]
    .rodata            const     0x800'4880         4      0x14  sli_wisun_task.o [49]
    .rodata            const     0x800'4894         4      0x20  sli_wisun_task.o [49]
    .rodata            const     0x800'48b4         4      0x2c  sli_wisun_task.o [49]
    .rodata            const     0x800'48e0         4       0x4  rfhal_bufc.o [48]
    .rodata            const     0x800'48e4         4       0x4  rfhal_standard_phys.o [48]
    .rodata            const     0x800'48e8         4       0x4  rfhal_standard_phys.o [48]
    .rodata            const     0x800'48ec         4    0x39a8  generic_efr32xg28_release_seq.o [48]
    .rodata            const     0x800'8294         4     0x654  generic_efr32xg28_release_seq.o [48]
    .rodata            const     0x800'88e8         4       0x4  generic_efr32xg28_release_seq.o [48]
    .rodata            const     0x800'88ec         4      0x18  generic_efr32xg28_release_seq.o [48]
    .rodata            const     0x800'8904         4      0x18  generic_efr32xg28_release_seq.o [48]
    .rodata            const     0x800'891c         4      0x18  generic_efr32xg28_release_seq.o [48]
    .rodata            const     0x800'8934         4      0x18  generic_efr32xg28_release_seq.o [48]
    .rodata            const     0x800'894c         4      0x18  generic_efr32xg28_release_seq.o [48]
    .rodata            const     0x800'8964         4     0x1cc  sli_wisun_timer_service.o [49]
    .rodata            const     0x800'8b30         4      0x10  sli_wisun_timer_service.o [49]
    .rodata            const     0x800'8b40         4      0x24  sli_wisun_timer_service.o [49]
    .rodata            const     0x800'8b64         4      0x24  sli_wisun_timer_service.o [49]
    .rodata            const     0x800'8b88         4      0x68  dhcpv6.o [49]
    .rodata            const     0x800'8bf0         4      0x28  net_dns.o [49]
    .rodata            const     0x800'8c18         4      0x24  net_dns.o [49]
    .rodata            const     0x800'8c3c         4      0x30  etx.o [49]
    .rodata            const     0x800'8c6c         4      0x88  etx.o [49]
    .rodata            const     0x800'8cf4         4      0xc4  icmpv6.o [49]
    .rodata            const     0x800'8db8         4     0x208  icmpv6.o [49]
    .rodata            const     0x800'8fc0         4      0x28  icmpv6.o [49]
    .rodata            const     0x800'8fe8         4      0x64  icmpv6.o [49]
    .rodata            const     0x800'904c         4      0xf8  ipv6.o [49]
    .rodata            const     0x800'9144         4      0xf4  ipv6.o [49]
    .rodata            const     0x800'9238         4      0x84  ipv6.o [49]
    .rodata            const     0x800'92bc         4     0x104  ipv6.o [49]
    .rodata            const     0x800'93c0         4      0x28  ipv6.o [49]
    .rodata            const     0x800'93e8         4      0x3c  adaptation_interface.o [49]
    .rodata            const     0x800'9424         4      0xac  adaptation_interface.o [49]
    .rodata            const     0x800'94d0         4      0x58  adaptation_interface.o [49]
    .rodata            const     0x800'9528         4      0x34  mpl.o [49]
    .rodata            const     0x800'955c         4      0x24  ns_address_internal.o [49]
    .rodata            const     0x800'9580         4      0x10  ns_address_internal.o [49]
    .rodata            const     0x800'9590         4      0x10  ns_address_internal.o [49]
    .rodata            const     0x800'95a0         4      0xc0  sw_mac.o [49]
    .rodata            const     0x800'9660         4      0x40  sw_mac.o [49]
    .rodata            const     0x800'96a0         4      0x3c  sw_mac.o [49]
    .rodata            const     0x800'96dc         4      0x28  protocol_core.o [49]
    .rodata            const     0x800'9704         4      0x30  protocol_core.o [49]
    .rodata            const     0x800'9734         4      0x28  protocol_core.o [49]
    .rodata            const     0x800'975c         4      0x70  rpl_downward.o [49]
    .rodata            const     0x800'97cc         4      0x54  rpl_downward.o [49]
    .rodata            const     0x800'9820         4      0xb4  rpl_downward.o [49]
    .rodata            const     0x800'98d4         4      0x5c  rpl_downward.o [49]
    .rodata            const     0x800'9930         4      0x24  rpl_downward.o [49]
    .rodata            const     0x800'9954         4      0x24  rpl_upward.o [49]
    .rodata            const     0x800'9978         4      0x6c  rpl_upward.o [49]
    .rodata            const     0x800'99e4         4      0x4c  rpl_upward.o [49]
    .rodata            const     0x800'9a30         4      0x80  rpl_upward.o [49]
    .rodata            const     0x800'9ab0         4      0x7c  rpl_upward.o [49]
    .rodata            const     0x800'9b2c         4      0x24  rpl_upward.o [49]
    .rodata            const     0x800'9b50         4      0x30  sec_prot_lib.o [49]
    .rodata            const     0x800'9b80         4      0x2c  sec_prot_lib.o [49]
    .rodata            const     0x800'9bac         4     0x7a4  sli_wisun_driver.o [49]
    .rodata            const     0x800'a350         4      0x58  sli_wisun_driver.o [49]
    .rodata            const     0x800'a3a8         4      0xb4  sli_wisun_driver.o [49]
    .rodata            const     0x800'a45c         4      0x10  sli_wisun_driver.o [49]
    .rodata            const     0x800'a46c         4      0x18  sli_wisun_driver.o [49]
    .rodata            const     0x800'a484         4      0x60  sli_wisun_driver.o [49]
    .rodata            const     0x800'a4e4         4      0x30  sli_wisun_driver.o [49]
    .rodata            const     0x800'a514         4      0x50  sli_wisun_driver.o [49]
    .rodata            const     0x800'a564         4      0x50  sli_wisun_driver.o [49]
    .rodata            const     0x800'a5b4         4      0x28  sli_wisun_driver.o [49]
    .rodata            const     0x800'a5dc         4      0xa4  sli_wisun_driver.o [49]
    .rodata            const     0x800'a680         4      0x50  sli_wisun_driver.o [49]
    .rodata            const     0x800'a6d0         4      0x5c  sl_wisun_debug.o [49]
    .rodata            const     0x800'a72c         4      0x18  sl_wisun_debug.o [49]
    .rodata            const     0x800'a744         4      0xb0  sli_wisun_crypto.o [49]
    .rodata            const     0x800'a7f4         4      0x50  sli_wisun_crypto.o [49]
    .rodata            const     0x800'a844         4      0xd4  sli_wisun_crypto.o [49]
    .rodata            const     0x800'a918         4      0x18  sli_wisun_task_network.o [49]
    .rodata            const     0x800'a930         4      0x24  sli_wisun_task_network.o [49]
    .rodata            const     0x800'a954         4      0x1c  sli_wisun_task_network.o [49]
    .rodata            const     0x800'a970         4      0x24  sli_wisun_task_network.o [49]
    .rodata            const     0x800'a994         4      0x24  sli_wisun_task_network.o [49]
    .rodata            const     0x800'a9b8         4      0x24  sli_wisun_task_network.o [49]
    .rodata            const     0x800'a9dc         4      0x1c  sli_wisun_task_network.o [49]
    .rodata            const     0x800'a9f8         4      0x1c  sli_wisun_task_network.o [49]
    .rodata            const     0x800'aa14         4      0x20  sli_wisun_task_network.o [49]
    .rodata            const     0x800'aa34         4      0x1c  sli_wisun_task_network.o [49]
    .rodata            const     0x800'aa50         4      0x20  sli_wisun_task_network.o [49]
    .rodata            const     0x800'aa70         4      0x20  sli_wisun_task_network.o [49]
    .rodata            const     0x800'aa90         4      0xa8  sli_wisun_task_network.o [49]
    .rodata            const     0x800'ab38         4      0x54  sli_wisun_task_network.o [49]
    .rodata            const     0x800'ab8c         4     0x270  sli_wisun_task_network.o [49]
    .rodata            const     0x800'adfc         4      0x4c  sli_wisun_task_network.o [49]
    .rodata            const     0x800'ae48         4      0x44  sli_wisun_task_network.o [49]
    .rodata            const     0x800'ae8c         4      0x60  sli_wisun_task_network.o [49]
    .rodata            const     0x800'aeec         4      0xac  sli_wisun_task_network.o [49]
    .rodata            const     0x800'af98         4      0x60  sli_wisun_task_network.o [49]
    .rodata            const     0x800'aff8         4       0xc  sli_wisun_task_socket.o [49]
    .rodata            const     0x800'b004         4      0x14  sli_wisun_task_socket.o [49]
    .rodata            const     0x800'b018         4      0x14  sli_wisun_task_socket.o [49]
    .rodata            const     0x800'b02c         4      0x1c  sli_wisun_task_socket.o [49]
    .rodata            const     0x800'b048         4      0x1c  sli_wisun_task_socket.o [49]
    .rodata            const     0x800'b064         4      0x10  sli_wisun_task_socket.o [49]
    .rodata            const     0x800'b074         4      0x18  sli_wisun_task_socket.o [49]
    .rodata            const     0x800'b08c         4      0x18  sli_wisun_task_socket.o [49]
    .rodata            const     0x800'b0a4         4      0x10  sli_wisun_task_socket.o [49]
    .rodata            const     0x800'b0b4         4      0x10  sli_wisun_task_socket.o [49]
    .rodata            const     0x800'b0c4         4      0x10  sli_wisun_task_socket.o [49]
    .rodata            const     0x800'b0d4         4      0x1c  sli_wisun_task_socket.o [49]
    .rodata            const     0x800'b0f0         4      0x84  sli_wisun_task_socket.o [49]
    .rodata            const     0x800'b174         4      0x7c  sli_wisun_task_socket.o [49]
    .rodata            const     0x800'b1f0         4      0x48  sli_wisun_task_socket.o [49]
    .rodata            const     0x800'b238         4      0xac  sli_wisun_task_socket.o [49]
    .rodata            const     0x800'b2e4         4     0x1cc  sli_wisun_task_socket.o [49]
    .rodata            const     0x800'b4b0         4     0x6c4  sli_wisun_task_socket.o [49]
    .rodata            const     0x800'bb74         4      0x4c  sli_wisun_task_socket.o [49]
    .rodata            const     0x800'bbc0         4      0xac  sli_wisun_task_socket.o [49]
    .rodata            const     0x800'bc6c         4      0x48  sli_wisun_task_socket.o [49]
    .rodata            const     0x800'bcb4         4      0x98  sli_wisun_task_socket.o [49]
    .rodata            const     0x800'bd4c         4      0x8c  sli_wisun_task_socket.o [49]
    .rodata            const     0x800'bdd8         4      0x4c  sli_wisun_task_socket.o [49]
    .rodata            const     0x800'be24         4      0x74  sli_wisun_nvm.o [49]
    .rodata            const     0x800'be98         4      0x24  sli_wisun_nvm.o [49]
[...]
ws_pae_nvm_store_nw_info_tlv_create
                         0x806'a9b9     0x15a  Code  Gb  ws_pae_nvm_data.o [49]
ws_pae_nvm_store_nw_info_tlv_read
                         0x806'ab57     0x1de  Code  Gb  ws_pae_nvm_data.o [49]
ws_pae_store_timer_cb    0x807'4911      0x1a  Code  Lc  ws_pae_lib.o [49]
ws_pae_supp_address_set
                         0x806'959d      0x2c  Code  Lc  ws_pae_supp.o [49]
ws_pae_supp_authenticate
                         0x806'95c9     0x108  Code  Gb  ws_pae_supp.o [49]
ws_pae_supp_authenticate_response
                         0x806'99a1      0x34  Code  Lc  ws_pae_supp.o [49]
ws_pae_supp_authentication_ongoing
                         0x806'a09f      0x2e  Code  Lc  ws_pae_supp.o [49]
ws_pae_supp_border_router_addr_read
                         0x806'96f9      0x32  Code  Gb  ws_pae_supp.o [49]
ws_pae_supp_border_router_addr_write
                         0x806'96d1      0x28  Code  Gb  ws_pae_supp.o [49]
ws_pae_supp_by_kmp_service_get
                         0x806'9fe5      0x14  Code  Lc  ws_pae_supp.o [49]
ws_pae_supp_cb_register
                         0x806'9cef      0x22  Code  Gb  ws_pae_supp.o [49]
ws_pae_supp_check_authentication
                         0x806'a569      0x1e  Code  Gb  ws_pae_supp.o [49]
ws_pae_supp_delete       0x806'9f5b      0x14  Code  Gb  ws_pae_supp.o [49]
ws_pae_supp_eapol_pdu_address_check
                         0x806'a161      0x40  Code  Lc  ws_pae_supp.o [49]
ws_pae_supp_eapol_target_remove
                         0x806'9951      0x14  Code  Gb  ws_pae_supp.o [49]
ws_pae_supp_event_send   0x806'9ff9      0x34  Code  Lc  ws_pae_supp.o [49]
ws_pae_supp_free         0x806'9f75      0x54  Code  Lc  ws_pae_supp.o [49]
ws_pae_supp_get          0x806'9fd1      0x14  Code  Lc  ws_pae_supp.o [49]
ws_pae_supp_gtk_hash_mismatch_check
                         0x806'9771      0x32  Code  Lc  ws_pae_supp.o [49]
ws_pae_supp_gtk_hash_update
                         0x806'97bd      0xfa  Code  Gb  ws_pae_supp.o [49]
ws_pae_supp_gtks_set     0x806'9931      0x20  Code  Gb  ws_pae_supp.o [49]
ws_pae_supp_init         0x806'9d85     0x1d6  Code  Gb  ws_pae_supp.o [49]
ws_pae_supp_initial_key_retry_timer_cb
                         0x806'9d73      0x12  Code  Lc  ws_pae_supp.o [49]
ws_pae_supp_initial_key_send
                         0x806'99d5      0x90  Code  Lc  ws_pae_supp.o [49]
ws_pae_supp_initial_key_timer_cb
                         0x806'9d11      0x62  Code  Lc  ws_pae_supp.o [49]
ws_pae_supp_initial_key_update_trickle_timer_start
                         0x806'a0cd      0x38  Code  Lc  ws_pae_supp.o [49]
ws_pae_supp_key_expired
                         0x806'9b4d     0x114  Code  Lc  ws_pae_supp.o [49]
ws_pae_supp_kmp_api_create_confirm
                         0x806'a3dd      0x22  Code  Lc  ws_pae_supp.o [49]
ws_pae_supp_kmp_api_create_indication
                         0x806'a401      0x36  Code  Lc  ws_pae_supp.o [49]
ws_pae_supp_kmp_api_finished
                         0x806'a535      0x1c  Code  Lc  ws_pae_supp.o [49]
ws_pae_supp_kmp_api_finished_indication
                         0x806'a439      0xd0  Code  Lc  ws_pae_supp.o [49]
ws_pae_supp_kmp_create_and_start
                         0x806'a363      0x6e  Code  Lc  ws_pae_supp.o [49]
ws_pae_supp_kmp_incoming_ind
                         0x806'a2c1      0x8a  Code  Lc  ws_pae_supp.o [49]
ws_pae_supp_kmp_service_addr_get
                         0x806'a209      0x72  Code  Lc  ws_pae_supp.o [49]
ws_pae_supp_kmp_service_api_get
                         0x806'a27d      0x18  Code  Lc  ws_pae_supp.o [49]
ws_pae_supp_kmp_service_network_name_get
                         0x806'a295      0x2c  Code  Lc  ws_pae_supp.o [49]
ws_pae_supp_kmp_tx_status_ind
                         0x806'a551      0x18  Code  Lc  ws_pae_supp.o [49]
ws_pae_supp_nvm_update   0x806'9965      0x3c  Code  Lc  ws_pae_supp.o [49]
ws_pae_supp_nw_info_set
                         0x806'9c6f      0x80  Code  Gb  ws_pae_supp.o [49]
ws_pae_supp_nw_key_index_update
                         0x806'98f1      0x40  Code  Gb  ws_pae_supp.o [49]
ws_pae_supp_nw_key_valid
                         0x806'972d      0x22  Code  Gb  ws_pae_supp.o [49]
ws_pae_supp_nw_keys_valid_check
                         0x806'9a71      0xd2  Code  Lc  ws_pae_supp.o [49]
ws_pae_supp_parent_eui_64_get
                         0x806'a1a1      0x66  Code  Lc  ws_pae_supp.o [49]
ws_pae_supp_tasklet_handler
                         0x806'a02d      0x68  Code  Lc  ws_pae_supp.o [49]
ws_pae_supp_timer_cb     0x807'48f3       0x2  Code  Lc  ws_pae_lib.o [49]
ws_pae_supp_timer_if_start
                         0x806'a105      0x30  Code  Lc  ws_pae_supp.o [49]
ws_pae_supp_timer_if_stop
                         0x806'a13d      0x24  Code  Lc  ws_pae_supp.o [49]
ws_pae_supp_timers_calculate
                         0x806'a8f1      0x50  Code  Lc  ws_pae_timers.o [49]
ws_pae_supp_timers_settings_init
                         0x806'a8a5      0x3c  Code  Gb  ws_pae_timers.o [49]
ws_pae_time_diff_calc    0x806'a7c1      0x30  Code  Gb  ws_pae_time.o [49]
ws_pae_time_from_short_convert
                         0x806'a743      0x28  Code  Gb  ws_pae_time.o [49]
ws_pae_time_from_short_time_compare
                         0x806'a76b      0x56  Code  Gb  ws_pae_time.o [49]
ws_pae_time_init         0x806'a6d5      0x2c  Code  Gb  ws_pae_time.o [49]
ws_pae_time_stop         0x806'a847      0x10  Code  Gb  ws_pae_time.o [49]
ws_pae_time_to_short_convert
                         0x806'a701      0x42  Code  Gb  ws_pae_time.o [49]
ws_pae_time_update_cb    0x806'a6d1       0x2  Code  Gb  ws_pae_time.o [49]
ws_pae_waiting_timer_cb
                         0x807'48f5      0x1c  Code  Lc  ws_pae_lib.o [49]
ws_randomize_fixed_channel
                         0x803'c277      0x2e  Code  Gb  ws_bootstrap.o [49]
ws_regdb_chan_params     0x805'4b27      0x66  Code  Gb  ws_regdb.o [49]
ws_regdb_chan_spacing_id
                         0x805'4b8d      0x20  Code  Gb  ws_regdb.o [49]
ws_regdb_phy_params_from_id
                         0x805'4b07      0x20  Code  Gb  ws_regdb.o [49]
ws_regdb_phy_params_from_mode
                         0x805'4ae5      0x22  Code  Gb  ws_regdb.o [49]
ws_regulation_deinit     0x805'8da3      0x18  Code  Gb  ws_regulation.o [49]
ws_regulation_deinit_none
                         0x807'ead5       0x4  Code  Gb  ws_regulation_none.o [49]
ws_regulation_deinit_wpc
                         0x807'e725       0x4  Code  Gb  ws_regulation_wpc.o [49]
ws_regulation_disable_channels_in_range
                         0x807'e7bd      0x2e  Code  Lc  ws_regulation_arib.o [49]
ws_regulation_init       0x805'8d79      0x2a  Code  Gb  ws_regulation.o [49]
ws_regulation_init_arib
                         0x807'e77d      0x3a  Code  Gb  ws_regulation_arib.o [49]
ws_regulation_init_none
                         0x807'eab9       0x4  Code  Gb  ws_regulation_none.o [49]
ws_regulation_init_wpc   0x807'e6fd      0x22  Code  Gb  ws_regulation_wpc.o [49]
ws_regulation_set        0x805'8dbb      0x1e  Code  Gb  ws_regulation.o [49]
ws_regulation_update_channel_mask
                         0x805'8dd9      0x18  Code  Gb  ws_regulation.o [49]
ws_regulation_update_channel_mask_arib
                         0x807'e7eb      0x4a  Code  Gb  ws_regulation_arib.o [49]
ws_regulation_update_channel_mask_none
                         0x807'eabd       0x4  Code  Gb  ws_regulation_none.o [49]
ws_regulation_update_tx_power
                         0x805'8df1      0x16  Code  Gb  ws_regulation.o [49]
ws_regulation_update_tx_power_none
                         0x807'eac1      0x14  Code  Gb  ws_regulation_none.o [49]
ws_regulation_update_tx_power_wpc
                         0x807'e729      0x52  Code  Gb  ws_regulation_wpc.o [49]
ws_regulations           0x800'fbe8      0x3c  Data  Lc  ws_regulation.o [49]
ws_rpl_new_parent_callback
                         0x803'e2fd     0x10c  Code  Lc  ws_bootstrap.o [49]
ws_rpl_parent_dis_callback
                         0x803'e0cb      0x1a  Code  Lc  ws_bootstrap.o [49]
ws_rpl_prefix_callback   0x803'e265      0x8e  Code  Lc  ws_bootstrap.o [49]
ws_set_asynch_channel_list
                         0x803'eadd      0x62  Code  Lc  ws_bootstrap.o [49]
ws_stack_info_get        0x803'a571      0x1a  Code  Gb  ws_management_api.o [49]
ws_statistics_reset      0x803'9edd      0x2e  Code  Gb  ws_stats.o [49]
ws_statistics_start      0x803'9ec1      0x1c  Code  Gb  ws_stats.o [49]
ws_stats_update          0x803'9f0d     0x130  Code  Gb  ws_stats.o [49]
ws_wh_bt_read            0x806'035f      0x2e  Code  Gb  ws_ie_lib.o [49]
ws_wh_bt_write           0x806'00a3      0x16  Code  Gb  ws_ie_lib.o [49]
ws_wh_ea_read            0x806'03df      0x22  Code  Gb  ws_ie_lib.o [49]
ws_wh_ea_write           0x806'00e3      0x18  Code  Gb  ws_ie_lib.o [49]
ws_wh_fc_read            0x806'038d      0x22  Code  Gb  ws_ie_lib.o [49]
ws_wh_fc_write           0x806'00b9      0x18  Code  Gb  ws_ie_lib.o [49]
ws_wh_header_base_write
                         0x806'000d      0x10  Code  Gb  ws_ie_lib.o [49]
ws_wh_headers_length     0x805'b181      0xc4  Code  Lc  ws_llc_data_service.o [49]
ws_wh_pan_wide_ie_write
                         0x806'010b      0x30  Code  Gb  ws_ie_lib.o [49]
ws_wh_rsl_read           0x806'03b5      0x20  Code  Gb  ws_ie_lib.o [49]
ws_wh_rsl_write          0x806'00d1       0xc  Code  Gb  ws_ie_lib.o [49]
ws_wh_utt_read           0x806'0339      0x26  Code  Gb  ws_ie_lib.o [49]
ws_wh_utt_write          0x806'0085      0x1e  Code  Gb  ws_ie_lib.o [49]
ws_wh_vh_write           0x806'00fb      0x10  Code  Gb  ws_ie_lib.o [49]
ws_wp_base_write         0x806'013b       0x8  Code  Gb  ws_ie_lib.o [49]
ws_wp_nested_bs_read     0x806'0595     0x166  Code  Gb  ws_ie_lib.o [49]
ws_wp_nested_gtkhash_read
                         0x806'07b5      0x16  Code  Gb  ws_ie_lib.o [49]
ws_wp_nested_gtkhash_write
                         0x806'02f5      0x1e  Code  Gb  ws_ie_lib.o [49]
ws_wp_nested_hopping_schedule_length
                         0x806'001d      0x68  Code  Gb  ws_ie_lib.o [49]
ws_wp_nested_hopping_schedule_write
                         0x806'0143     0x11e  Code  Gb  ws_ie_lib.o [49]
ws_wp_nested_jm_plf_read
                         0x806'c18d      0xba  Code  Gb  ws_ie_lib_fan11_core.o [49]
ws_wp_nested_jm_write    0x806'c171      0x1c  Code  Gb  ws_ie_lib_fan11_core.o [49]
ws_wp_nested_message_length
                         0x805'b245      0xd0  Code  Lc  ws_llc_data_service.o [49]
ws_wp_nested_netname_write
                         0x806'02b9       0xc  Code  Gb  ws_ie_lib.o [49]
ws_wp_nested_network_name_read
                         0x806'07e3      0x26  Code  Gb  ws_ie_lib.o [49]
ws_wp_nested_pan_info_write
                         0x806'027d      0x3c  Code  Gb  ws_ie_lib.o [49]
ws_wp_nested_pan_read    0x806'0721      0x76  Code  Gb  ws_ie_lib.o [49]
ws_wp_nested_pan_ver_write
                         0x806'02db      0x1a  Code  Gb  ws_ie_lib.o [49]
ws_wp_nested_pan_version_read
                         0x806'0797      0x1e  Code  Gb  ws_ie_lib.o [49]
ws_wp_nested_pom_read    0x806'c115      0x5c  Code  Gb  ws_ie_lib_mode_switch.o [49]
ws_wp_nested_pom_write   0x806'c0e7      0x2e  Code  Gb  ws_ie_lib_mode_switch.o [49]
ws_wp_nested_us_read     0x806'0455     0x140  Code  Gb  ws_ie_lib.o [49]
ws_wp_nested_vp_write    0x806'0261      0x1c  Code  Gb  ws_ie_lib.o [49]
ws_wp_pan_wide_ie_write
                         0x806'0313      0x26  Code  Gb  ws_ie_lib.o [49]
x509_check_wildcard      0x806'c431      0x7c  Code  Lc  x509_crt.o [19]
x509_crt_check_cn        0x806'dd77      0x36  Code  Lc  x509_crt.o [19]
x509_crt_check_ee_locally_trusted
                         0x806'd923      0x48  Code  Lc  x509_crt.o [19]
x509_crt_check_parent    0x806'd7bd      0x5a  Code  Lc  x509_crt.o [19]
x509_crt_check_san       0x806'de4b      0x82  Code  Lc  x509_crt.o [19]
x509_crt_check_san_ip    0x806'ddad      0x5a  Code  Lc  x509_crt.o [19]
x509_crt_check_san_uri   0x806'de07      0x44  Code  Lc  x509_crt.o [19]
x509_crt_check_signature
                         0x806'd73f      0x7e  Code  Lc  x509_crt.o [19]
x509_crt_find_parent     0x806'd8ad      0x76  Code  Lc  x509_crt.o [19]
x509_crt_find_parent_in
                         0x806'd817      0x96  Code  Lc  x509_crt.o [19]
x509_crt_merge_flags_with_cb
                         0x806'df45      0x52  Code  Lc  x509_crt.o [19]
x509_crt_parse_der_core
                         0x806'cf15     0x400  Code  Lc  x509_crt.o [19]
x509_crt_verify_chain    0x806'd96b     0x15e  Code  Lc  x509_crt.o [19]
x509_crt_verify_chain_reset
                         0x806'c57b      0x20  Code  Lc  x509_crt.o [19]
x509_crt_verify_name     0x806'decd      0x76  Code  Lc  x509_crt.o [19]
x509_crt_verify_restartable_ca_cb
                         0x806'df97      0xde  Code  Lc  x509_crt.o [19]
x509_crt_verifycrl       0x806'd643      0xfc  Code  Lc  x509_crt.o [19]
x509_date_is_valid       0x806'e46d      0x9c  Code  Lc  x509.o [19]
x509_get_attr_type_value
                         0x806'e24f     0x16c  Code  Lc  x509.o [19]
x509_get_authority_key_id
                         0x806'c8e3     0x140  Code  Lc  x509_crt.o [19]
x509_get_basic_constraints
                         0x806'c717     0x108  Code  Lc  x509_crt.o [19]
x509_get_certificate_policies
                         0x806'ca23     0x1e0  Code  Lc  x509_crt.o [19]
x509_get_crt_ext         0x806'cc03     0x304  Code  Lc  x509_crt.o [19]
x509_get_dates           0x806'c62b      0x88  Code  Lc  x509_crt.o [19]
x509_get_ext_key_usage   0x806'c81f      0x56  Code  Lc  x509_crt.o [19]
x509_get_other_name      0x806'e7f9     0x1ba  Code  Lc  x509.o [19]
x509_get_subject_key_id
                         0x806'c875      0x6e  Code  Lc  x509_crt.o [19]
x509_get_uid             0x806'c6b3      0x64  Code  Lc  x509_crt.o [19]
x509_get_version         0x806'c59b      0x90  Code  Lc  x509_crt.o [19]
x509_inet_pton_ipv4      0x806'dc95      0xa8  Code  Lc  x509_crt.o [19]
x509_inet_pton_ipv6      0x806'dacd     0x1c4  Code  Lc  x509_crt.o [19]
x509_memcasecmp          0x806'c3dd      0x54  Code  Lc  x509_crt.o [19]
x509_name_cmp            0x806'c50d      0x6e  Code  Lc  x509_crt.o [19]
x509_parse2_int          0x806'e509      0x20  Code  Lc  x509.o [19]
x509_parse_time          0x806'e529      0x88  Code  Lc  x509.o [19]
x509_profile_check_key   0x806'c387      0x56  Code  Lc  x509_crt.o [19]
x509_profile_check_md_alg
                         0x806'c33f      0x24  Code  Lc  x509_crt.o [19]
x509_profile_check_pk_alg
                         0x806'c363      0x24  Code  Lc  x509_crt.o [19]
x509_string_cmp          0x806'c4ad      0x60  Code  Lc  x509_crt.o [19]


[1] = D:\Inesh_wisun\Wisun_Node_App 1\Wisun_Node_App\ewarm-iar\obj\SEGGER_17251983673601104989.dir
[2] = D:\Inesh_wisun\Wisun_Node_App 1\Wisun_Node_App\ewarm-iar\obj\Simplicity Configurator_13668623889914588608.dir
[3] = D:\Inesh_wisun\Wisun_Node_App 1\Wisun_Node_App\ewarm-iar\obj\Source_1138393501331105767.dir
[4] = D:\Inesh_wisun\Wisun_Node_App 1\Wisun_Node_App\ewarm-iar\obj\Source_3830507441899452424.dir
[5] = D:\Inesh_wisun\Wisun_Node_App 1\Wisun_Node_App\ewarm-iar\obj\app_core_3182371549707509704.dir
[6] = D:\Inesh_wisun\Wisun_Node_App 1\Wisun_Node_App\ewarm-iar\obj\app_project_info_11192275019016237758.dir
[7] = D:\Inesh_wisun\Wisun_Node_App 1\Wisun_Node_App\ewarm-iar\obj\app_setting_5891890016616573684.dir
[8] = D:\Inesh_wisun\Wisun_Node_App 1\Wisun_Node_App\ewarm-iar\obj\autogen_4637248165280573407.dir
[9] = D:\Inesh_wisun\Wisun_Node_App 1\Wisun_Node_App\ewarm-iar\obj\cli_util_18302890446041092637.dir
[10] = D:\Inesh_wisun\Wisun_Node_App 1\Wisun_Node_App\ewarm-iar\obj\collections_3933356274573480250.dir
[11] = D:\Inesh_wisun\Wisun_Node_App 1\Wisun_Node_App\ewarm-iar\obj\common_16484306956914206464.dir
[12] = D:\Inesh_wisun\Wisun_Node_App 1\Wisun_Node_App\ewarm-iar\obj\event_manager_3556573113922957835.dir
[13] = D:\Inesh_wisun\Wisun_Node_App 1\Wisun_Node_App\ewarm-iar\obj\generic_16260127170197122828.dir
[14] = D:\Inesh_wisun\Wisun_Node_App 1\Wisun_Node_App\ewarm-iar\obj\iar_13602266579259951580.dir
[15] = D:\Inesh_wisun\Wisun_Node_App 1\Wisun_Node_App\ewarm-iar\obj\kal_12113336567939197560.dir
[16] = D:\Inesh_wisun\Wisun_Node_App 1\Wisun_Node_App\ewarm-iar\obj\libBits_4855519317540600097.dir
[17] = D:\Inesh_wisun\Wisun_Node_App 1\Wisun_Node_App\ewarm-iar\obj\lib_9910682656167710914.dir
[18] = D:\Inesh_wisun\Wisun_Node_App 1\Wisun_Node_App\ewarm-iar\obj\libip6string_13114466453710889314.dir
[19] = D:\Inesh_wisun\Wisun_Node_App 1\Wisun_Node_App\ewarm-iar\obj\library_17211336700577820660.dir
[20] = D:\Inesh_wisun\Wisun_Node_App 1\Wisun_Node_App\ewarm-iar\obj\logging_10724380183801099957.dir
[21] = D:\Inesh_wisun\Wisun_Node_App 1\Wisun_Node_App\ewarm-iar\obj\memory_manager_13368231679751352509.dir
[22] = D:\Inesh_wisun\Wisun_Node_App 1\Wisun_Node_App\ewarm-iar\obj\ns_list_822925338118920086.dir
[23] = D:\Inesh_wisun\Wisun_Node_App 1\Wisun_Node_App\ewarm-iar\obj\pa-conversions_7484678574379160581.dir
[24] = D:\Inesh_wisun\Wisun_Node_App 1\Wisun_Node_App\ewarm-iar\obj\platform_mgr_16422768431344821720.dir
[25] = D:\Inesh_wisun\Wisun_Node_App 1\Wisun_Node_App\ewarm-iar\obj\plugin_8411017123112486588.dir
[26] = D:\Inesh_wisun\Wisun_Node_App 1\Wisun_Node_App\ewarm-iar\obj\printf_3531763822335253954.dir
[27] = D:\Inesh_wisun\Wisun_Node_App 1\Wisun_Node_App\ewarm-iar\obj\rail_util_pti_16766738686702506350.dir
[28] = D:\Inesh_wisun\Wisun_Node_App 1\Wisun_Node_App\ewarm-iar\obj\ring_buf_11661336123597384382.dir
[29] = D:\Inesh_wisun\Wisun_Node_App 1\Wisun_Node_App\ewarm-iar\obj\rtos_18321923493932268677.dir
[30] = D:\Inesh_wisun\Wisun_Node_App 1\Wisun_Node_App\ewarm-iar\obj\source_1437350445724322328.dir
[31] = D:\Inesh_wisun\Wisun_Node_App 1\Wisun_Node_App\ewarm-iar\obj\source_6493983593496012072.dir
[32] = D:\Inesh_wisun\Wisun_Node_App 1\Wisun_Node_App\ewarm-iar\obj\src_10044205007528117694.dir
[33] = D:\Inesh_wisun\Wisun_Node_App 1\Wisun_Node_App\ewarm-iar\obj\src_11618913122678718351.dir
[34] = D:\Inesh_wisun\Wisun_Node_App 1\Wisun_Node_App\ewarm-iar\obj\src_12426307356801131713.dir
[35] = D:\Inesh_wisun\Wisun_Node_App 1\Wisun_Node_App\ewarm-iar\obj\src_12924781425884522537.dir
[36] = D:\Inesh_wisun\Wisun_Node_App 1\Wisun_Node_App\ewarm-iar\obj\src_14129040965618215475.dir
[37] = D:\Inesh_wisun\Wisun_Node_App 1\Wisun_Node_App\ewarm-iar\obj\src_15254289621323374026.dir
[38] = D:\Inesh_wisun\Wisun_Node_App 1\Wisun_Node_App\ewarm-iar\obj\src_15984209066700205392.dir
[39] = D:\Inesh_wisun\Wisun_Node_App 1\Wisun_Node_App\ewarm-iar\obj\src_1701372114642889758.dir
[40] = D:\Inesh_wisun\Wisun_Node_App 1\Wisun_Node_App\ewarm-iar\obj\src_2571367178678603533.dir
[41] = D:\Inesh_wisun\Wisun_Node_App 1\Wisun_Node_App\ewarm-iar\obj\src_3690837698348744358.dir
[42] = D:\Inesh_wisun\Wisun_Node_App 1\Wisun_Node_App\ewarm-iar\obj\src_4059089221207108383.dir
[43] = D:\Inesh_wisun\Wisun_Node_App 1\Wisun_Node_App\ewarm-iar\obj\src_8776319109163867871.dir
[44] = D:\Inesh_wisun\Wisun_Node_App 1\Wisun_Node_App\ewarm-iar\obj\src_9288303152524988389.dir
[45] = D:\Inesh_wisun\Wisun_Node_App 1\Wisun_Node_App\ewarm-iar\obj\trace_util_3212952863280281226.dir
[46] = dl7M_tln.a
[47] = libnvm3_CM33_iar.a
[48] = librail_efr32xg28_iar_release.a
[49] = libwisun_router_core_efr32xg2x_iar_debug.a
[50] = m7M_tls.a
[51] = rt7M_tl.a

  448'688 bytes of readonly  code memory
      548 bytes of readwrite code memory
   72'055 bytes of readonly  data memory
  160'044 bytes of readwrite data memory

Errors: none
Warnings: none
