###############################################################################
#
# IAR ELF Linker V9.50.2.385/W64 for ARM                  27/Nov/2024  12:18:09
# Copyright 2007-2024 IAR Systems AB.
#
#    Output file                  =
#        C:\Users\DELL\SimplicityStudio\v5_workspace\wisun_rcp_7\ewarm-iar\exe\wisun_rcp_7.out
#    Map file                     =
#        C:\Users\DELL\SimplicityStudio\v5_workspace\wisun_rcp_7\ewarm-iar\lst\wisun_rcp_7.map
#    Import CMSE library file out =
#        C:\Users\DELL\SimplicityStudio\v5_workspace\wisun_rcp_7\ewarm-iar\exe\wisun_rcp_7_import_lib.o
#    Command line                 =
#        -f
#        C:\Users\DELL\SimplicityStudio\v5_workspace\wisun_rcp_7\ewarm-iar\exe\wisun_rcp_7.out.rsp
#        (C:\Users\DELL\SimplicityStudio\v5_workspace\wisun_rcp_7\ewarm-iar\obj\library_11823079944874003547.dir\aes.o
#        C:\Users\DELL\SimplicityStudio\v5_workspace\wisun_rcp_7\ewarm-iar\obj\library_11823079944874003547.dir\asn1parse.o
#        C:\Users\DELL\SimplicityStudio\v5_workspace\wisun_rcp_7\ewarm-iar\obj\library_11823079944874003547.dir\asn1write.o
#        C:\Users\DELL\SimplicityStudio\v5_workspace\wisun_rcp_7\ewarm-iar\obj\library_11823079944874003547.dir\base64.o
#        C:\Users\DELL\SimplicityStudio\v5_workspace\wisun_rcp_7\ewarm-iar\obj\library_11823079944874003547.dir\bignum.o
#        C:\Users\DELL\SimplicityStudio\v5_workspace\wisun_rcp_7\ewarm-iar\obj\library_11823079944874003547.dir\bignum_core.o
#        C:\Users\DELL\SimplicityStudio\v5_workspace\wisun_rcp_7\ewarm-iar\obj\library_11823079944874003547.dir\bignum_mod.o
#        C:\Users\DELL\SimplicityStudio\v5_workspace\wisun_rcp_7\ewarm-iar\obj\library_11823079944874003547.dir\bignum_mod_raw.o
#        C:\Users\DELL\SimplicityStudio\v5_workspace\wisun_rcp_7\ewarm-iar\obj\library_11823079944874003547.dir\ccm.o
#        C:\Users\DELL\SimplicityStudio\v5_workspace\wisun_rcp_7\ewarm-iar\obj\library_11823079944874003547.dir\cipher.o
#        C:\Users\DELL\SimplicityStudio\v5_workspace\wisun_rcp_7\ewarm-iar\obj\library_11823079944874003547.dir\cipher_wrap.o
#        C:\Users\DELL\SimplicityStudio\v5_workspace\wisun_rcp_7\ewarm-iar\obj\Source_10863626932727399345.dir\cmsis_os2.o
#        C:\Users\DELL\SimplicityStudio\v5_workspace\wisun_rcp_7\ewarm-iar\obj\libBits_502825786182981814.dir\common_functions.o
#        C:\Users\DELL\SimplicityStudio\v5_workspace\wisun_rcp_7\ewarm-iar\obj\libBits_502825786182981814.dir\common_inlined_functions.o
#        C:\Users\DELL\SimplicityStudio\v5_workspace\wisun_rcp_7\ewarm-iar\obj\library_11823079944874003547.dir\constant_time.o
#        C:\Users\DELL\SimplicityStudio\v5_workspace\wisun_rcp_7\ewarm-iar\obj\kernel_15789286914859001271.dir\croutine.o
#        C:\Users\DELL\SimplicityStudio\v5_workspace\wisun_rcp_7\ewarm-iar\obj\library_11823079944874003547.dir\ctr_drbg.o
#        C:\Users\DELL\SimplicityStudio\v5_workspace\wisun_rcp_7\ewarm-iar\obj\src_11258711289537696942.dir\dmadrv.o
#        C:\Users\DELL\SimplicityStudio\v5_workspace\wisun_rcp_7\ewarm-iar\obj\library_11823079944874003547.dir\ecdh.o
#        C:\Users\DELL\SimplicityStudio\v5_workspace\wisun_rcp_7\ewarm-iar\obj\library_11823079944874003547.dir\ecdsa.o
#        C:\Users\DELL\SimplicityStudio\v5_workspace\wisun_rcp_7\ewarm-iar\obj\library_11823079944874003547.dir\ecp.o
#        C:\Users\DELL\SimplicityStudio\v5_workspace\wisun_rcp_7\ewarm-iar\obj\library_11823079944874003547.dir\ecp_curves.o
#        C:\Users\DELL\SimplicityStudio\v5_workspace\wisun_rcp_7\ewarm-iar\obj\library_11823079944874003547.dir\ecp_curves_new.o
#        C:\Users\DELL\SimplicityStudio\v5_workspace\wisun_rcp_7\ewarm-iar\obj\src_12162447720190469977.dir\em_burtc.o
#        C:\Users\DELL\SimplicityStudio\v5_workspace\wisun_rcp_7\ewarm-iar\obj\src_12162447720190469977.dir\em_cmu.o
#        C:\Users\DELL\SimplicityStudio\v5_workspace\wisun_rcp_7\ewarm-iar\obj\src_12162447720190469977.dir\em_core.o
#        C:\Users\DELL\SimplicityStudio\v5_workspace\wisun_rcp_7\ewarm-iar\obj\src_12162447720190469977.dir\em_emu.o
#        C:\Users\DELL\SimplicityStudio\v5_workspace\wisun_rcp_7\ewarm-iar\obj\src_12162447720190469977.dir\em_eusart.o
#        C:\Users\DELL\SimplicityStudio\v5_workspace\wisun_rcp_7\ewarm-iar\obj\src_12162447720190469977.dir\em_gpio.o
#        C:\Users\DELL\SimplicityStudio\v5_workspace\wisun_rcp_7\ewarm-iar\obj\src_12162447720190469977.dir\em_ldma.o
#        C:\Users\DELL\SimplicityStudio\v5_workspace\wisun_rcp_7\ewarm-iar\obj\src_12162447720190469977.dir\em_msc.o
#        C:\Users\DELL\SimplicityStudio\v5_workspace\wisun_rcp_7\ewarm-iar\obj\src_12162447720190469977.dir\em_prs.o
#        C:\Users\DELL\SimplicityStudio\v5_workspace\wisun_rcp_7\ewarm-iar\obj\src_12162447720190469977.dir\em_se.o
#        C:\Users\DELL\SimplicityStudio\v5_workspace\wisun_rcp_7\ewarm-iar\obj\src_12162447720190469977.dir\em_system.o
#        C:\Users\DELL\SimplicityStudio\v5_workspace\wisun_rcp_7\ewarm-iar\obj\src_12162447720190469977.dir\em_timer.o
#        C:\Users\DELL\SimplicityStudio\v5_workspace\wisun_rcp_7\ewarm-iar\obj\src_12162447720190469977.dir\em_usart.o
#        C:\Users\DELL\SimplicityStudio\v5_workspace\wisun_rcp_7\ewarm-iar\obj\library_11823079944874003547.dir\entropy.o
#        C:\Users\DELL\SimplicityStudio\v5_workspace\wisun_rcp_7\ewarm-iar\obj\library_11823079944874003547.dir\entropy_poll.o
#        C:\Users\DELL\SimplicityStudio\v5_workspace\wisun_rcp_7\ewarm-iar\obj\kernel_15789286914859001271.dir\event_groups.o
#        C:\Users\DELL\SimplicityStudio\v5_workspace\wisun_rcp_7\ewarm-iar\obj\MemMang_10984737085352171661.dir\heap_3.o
#        C:\Users\DELL\SimplicityStudio\v5_workspace\wisun_rcp_7\ewarm-iar\obj\library_11823079944874003547.dir\hmac_drbg.o
#        C:\Users\DELL\SimplicityStudio\v5_workspace\wisun_rcp_7\ewarm-iar\obj\libip6string_14883348783170439957.dir\ip6tos.o
#        C:\Users\DELL\SimplicityStudio\v5_workspace\wisun_rcp_7\gecko_sdk_4.4.3\platform\emdrv\nvm3\lib\libnvm3_CM33_iar.a
#        C:\Users\DELL\SimplicityStudio\v5_workspace\wisun_rcp_7\gecko_sdk_4.4.3\platform\radio\rail_lib\autogen\librail_release\librail_efr32xg28_iar_release.a
#        C:\Users\DELL\SimplicityStudio\v5_workspace\wisun_rcp_7\gecko_sdk_4.4.3\protocol\wisun\stack\libwisun_mac_efr32xg2x_iar.a
#        C:\Users\DELL\SimplicityStudio\v5_workspace\wisun_rcp_7\gecko_sdk_4.4.3\protocol\wisun\stack\libwisun_rcp_efr32xg2x_iar.a
#        C:\Users\DELL\SimplicityStudio\v5_workspace\wisun_rcp_7\ewarm-iar\obj\kernel_15789286914859001271.dir\list.o
#        C:\Users\DELL\SimplicityStudio\v5_workspace\wisun_rcp_7\ewarm-iar\obj\src_1710505988981302067.dir\mbedtls_ccm.o
#        C:\Users\DELL\SimplicityStudio\v5_workspace\wisun_rcp_7\ewarm-iar\obj\src_1710505988981302067.dir\mbedtls_ecdsa_ecdh.o
#        C:\Users\DELL\SimplicityStudio\v5_workspace\wisun_rcp_7\ewarm-iar\obj\src_1710505988981302067.dir\mbedtls_sha.o
#        C:\Users\DELL\SimplicityStudio\v5_workspace\wisun_rcp_7\ewarm-iar\obj\library_11823079944874003547.dir\md.o
#        C:\Users\DELL\SimplicityStudio\v5_workspace\wisun_rcp_7\ewarm-iar\obj\library_11823079944874003547.dir\nist_kw.o
#        C:\Users\DELL\SimplicityStudio\v5_workspace\wisun_rcp_7\ewarm-iar\obj\ns_list_8275864470118367460.dir\ns_list.o
#        C:\Users\DELL\SimplicityStudio\v5_workspace\wisun_rcp_7\ewarm-iar\obj\src_1379462837802067215.dir\nvm3_default_common_linker.o
#        C:\Users\DELL\SimplicityStudio\v5_workspace\wisun_rcp_7\ewarm-iar\obj\src_1379462837802067215.dir\nvm3_hal_flash.o
#        C:\Users\DELL\SimplicityStudio\v5_workspace\wisun_rcp_7\ewarm-iar\obj\src_1379462837802067215.dir\nvm3_lock.o
#        C:\Users\DELL\SimplicityStudio\v5_workspace\wisun_rcp_7\ewarm-iar\obj\library_11823079944874003547.dir\oid.o
#        C:\Users\DELL\SimplicityStudio\v5_workspace\wisun_rcp_7\ewarm-iar\obj\Source_9534046957548667289.dir\os_systick.o
#        C:\Users\DELL\SimplicityStudio\v5_workspace\wisun_rcp_7\ewarm-iar\obj\pa-conversions_3073922530588947952.dir\pa_conversions_efr32.o
#        C:\Users\DELL\SimplicityStudio\v5_workspace\wisun_rcp_7\ewarm-iar\obj\pa-conversions_3073922530588947952.dir\pa_curves_efr32.o
#        C:\Users\DELL\SimplicityStudio\v5_workspace\wisun_rcp_7\ewarm-iar\obj\library_11823079944874003547.dir\pem.o
#        C:\Users\DELL\SimplicityStudio\v5_workspace\wisun_rcp_7\ewarm-iar\obj\src_6463605736132958298.dir\peripheral_sysrtc.o
#        C:\Users\DELL\SimplicityStudio\v5_workspace\wisun_rcp_7\ewarm-iar\obj\library_11823079944874003547.dir\pk.o
#        C:\Users\DELL\SimplicityStudio\v5_workspace\wisun_rcp_7\ewarm-iar\obj\library_11823079944874003547.dir\pk_wrap.o
#        C:\Users\DELL\SimplicityStudio\v5_workspace\wisun_rcp_7\ewarm-iar\obj\library_11823079944874003547.dir\pkparse.o
#        C:\Users\DELL\SimplicityStudio\v5_workspace\wisun_rcp_7\ewarm-iar\obj\library_11823079944874003547.dir\pkwrite.o
#        C:\Users\DELL\SimplicityStudio\v5_workspace\wisun_rcp_7\ewarm-iar\obj\library_11823079944874003547.dir\platform.o
#        C:\Users\DELL\SimplicityStudio\v5_workspace\wisun_rcp_7\ewarm-iar\obj\library_11823079944874003547.dir\platform_util.o
#        C:\Users\DELL\SimplicityStudio\v5_workspace\wisun_rcp_7\ewarm-iar\obj\non_secure_2552712700769462760.dir\port.o
#        C:\Users\DELL\SimplicityStudio\v5_workspace\wisun_rcp_7\ewarm-iar\obj\non_secure_2552712700769462760.dir\portasm.o
#        C:\Users\DELL\SimplicityStudio\v5_workspace\wisun_rcp_7\ewarm-iar\obj\library_11823079944874003547.dir\psa_crypto.o
#        C:\Users\DELL\SimplicityStudio\v5_workspace\wisun_rcp_7\ewarm-iar\obj\library_11823079944874003547.dir\psa_crypto_aead.o
#        C:\Users\DELL\SimplicityStudio\v5_workspace\wisun_rcp_7\ewarm-iar\obj\library_11823079944874003547.dir\psa_crypto_cipher.o
#        C:\Users\DELL\SimplicityStudio\v5_workspace\wisun_rcp_7\ewarm-iar\obj\library_11823079944874003547.dir\psa_crypto_client.o
#        C:\Users\DELL\SimplicityStudio\v5_workspace\wisun_rcp_7\ewarm-iar\obj\library_11823079944874003547.dir\psa_crypto_driver_wrappers_no_static.o
#        C:\Users\DELL\SimplicityStudio\v5_workspace\wisun_rcp_7\ewarm-iar\obj\library_11823079944874003547.dir\psa_crypto_ecp.o
#        C:\Users\DELL\SimplicityStudio\v5_workspace\wisun_rcp_7\ewarm-iar\obj\library_11823079944874003547.dir\psa_crypto_ffdh.o
#        C:\Users\DELL\SimplicityStudio\v5_workspace\wisun_rcp_7\ewarm-iar\obj\library_11823079944874003547.dir\psa_crypto_hash.o
#        C:\Users\DELL\SimplicityStudio\v5_workspace\wisun_rcp_7\ewarm-iar\obj\library_11823079944874003547.dir\psa_crypto_mac.o
#        C:\Users\DELL\SimplicityStudio\v5_workspace\wisun_rcp_7\ewarm-iar\obj\library_11823079944874003547.dir\psa_crypto_pake.o
#        C:\Users\DELL\SimplicityStudio\v5_workspace\wisun_rcp_7\ewarm-iar\obj\library_11823079944874003547.dir\psa_crypto_rsa.o
#        C:\Users\DELL\SimplicityStudio\v5_workspace\wisun_rcp_7\ewarm-iar\obj\library_11823079944874003547.dir\psa_crypto_se.o
#        C:\Users\DELL\SimplicityStudio\v5_workspace\wisun_rcp_7\ewarm-iar\obj\library_11823079944874003547.dir\psa_crypto_slot_management.o
#        C:\Users\DELL\SimplicityStudio\v5_workspace\wisun_rcp_7\ewarm-iar\obj\library_11823079944874003547.dir\psa_crypto_storage.o
#        C:\Users\DELL\SimplicityStudio\v5_workspace\wisun_rcp_7\ewarm-iar\obj\library_11823079944874003547.dir\psa_util.o
#        C:\Users\DELL\SimplicityStudio\v5_workspace\wisun_rcp_7\ewarm-iar\obj\kernel_15789286914859001271.dir\queue.o
#        C:\Users\DELL\SimplicityStudio\v5_workspace\wisun_rcp_7\ewarm-iar\obj\autogen_4637248165280573407.dir\rail_config.o
#        C:\Users\DELL\SimplicityStudio\v5_workspace\wisun_rcp_7\ewarm-iar\obj\src_1710505988981302067.dir\se_aes.o
#        C:\Users\DELL\SimplicityStudio\v5_workspace\wisun_rcp_7\ewarm-iar\obj\SEGGER_14197436847510308367.dir\SEGGER_RTT.o
#        C:\Users\DELL\SimplicityStudio\v5_workspace\wisun_rcp_7\ewarm-iar\obj\library_11823079944874003547.dir\sha1.o
#        C:\Users\DELL\SimplicityStudio\v5_workspace\wisun_rcp_7\ewarm-iar\obj\library_11823079944874003547.dir\sha256.o
#        C:\Users\DELL\SimplicityStudio\v5_workspace\wisun_rcp_7\ewarm-iar\obj\src_9846656886595976139.dir\sl_assert.o
#        C:\Users\DELL\SimplicityStudio\v5_workspace\wisun_rcp_7\ewarm-iar\obj\autogen_4637248165280573407.dir\sl_device_init_clocks.o
#        C:\Users\DELL\SimplicityStudio\v5_workspace\wisun_rcp_7\ewarm-iar\obj\src_6043253590969146746.dir\sl_device_init_dcdc_s2.o
#        C:\Users\DELL\SimplicityStudio\v5_workspace\wisun_rcp_7\ewarm-iar\obj\src_6043253590969146746.dir\sl_device_init_emu_s2.o
#        C:\Users\DELL\SimplicityStudio\v5_workspace\wisun_rcp_7\ewarm-iar\obj\src_6043253590969146746.dir\sl_device_init_hfxo_s2.o
#        C:\Users\DELL\SimplicityStudio\v5_workspace\wisun_rcp_7\ewarm-iar\obj\src_6043253590969146746.dir\sl_device_init_nvic.o
#        C:\Users\DELL\SimplicityStudio\v5_workspace\wisun_rcp_7\ewarm-iar\obj\src_1710505988981302067.dir\sl_entropy_hardware.o
#        C:\Users\DELL\SimplicityStudio\v5_workspace\wisun_rcp_7\ewarm-iar\obj\autogen_4637248165280573407.dir\sl_event_handler.o
#        C:\Users\DELL\SimplicityStudio\v5_workspace\wisun_rcp_7\ewarm-iar\obj\src_5810444962220753519.dir\sl_iostream.o
#        C:\Users\DELL\SimplicityStudio\v5_workspace\wisun_rcp_7\ewarm-iar\obj\autogen_4637248165280573407.dir\sl_iostream_handles.o
#        C:\Users\DELL\SimplicityStudio\v5_workspace\wisun_rcp_7\ewarm-iar\obj\src_5810444962220753519.dir\sl_iostream_retarget_stdio.o
#        C:\Users\DELL\SimplicityStudio\v5_workspace\wisun_rcp_7\ewarm-iar\obj\src_5810444962220753519.dir\sl_iostream_rtt.o
#        C:\Users\DELL\SimplicityStudio\v5_workspace\wisun_rcp_7\ewarm-iar\obj\src_5810444962220753519.dir\sl_iostream_stdlib_config.o
#        C:\Users\DELL\SimplicityStudio\v5_workspace\wisun_rcp_7\ewarm-iar\obj\memory_manager_8417538429729147889.dir\sl_malloc.o
#        C:\Users\DELL\SimplicityStudio\v5_workspace\wisun_rcp_7\ewarm-iar\obj\src_1710505988981302067.dir\sl_mbedtls.o
#        C:\Users\DELL\SimplicityStudio\v5_workspace\wisun_rcp_7\ewarm-iar\obj\src_3177824468728885135.dir\sl_memory.o
#        C:\Users\DELL\SimplicityStudio\v5_workspace\wisun_rcp_7\ewarm-iar\obj\src_1710505988981302067.dir\sl_psa_crypto.o
#        C:\Users\DELL\SimplicityStudio\v5_workspace\wisun_rcp_7\ewarm-iar\obj\src_4811620319817103232.dir\sl_psa_its_nvm3.o
#        C:\Users\DELL\SimplicityStudio\v5_workspace\wisun_rcp_7\ewarm-iar\obj\rail_util_pti_2303748743301757762.dir\sl_rail_util_pti.o
#        C:\Users\DELL\SimplicityStudio\v5_workspace\wisun_rcp_7\ewarm-iar\obj\wisun_rcp_12033107185724647658.dir\sl_ring.o
#        C:\Users\DELL\SimplicityStudio\v5_workspace\wisun_rcp_7\ewarm-iar\obj\src_10660899288376800039.dir\sl_se_manager.o
#        C:\Users\DELL\SimplicityStudio\v5_workspace\wisun_rcp_7\ewarm-iar\obj\src_10660899288376800039.dir\sl_se_manager_attestation.o
#        C:\Users\DELL\SimplicityStudio\v5_workspace\wisun_rcp_7\ewarm-iar\obj\src_10660899288376800039.dir\sl_se_manager_cipher.o
#        C:\Users\DELL\SimplicityStudio\v5_workspace\wisun_rcp_7\ewarm-iar\obj\src_10660899288376800039.dir\sl_se_manager_entropy.o
#        C:\Users\DELL\SimplicityStudio\v5_workspace\wisun_rcp_7\ewarm-iar\obj\src_10660899288376800039.dir\sl_se_manager_hash.o
#        C:\Users\DELL\SimplicityStudio\v5_workspace\wisun_rcp_7\ewarm-iar\obj\src_10660899288376800039.dir\sl_se_manager_key_derivation.o
#        C:\Users\DELL\SimplicityStudio\v5_workspace\wisun_rcp_7\ewarm-iar\obj\src_10660899288376800039.dir\sl_se_manager_key_handling.o
#        C:\Users\DELL\SimplicityStudio\v5_workspace\wisun_rcp_7\ewarm-iar\obj\src_10660899288376800039.dir\sl_se_manager_signature.o
#        C:\Users\DELL\SimplicityStudio\v5_workspace\wisun_rcp_7\ewarm-iar\obj\src_10660899288376800039.dir\sl_se_manager_util.o
#        C:\Users\DELL\SimplicityStudio\v5_workspace\wisun_rcp_7\ewarm-iar\obj\src_8827520470567122158.dir\sl_sleeptimer.o
#        C:\Users\DELL\SimplicityStudio\v5_workspace\wisun_rcp_7\ewarm-iar\obj\src_8827520470567122158.dir\sl_sleeptimer_hal_burtc.o
#        C:\Users\DELL\SimplicityStudio\v5_workspace\wisun_rcp_7\ewarm-iar\obj\src_8827520470567122158.dir\sl_sleeptimer_hal_sysrtc.o
#        C:\Users\DELL\SimplicityStudio\v5_workspace\wisun_rcp_7\ewarm-iar\obj\src_8827520470567122158.dir\sl_sleeptimer_hal_timer.o
#        C:\Users\DELL\SimplicityStudio\v5_workspace\wisun_rcp_7\ewarm-iar\obj\src_9846656886595976139.dir\sl_slist.o
#        C:\Users\DELL\SimplicityStudio\v5_workspace\wisun_rcp_7\ewarm-iar\obj\src_9846656886595976139.dir\sl_string.o
#        C:\Users\DELL\SimplicityStudio\v5_workspace\wisun_rcp_7\ewarm-iar\obj\src_15036527764542491649.dir\sl_system_init.o
#        C:\Users\DELL\SimplicityStudio\v5_workspace\wisun_rcp_7\ewarm-iar\obj\src_15036527764542491649.dir\sl_system_kernel.o
#        C:\Users\DELL\SimplicityStudio\v5_workspace\wisun_rcp_7\ewarm-iar\obj\trace_util_17324021352468628419.dir\sl_wisun_trace_util.o
#        C:\Users\DELL\SimplicityStudio\v5_workspace\wisun_rcp_7\ewarm-iar\obj\wisun_rcp_12033107185724647658.dir\sl_wsrcp.o
#        C:\Users\DELL\SimplicityStudio\v5_workspace\wisun_rcp_7\ewarm-iar\obj\wisun_rcp_12033107185724647658.dir\sl_wsrcp_crc.o
#        C:\Users\DELL\SimplicityStudio\v5_workspace\wisun_rcp_7\ewarm-iar\obj\wisun_rcp_12033107185724647658.dir\sl_wsrcp_eusart.o
#        C:\Users\DELL\SimplicityStudio\v5_workspace\wisun_rcp_7\ewarm-iar\obj\wisun_rcp_12033107185724647658.dir\sl_wsrcp_os_main.o
#        C:\Users\DELL\SimplicityStudio\v5_workspace\wisun_rcp_7\ewarm-iar\obj\wisun_rcp_12033107185724647658.dir\sl_wsrcp_uart.o
#        C:\Users\DELL\SimplicityStudio\v5_workspace\wisun_rcp_7\ewarm-iar\obj\src_9846656886595976139.dir\sli_cmsis_os2_ext_task_register.o
#        C:\Users\DELL\SimplicityStudio\v5_workspace\wisun_rcp_7\ewarm-iar\obj\src_1710505988981302067.dir\sli_psa_crypto.o
#        C:\Users\DELL\SimplicityStudio\v5_workspace\wisun_rcp_7\ewarm-iar\obj\src_4811620319817103232.dir\sli_psa_driver_common.o
#        C:\Users\DELL\SimplicityStudio\v5_workspace\wisun_rcp_7\ewarm-iar\obj\src_4811620319817103232.dir\sli_psa_driver_init.o
#        C:\Users\DELL\SimplicityStudio\v5_workspace\wisun_rcp_7\ewarm-iar\obj\src_4811620319817103232.dir\sli_psa_trng.o
#        C:\Users\DELL\SimplicityStudio\v5_workspace\wisun_rcp_7\ewarm-iar\obj\src_4811620319817103232.dir\sli_se_driver_aead.o
#        C:\Users\DELL\SimplicityStudio\v5_workspace\wisun_rcp_7\ewarm-iar\obj\src_4811620319817103232.dir\sli_se_driver_builtin_keys.o
#        C:\Users\DELL\SimplicityStudio\v5_workspace\wisun_rcp_7\ewarm-iar\obj\src_4811620319817103232.dir\sli_se_driver_cipher.o
#        C:\Users\DELL\SimplicityStudio\v5_workspace\wisun_rcp_7\ewarm-iar\obj\src_4811620319817103232.dir\sli_se_driver_key_derivation.o
#        C:\Users\DELL\SimplicityStudio\v5_workspace\wisun_rcp_7\ewarm-iar\obj\src_4811620319817103232.dir\sli_se_driver_key_management.o
#        C:\Users\DELL\SimplicityStudio\v5_workspace\wisun_rcp_7\ewarm-iar\obj\src_4811620319817103232.dir\sli_se_driver_mac.o
#        C:\Users\DELL\SimplicityStudio\v5_workspace\wisun_rcp_7\ewarm-iar\obj\src_4811620319817103232.dir\sli_se_driver_signature.o
#        C:\Users\DELL\SimplicityStudio\v5_workspace\wisun_rcp_7\ewarm-iar\obj\src_4811620319817103232.dir\sli_se_opaque_driver_aead.o
#        C:\Users\DELL\SimplicityStudio\v5_workspace\wisun_rcp_7\ewarm-iar\obj\src_4811620319817103232.dir\sli_se_opaque_driver_cipher.o
#        C:\Users\DELL\SimplicityStudio\v5_workspace\wisun_rcp_7\ewarm-iar\obj\src_4811620319817103232.dir\sli_se_opaque_driver_mac.o
#        C:\Users\DELL\SimplicityStudio\v5_workspace\wisun_rcp_7\ewarm-iar\obj\src_4811620319817103232.dir\sli_se_opaque_key_derivation.o
#        C:\Users\DELL\SimplicityStudio\v5_workspace\wisun_rcp_7\ewarm-iar\obj\src_4811620319817103232.dir\sli_se_transparent_driver_aead.o
#        C:\Users\DELL\SimplicityStudio\v5_workspace\wisun_rcp_7\ewarm-iar\obj\src_4811620319817103232.dir\sli_se_transparent_driver_cipher.o
#        C:\Users\DELL\SimplicityStudio\v5_workspace\wisun_rcp_7\ewarm-iar\obj\src_4811620319817103232.dir\sli_se_transparent_driver_hash.o
#        C:\Users\DELL\SimplicityStudio\v5_workspace\wisun_rcp_7\ewarm-iar\obj\src_4811620319817103232.dir\sli_se_transparent_driver_mac.o
#        C:\Users\DELL\SimplicityStudio\v5_workspace\wisun_rcp_7\ewarm-iar\obj\src_4811620319817103232.dir\sli_se_transparent_key_derivation.o
#        C:\Users\DELL\SimplicityStudio\v5_workspace\wisun_rcp_7\ewarm-iar\obj\src_4811620319817103232.dir\sli_se_version_dependencies.o
#        C:\Users\DELL\SimplicityStudio\v5_workspace\wisun_rcp_7\ewarm-iar\obj\library_11823079944874003547.dir\ssl_cache.o
#        C:\Users\DELL\SimplicityStudio\v5_workspace\wisun_rcp_7\ewarm-iar\obj\library_11823079944874003547.dir\ssl_ciphersuites.o
#        C:\Users\DELL\SimplicityStudio\v5_workspace\wisun_rcp_7\ewarm-iar\obj\library_11823079944874003547.dir\ssl_client.o
#        C:\Users\DELL\SimplicityStudio\v5_workspace\wisun_rcp_7\ewarm-iar\obj\library_11823079944874003547.dir\ssl_cookie.o
#        C:\Users\DELL\SimplicityStudio\v5_workspace\wisun_rcp_7\ewarm-iar\obj\library_11823079944874003547.dir\ssl_debug_helpers_generated.o
#        C:\Users\DELL\SimplicityStudio\v5_workspace\wisun_rcp_7\ewarm-iar\obj\library_11823079944874003547.dir\ssl_msg.o
#        C:\Users\DELL\SimplicityStudio\v5_workspace\wisun_rcp_7\ewarm-iar\obj\library_11823079944874003547.dir\ssl_ticket.o
#        C:\Users\DELL\SimplicityStudio\v5_workspace\wisun_rcp_7\ewarm-iar\obj\library_11823079944874003547.dir\ssl_tls.o
#        C:\Users\DELL\SimplicityStudio\v5_workspace\wisun_rcp_7\ewarm-iar\obj\library_11823079944874003547.dir\ssl_tls12_client.o
#        C:\Users\DELL\SimplicityStudio\v5_workspace\wisun_rcp_7\ewarm-iar\obj\library_11823079944874003547.dir\ssl_tls12_server.o
#        C:\Users\DELL\SimplicityStudio\v5_workspace\wisun_rcp_7\ewarm-iar\obj\Source_3946229303622611321.dir\startup_efr32fg28.o
#        C:\Users\DELL\SimplicityStudio\v5_workspace\wisun_rcp_7\ewarm-iar\obj\libip6string_14883348783170439957.dir\stoip6.o
#        C:\Users\DELL\SimplicityStudio\v5_workspace\wisun_rcp_7\ewarm-iar\obj\kernel_15789286914859001271.dir\stream_buffer.o
#        C:\Users\DELL\SimplicityStudio\v5_workspace\wisun_rcp_7\ewarm-iar\obj\Source_3946229303622611321.dir\system_efr32fg28.o
#        C:\Users\DELL\SimplicityStudio\v5_workspace\wisun_rcp_7\ewarm-iar\obj\kernel_15789286914859001271.dir\tasks.o
#        C:\Users\DELL\SimplicityStudio\v5_workspace\wisun_rcp_7\ewarm-iar\obj\library_11823079944874003547.dir\threading.o
#        C:\Users\DELL\SimplicityStudio\v5_workspace\wisun_rcp_7\ewarm-iar\obj\kernel_15789286914859001271.dir\timers.o
#        C:\Users\DELL\SimplicityStudio\v5_workspace\wisun_rcp_7\ewarm-iar\obj\library_11823079944874003547.dir\x509.o
#        C:\Users\DELL\SimplicityStudio\v5_workspace\wisun_rcp_7\ewarm-iar\obj\library_11823079944874003547.dir\x509_create.o
#        C:\Users\DELL\SimplicityStudio\v5_workspace\wisun_rcp_7\ewarm-iar\obj\library_11823079944874003547.dir\x509_crl.o
#        C:\Users\DELL\SimplicityStudio\v5_workspace\wisun_rcp_7\ewarm-iar\obj\library_11823079944874003547.dir\x509_crt.o
#        C:\Users\DELL\SimplicityStudio\v5_workspace\wisun_rcp_7\ewarm-iar\obj\library_11823079944874003547.dir\x509_csr.o
#        C:\Users\DELL\SimplicityStudio\v5_workspace\wisun_rcp_7\ewarm-iar\obj\library_11823079944874003547.dir\x509write.o
#        C:\Users\DELL\SimplicityStudio\v5_workspace\wisun_rcp_7\ewarm-iar\obj\library_11823079944874003547.dir\x509write_crt.o
#        C:\Users\DELL\SimplicityStudio\v5_workspace\wisun_rcp_7\ewarm-iar\obj\library_11823079944874003547.dir\x509write_csr.o
#        --no_out_extension -o
#        C:\Users\DELL\SimplicityStudio\v5_workspace\wisun_rcp_7\ewarm-iar\exe\wisun_rcp_7.out
#        --map
#        C:\Users\DELL\SimplicityStudio\v5_workspace\wisun_rcp_7\ewarm-iar\lst\wisun_rcp_7.map
#        --log initialization,modules,sections,veneers --log_file
#        C:\Users\DELL\SimplicityStudio\v5_workspace\wisun_rcp_7\ewarm-iar\lst\wisun_rcp_7.log
#        --config
#        C:\Users\DELL\SimplicityStudio\v5_workspace\wisun_rcp_7\autogen\linkerfile.icf
#        --diag_suppress Lp012 --entry __iar_program_start --no_vfe --text_out
#        locale --import_cmse_lib_out
#        C:\Users\DELL\SimplicityStudio\v5_workspace\wisun_rcp_7\ewarm-iar\exe\wisun_rcp_7_import_lib.o
#        --cpu=Cortex-M33 --fpu=VFPv5_sp) --dependencies=n
#        C:\Users\DELL\SimplicityStudio\v5_workspace\wisun_rcp_7\ewarm-iar\exe\wisun_rcp_7.out.iar_deps
#
###############################################################################

*******************************************************************************
*** RUNTIME MODEL ATTRIBUTES
***

CppFlavor       = *
__CPP_Runtime   = 1
__Heap_Handler  = Basic
__SystemLibrary = DLib
__dlib_version  = 6


*******************************************************************************
*** HEAP SELECTION
***

The basic heap was selected because --advanced_heap
was not specified and the application did not appear to
be primarily optimized for speed.


*******************************************************************************
*** PLACEMENT SUMMARY
***

define block application with fixed order { ro section .intvec, ro };
define block text_application_ram_init
   with alignment = 8 { ro code section text_application_ram_init };
"application":
       place at start of [from 0x800'0000 to 0x80f'dfff] {
          block application, block text_application_ram_init };
define block storage with alignment = 8K { section INTERNAL_STORAGE };
define block nvm with alignment = 8K { section SIMEE };
"storage_regions":
       place at end of [from 0x800'0000 to 0x80f'dfff] {
          block storage, block nvm };
define block CSTACK with alignment = 8 { section .stack };
define block HEAP with alignment = 8 { section .heap };
define block application_ram with fixed order { block CSTACK, rw, block HEAP };
"application_ram":
       place in [from 0x2000'0000 to 0x2003'ffff] { block application_ram };
do not initialize { section .noinit, section .stack, section .heap };
initialize by copy { rw };
keep { section .intvec };

No sections matched the following patterns:

  ro code section text_application_ram_init  in block text_application_ram_init
  rw code section text_application_ram       in block text_application_ram
  section INTERNAL_STORAGE                   in block storage


  Section                 Kind         Address  Aligment      Size  Object
  -------                 ----         -------  --------      ----  ------
"application":                                            0x4'49ce
  application                       0x800'0000            0x4'49ce  <Block>
    .intvec               const     0x800'0000       512     0x17c  startup_efr32fg28.o [4]
    .rodata               const     0x800'0180         8     0x4d4  sl_wsrcp_api.o [35]
    .rodata               const     0x800'0654         4       0xc  cipher_wrap.o [10]
    .rodata               const     0x800'0660         4       0xc  cipher_wrap.o [10]
    .rodata               const     0x800'066c         4       0xc  cipher_wrap.o [10]
    .rodata               const     0x800'0678         4       0xc  cipher_wrap.o [10]
    .rodata               const     0x800'0684         4       0xc  cipher_wrap.o [10]
    .rodata               const     0x800'0690         4       0xc  cipher_wrap.o [10]
    .rodata               const     0x800'069c         4       0xc  cipher_wrap.o [10]
    .rodata               const     0x800'06a8         4       0xc  cipher_wrap.o [10]
    .rodata               const     0x800'06b4         4       0xc  cipher_wrap.o [10]
    .rodata               const     0x800'06c0         4      0x14  cipher_wrap.o [10]
    .rodata               const     0x800'06d4         4      0x14  cipher_wrap.o [10]
    .rodata               const     0x800'06e8         4      0x14  cipher_wrap.o [10]
    .rodata               const     0x800'06fc         4       0xc  cipher_wrap.o [10]
    .rodata               const     0x800'0708         4       0xc  cipher_wrap.o [10]
    .rodata               const     0x800'0714         4       0xc  cipher_wrap.o [10]
    .rodata               const     0x800'0720         4       0xc  cipher_wrap.o [10]
    .rodata               const     0x800'072c         4       0xc  cipher_wrap.o [10]
    .rodata               const     0x800'0738         4       0xc  cipher_wrap.o [10]
    .rodata               const     0x800'0744         4      0x1c  cipher_wrap.o [10]
    .rodata               const     0x800'0760         4       0x8  cipher_wrap.o [10]
    .rodata               const     0x800'0768         4       0x8  cipher_wrap.o [10]
    .rodata               const     0x800'0770         4       0x8  cipher_wrap.o [10]
    .rodata               const     0x800'0778         4       0x8  cipher_wrap.o [10]
    .rodata               const     0x800'0780         4       0x8  cipher_wrap.o [10]
    .rodata               const     0x800'0788         4       0x8  cipher_wrap.o [10]
    .rodata               const     0x800'0790         4      0x1c  cipher_wrap.o [10]
    .rodata               const     0x800'07ac         4       0x8  cipher_wrap.o [10]
    .rodata               const     0x800'07b4         4       0x8  cipher_wrap.o [10]
    .rodata               const     0x800'07bc         4       0x8  cipher_wrap.o [10]
    .rodata               const     0x800'07c4         4       0x8  cipher_wrap.o [10]
    .rodata               const     0x800'07cc         4       0x8  cipher_wrap.o [10]
    .rodata               const     0x800'07d4         4       0x8  cipher_wrap.o [10]
    .rodata               const     0x800'07dc         4      0x1c  cipher_wrap.o [10]
    .rodata               const     0x800'07f8         4       0x8  cipher_wrap.o [10]
    .rodata               const     0x800'0800         4       0x8  cipher_wrap.o [10]
    .rodata               const     0x800'0808         4       0x8  cipher_wrap.o [10]
    .rodata               const     0x800'0810         4       0x8  cipher_wrap.o [10]
    .rodata               const     0x800'0818         4       0x8  cipher_wrap.o [10]
    .rodata               const     0x800'0820         4       0x8  cipher_wrap.o [10]
    .rodata               const     0x800'0828         4      0x98  cipher_wrap.o [10]
    .rodata               const     0x800'08c0         4      0x7c  cmsis_os2.o [3]
    .rodata               const     0x800'093c         4     0x258  em_cmu.o [18]
    .rodata               const     0x800'0b94         4      0x64  em_emu.o [18]
    .rodata               const     0x800'0bf8         4      0x68  em_eusart.o [18]
    .rodata               const     0x800'0c60         4      0x68  em_gpio.o [18]
    .rodata               const     0x800'0cc8         4      0x68  em_gpio.o [18]
    .rodata               const     0x800'0d30         4      0xcc  em_ldma.o [18]
    .rodata               const     0x800'0dfc         4      0x64  em_msc.o [18]
    .rodata               const     0x800'0e60         4      0x64  em_se.o [18]
    .rodata               const     0x800'0ec4         4      0x78  event_groups.o [7]
    .rodata               const     0x800'0f3c         4      0x1c  nvm3_hal_flash.o [19]
    .rodata               const     0x800'0f58         4       0x4  nvm3_lock.o [19]
    .rodata               const     0x800'0f5c         4      0x4c  pa_curves_efr32.o [14]
    .rodata               const     0x800'0fa8         4      0x4c  pa_curves_efr32.o [14]
    .rodata               const     0x800'0ff4         4      0x4c  pa_curves_efr32.o [14]
    .rodata               const     0x800'1040         4      0x4c  pa_curves_efr32.o [14]
    .rodata               const     0x800'108c         4      0x4c  pa_curves_efr32.o [14]
    .rodata               const     0x800'10d8         4      0x30  pa_curves_efr32.o [14]
    .rodata               const     0x800'1108         4      0x74  peripheral_sysrtc.o [26]
    .rodata               const     0x800'117c         4      0x98  port.o [12]
    .rodata               const     0x800'1214         4      0x74  queue.o [7]
    .rodata               const     0x800'1288         4      0x18  rail_config.o [6]
    .rodata               const     0x800'12a0         4       0x8  rail_config.o [6]
    .rodata               const     0x800'12a8         4       0xc  rail_config.o [6]
    .rodata               const     0x800'12b4         4       0xc  rail_config.o [6]
    .rodata               const     0x800'12c0         4       0xc  rail_config.o [6]
    .rodata               const     0x800'12cc         4       0xc  rail_config.o [6]
    .rodata               const     0x800'12d8         4       0xc  rail_config.o [6]
    .rodata               const     0x800'12e4         4       0xc  rail_config.o [6]
    .rodata               const     0x800'12f0         4       0xc  rail_config.o [6]
    .rodata               const     0x800'12fc         4       0xc  rail_config.o [6]
    .rodata               const     0x800'1308         4       0xc  rail_config.o [6]
    .rodata               const     0x800'1314         4       0xc  rail_config.o [6]
    .rodata               const     0x800'1320         4       0xc  rail_config.o [6]
    .rodata               const     0x800'132c         4       0xc  rail_config.o [6]
    .rodata               const     0x800'1338         4      0x24  rail_config.o [6]
    .rodata               const     0x800'135c         4      0x2c  rail_config.o [6]
    .rodata               const     0x800'1388         4       0x8  rail_config.o [6]
    .rodata               const     0x800'1390         4       0x8  rail_config.o [6]
    .rodata               const     0x800'1398         4       0x8  rail_config.o [6]
    .rodata               const     0x800'13a0         4       0x8  rail_config.o [6]
    .rodata               const     0x800'13a8         4       0x8  rail_config.o [6]
    .rodata               const     0x800'13b0         4       0x8  rail_config.o [6]
    .rodata               const     0x800'13b8         4       0x8  rail_config.o [6]
    .rodata               const     0x800'13c0         4       0x8  rail_config.o [6]
    .rodata               const     0x800'13c8         4       0x8  rail_config.o [6]
    .rodata               const     0x800'13d0         4       0x8  rail_config.o [6]
    .rodata               const     0x800'13d8         4       0x8  rail_config.o [6]
    .rodata               const     0x800'13e0         4       0x8  rail_config.o [6]
    .rodata               const     0x800'13e8         4       0x8  rail_config.o [6]
    .rodata               const     0x800'13f0         4       0x8  rail_config.o [6]
    .rodata               const     0x800'13f8         4       0x8  rail_config.o [6]
    .rodata               const     0x800'1400         4       0x8  rail_config.o [6]
    .rodata               const     0x800'1408         4       0x8  rail_config.o [6]
    .rodata               const     0x800'1410         4       0x8  rail_config.o [6]
    .rodata               const     0x800'1418         4       0x8  rail_config.o [6]
    .rodata               const     0x800'1420         4       0x8  rail_config.o [6]
    .rodata               const     0x800'1428         4       0x8  rail_config.o [6]
    .rodata               const     0x800'1430         4       0x8  rail_config.o [6]
    .rodata               const     0x800'1438         4       0x8  rail_config.o [6]
    .rodata               const     0x800'1440         4       0x8  rail_config.o [6]
    .rodata               const     0x800'1448         4       0x8  rail_config.o [6]
    .rodata               const     0x800'1450         4       0x8  rail_config.o [6]
    .rodata               const     0x800'1458         4       0x8  rail_config.o [6]
    .rodata               const     0x800'1460         4       0x8  rail_config.o [6]
    .rodata               const     0x800'1468         4       0x8  rail_config.o [6]
    .rodata               const     0x800'1470         4       0x8  rail_config.o [6]
    .rodata               const     0x800'1478         4       0x8  rail_config.o [6]
    .rodata               const     0x800'1480         4       0x8  rail_config.o [6]
    .rodata               const     0x800'1488         4       0x8  rail_config.o [6]
    .rodata               const     0x800'1490         4       0x8  rail_config.o [6]
    .rodata               const     0x800'1498         4       0x8  rail_config.o [6]
    .rodata               const     0x800'14a0         4       0x8  rail_config.o [6]
    .rodata               const     0x800'14a8         4       0x8  rail_config.o [6]
    .rodata               const     0x800'14b0         4       0x8  rail_config.o [6]
    .rodata               const     0x800'14b8         4       0x8  rail_config.o [6]
    .rodata               const     0x800'14c0         4       0x8  rail_config.o [6]
    .rodata               const     0x800'14c8         4       0x8  rail_config.o [6]
    .rodata               const     0x800'14d0         4       0x8  rail_config.o [6]
    .rodata               const     0x800'14d8         4       0x8  rail_config.o [6]
    .rodata               const     0x800'14e0         4       0x8  rail_config.o [6]
    .rodata               const     0x800'14e8         4       0x8  rail_config.o [6]
    .rodata               const     0x800'14f0         4       0x8  rail_config.o [6]
    .rodata               const     0x800'14f8         4       0x8  rail_config.o [6]
    .rodata               const     0x800'1500         4       0x8  rail_config.o [6]
    .rodata               const     0x800'1508         4       0x8  rail_config.o [6]
    .rodata               const     0x800'1510         4       0x8  rail_config.o [6]
    .rodata               const     0x800'1518         4       0x8  rail_config.o [6]
    .rodata               const     0x800'1520         4       0x8  rail_config.o [6]
    .rodata               const     0x800'1528         4       0x8  rail_config.o [6]
    .rodata               const     0x800'1530         4       0x8  rail_config.o [6]
    .rodata               const     0x800'1538         4       0x8  rail_config.o [6]
    .rodata               const     0x800'1540         4       0x8  rail_config.o [6]
    .rodata               const     0x800'1548         4       0x8  rail_config.o [6]
    .rodata               const     0x800'1550         4       0x8  rail_config.o [6]
    .rodata               const     0x800'1558         4       0x8  rail_config.o [6]
    .rodata               const     0x800'1560         4       0x8  rail_config.o [6]
    .rodata               const     0x800'1568         4       0x8  rail_config.o [6]
    .rodata               const     0x800'1570         4       0x8  rail_config.o [6]
    .rodata               const     0x800'1578         4       0x8  rail_config.o [6]
    .rodata               const     0x800'1580         4       0x8  rail_config.o [6]
    .rodata               const     0x800'1588         4       0x8  rail_config.o [6]
    .rodata               const     0x800'1590         4       0x8  rail_config.o [6]
    .rodata               const     0x800'1598         4       0x8  rail_config.o [6]
    .rodata               const     0x800'15a0         4       0x8  rail_config.o [6]
    .rodata               const     0x800'15a8         4       0x8  rail_config.o [6]
    .rodata               const     0x800'15b0         4       0x8  rail_config.o [6]
    .rodata               const     0x800'15b8         4       0x8  rail_config.o [6]
    .rodata               const     0x800'15c0         4       0x8  rail_config.o [6]
    .rodata               const     0x800'15c8         4       0x8  rail_config.o [6]
    .rodata               const     0x800'15d0         4       0x8  rail_config.o [6]
    .rodata               const     0x800'15d8         4       0x8  rail_config.o [6]
    .rodata               const     0x800'15e0         4       0x8  rail_config.o [6]
    .rodata               const     0x800'15e8         4       0x8  rail_config.o [6]
    .rodata               const     0x800'15f0         4       0x8  rail_config.o [6]
    .rodata               const     0x800'15f8         4       0x8  rail_config.o [6]
    .rodata               const     0x800'1600         4       0x8  rail_config.o [6]
    .rodata               const     0x800'1608         4       0x8  rail_config.o [6]
    .rodata               const     0x800'1610         4       0x8  rail_config.o [6]
    .rodata               const     0x800'1618         4       0x8  rail_config.o [6]
    .rodata               const     0x800'1620         4       0x8  rail_config.o [6]
    .rodata               const     0x800'1628         4       0x8  rail_config.o [6]
    .rodata               const     0x800'1630         4       0x8  rail_config.o [6]
    .rodata               const     0x800'1638         4       0x8  rail_config.o [6]
    .rodata               const     0x800'1640         4       0x8  rail_config.o [6]
    .rodata               const     0x800'1648         4       0x8  rail_config.o [6]
    .rodata               const     0x800'1650         4       0x8  rail_config.o [6]
    .rodata               const     0x800'1658         4       0x8  rail_config.o [6]
    .rodata               const     0x800'1660         4       0x8  rail_config.o [6]
    .rodata               const     0x800'1668         4       0x8  rail_config.o [6]
    .rodata               const     0x800'1670         4       0x8  rail_config.o [6]
    .rodata               const     0x800'1678         4       0x8  rail_config.o [6]
    .rodata               const     0x800'1680         4       0x8  rail_config.o [6]
    .rodata               const     0x800'1688         4       0x8  rail_config.o [6]
    .rodata               const     0x800'1690         4       0x8  rail_config.o [6]
    .rodata               const     0x800'1698         4       0x8  rail_config.o [6]
    .rodata               const     0x800'16a0         4       0x8  rail_config.o [6]
    .rodata               const     0x800'16a8         4       0x8  rail_config.o [6]
    .rodata               const     0x800'16b0         4       0x8  rail_config.o [6]
    .rodata               const     0x800'16b8         4       0x8  rail_config.o [6]
    .rodata               const     0x800'16c0         4       0x8  rail_config.o [6]
    .rodata               const     0x800'16c8         4       0x8  rail_config.o [6]
    .rodata               const     0x800'16d0         4       0x8  rail_config.o [6]
    .rodata               const     0x800'16d8         4       0x8  rail_config.o [6]
    .rodata               const     0x800'16e0         4       0x8  rail_config.o [6]
    .rodata               const     0x800'16e8         4       0x8  rail_config.o [6]
    .rodata               const     0x800'16f0         4       0x8  rail_config.o [6]
    .rodata               const     0x800'16f8         4       0x8  rail_config.o [6]
    .rodata               const     0x800'1700         4       0x8  rail_config.o [6]
    .rodata               const     0x800'1708         4       0x8  rail_config.o [6]
    .rodata               const     0x800'1710         4       0x8  rail_config.o [6]
    .rodata               const     0x800'1718         4       0x8  rail_config.o [6]
    .rodata               const     0x800'1720         4       0x8  rail_config.o [6]
    .rodata               const     0x800'1728         4       0x8  rail_config.o [6]
    .rodata               const     0x800'1730         4      0x50  rail_config.o [6]
    .rodata               const     0x800'1780         4      0x50  rail_config.o [6]
    .rodata               const     0x800'17d0         4      0x50  rail_config.o [6]
    .rodata               const     0x800'1820         4      0x50  rail_config.o [6]
    .rodata               const     0x800'1870         4      0x50  rail_config.o [6]
    .rodata               const     0x800'18c0         4      0x50  rail_config.o [6]
    .rodata               const     0x800'1910         4      0x50  rail_config.o [6]
    .rodata               const     0x800'1960         4      0x50  rail_config.o [6]
    .rodata               const     0x800'19b0         4      0x50  rail_config.o [6]
    .rodata               const     0x800'1a00         4      0x50  rail_config.o [6]
    .rodata               const     0x800'1a50         4      0x50  rail_config.o [6]
    .rodata               const     0x800'1aa0         4      0x50  rail_config.o [6]
    .rodata               const     0x800'1af0         4      0x50  rail_config.o [6]
    .rodata               const     0x800'1b40         4      0x50  rail_config.o [6]
    .rodata               const     0x800'1b90         4      0x50  rail_config.o [6]
    .rodata               const     0x800'1be0         4      0x50  rail_config.o [6]
    .rodata               const     0x800'1c30         4      0x50  rail_config.o [6]
    .rodata               const     0x800'1c80         4      0x50  rail_config.o [6]
    .rodata               const     0x800'1cd0         4      0x50  rail_config.o [6]
    .rodata               const     0x800'1d20         4      0x50  rail_config.o [6]
    .rodata               const     0x800'1d70         4      0x50  rail_config.o [6]
    .rodata               const     0x800'1dc0         4      0x50  rail_config.o [6]
    .rodata               const     0x800'1e10         4      0x50  rail_config.o [6]
    .rodata               const     0x800'1e60         4      0x50  rail_config.o [6]
    .rodata               const     0x800'1eb0         4      0x50  rail_config.o [6]
    .rodata               const     0x800'1f00         4      0x50  rail_config.o [6]
    .rodata               const     0x800'1f50         4      0x50  rail_config.o [6]
    .rodata               const     0x800'1fa0         4      0x50  rail_config.o [6]
    .rodata               const     0x800'1ff0         4      0x50  rail_config.o [6]
    .rodata               const     0x800'2040         4      0x50  rail_config.o [6]
    .rodata               const     0x800'2090         4      0x50  rail_config.o [6]
    .rodata               const     0x800'20e0         4      0x50  rail_config.o [6]
    .rodata               const     0x800'2130         4      0x50  rail_config.o [6]
    .rodata               const     0x800'2180         4      0x50  rail_config.o [6]
    .rodata               const     0x800'21d0         4      0x50  rail_config.o [6]
    .rodata               const     0x800'2220         4      0x50  rail_config.o [6]
    .rodata               const     0x800'2270         4      0x50  rail_config.o [6]
    .rodata               const     0x800'22c0         4      0x50  rail_config.o [6]
    .rodata               const     0x800'2310         4      0x50  rail_config.o [6]
    .rodata               const     0x800'2360         4      0x50  rail_config.o [6]
    .rodata               const     0x800'23b0         4      0x50  rail_config.o [6]
    .rodata               const     0x800'2400         4      0x50  rail_config.o [6]
    .rodata               const     0x800'2450         4      0x50  rail_config.o [6]
    .rodata               const     0x800'24a0         4      0x50  rail_config.o [6]
    .rodata               const     0x800'24f0         4      0x50  rail_config.o [6]
    .rodata               const     0x800'2540         4      0x50  rail_config.o [6]
    .rodata               const     0x800'2590         4      0x50  rail_config.o [6]
    .rodata               const     0x800'25e0         4     0x3e0  rail_config.o [6]
    .rodata               const     0x800'29c0         4     0x438  rail_config.o [6]
    .rodata               const     0x800'2df8         4     0x4e4  rail_config.o [6]
    .rodata               const     0x800'32dc         4     0x4e4  rail_config.o [6]
    .rodata               const     0x800'37c0         4     0x4e4  rail_config.o [6]
    .rodata               const     0x800'3ca4         4     0x4e4  rail_config.o [6]
    .rodata               const     0x800'4188         4     0x4e4  rail_config.o [6]
    .rodata               const     0x800'466c         4     0x4e4  rail_config.o [6]
    .rodata               const     0x800'4b50         4     0x4e4  rail_config.o [6]
    .rodata               const     0x800'5034         4     0x4e4  rail_config.o [6]
    .rodata               const     0x800'5518         4     0x4e4  rail_config.o [6]
    .rodata               const     0x800'59fc         4     0x4e4  rail_config.o [6]
    .rodata               const     0x800'5ee0         4     0x4e4  rail_config.o [6]
    .rodata               const     0x800'63c4         4     0x4e4  rail_config.o [6]
    .rodata               const     0x800'68a8         4     0x4e4  rail_config.o [6]
    .rodata               const     0x800'6d8c         4     0x4e4  rail_config.o [6]
    .rodata               const     0x800'7270         4     0x4e4  rail_config.o [6]
    .rodata               const     0x800'7754         4     0x4e4  rail_config.o [6]
    .rodata               const     0x800'7c38         4     0x4e4  rail_config.o [6]
    .rodata               const     0x800'811c         4     0x4e4  rail_config.o [6]
    .rodata               const     0x800'8600         4     0x4e4  rail_config.o [6]
    .rodata               const     0x800'8ae4         4     0x4e4  rail_config.o [6]
    .rodata               const     0x800'8fc8         4     0x4e4  rail_config.o [6]
    .rodata               const     0x800'94ac         4     0x4e4  rail_config.o [6]
    .rodata               const     0x800'9990         4     0x4e4  rail_config.o [6]
    .rodata               const     0x800'9e74         4     0x4e4  rail_config.o [6]
    .rodata               const     0x800'a358         4     0x4e4  rail_config.o [6]
    .rodata               const     0x800'a83c         4     0x4e4  rail_config.o [6]
    .rodata               const     0x800'ad20         4     0x4e4  rail_config.o [6]
    .rodata               const     0x800'b204         4     0x4e4  rail_config.o [6]
    .rodata               const     0x800'b6e8         4     0x4e4  rail_config.o [6]
    .rodata               const     0x800'bbcc         4     0x4e4  rail_config.o [6]
    .rodata               const     0x800'c0b0         4     0x4e4  rail_config.o [6]
    .rodata               const     0x800'c594         4     0x4e4  rail_config.o [6]
    .rodata               const     0x800'ca78         4     0x4e4  rail_config.o [6]
    .rodata               const     0x800'cf5c         4     0x4e4  rail_config.o [6]
    .rodata               const     0x800'd440         4     0x4e4  rail_config.o [6]
    .rodata               const     0x800'd924         4     0x4e4  rail_config.o [6]
    .rodata               const     0x800'de08         4     0x4e4  rail_config.o [6]
    .rodata               const     0x800'e2ec         4     0x4e4  rail_config.o [6]
    .rodata               const     0x800'e7d0         4     0x4e4  rail_config.o [6]
    .rodata               const     0x800'ecb4         4     0x4e4  rail_config.o [6]
    .rodata               const     0x800'f198         4     0x4e4  rail_config.o [6]
    .rodata               const     0x800'f67c         4     0x164  rail_config.o [6]
    .rodata               const     0x800'f7e0         4     0x164  rail_config.o [6]
    .rodata               const     0x800'f944         4     0x164  rail_config.o [6]
    .rodata               const     0x800'faa8         4     0x164  rail_config.o [6]
    .rodata               const     0x800'fc0c         4     0x164  rail_config.o [6]
    .rodata               const     0x800'fd70         4     0x164  rail_config.o [6]
    .rodata               const     0x800'fed4         4     0x164  rail_config.o [6]
    .rodata               const     0x801'0038         4     0x164  rail_config.o [6]
    .rodata               const     0x801'019c         4     0x164  rail_config.o [6]
    .rodata               const     0x801'0300         4     0x164  rail_config.o [6]
    .rodata               const     0x801'0464         4     0x164  rail_config.o [6]
    .rodata               const     0x801'05c8         4     0x164  rail_config.o [6]
    .rodata               const     0x801'072c         4     0x164  rail_config.o [6]
    .rodata               const     0x801'0890         4     0x164  rail_config.o [6]
    .rodata               const     0x801'09f4         4     0x164  rail_config.o [6]
    .rodata               const     0x801'0b58         4     0x164  rail_config.o [6]
    .rodata               const     0x801'0cbc         4     0x164  rail_config.o [6]
    .rodata               const     0x801'0e20         4     0x164  rail_config.o [6]
    .rodata               const     0x801'0f84         4     0x164  rail_config.o [6]
    .rodata               const     0x801'10e8         4     0x164  rail_config.o [6]
    .rodata               const     0x801'124c         4     0x108  rail_config.o [6]
    .rodata               const     0x801'1354         4     0x108  rail_config.o [6]
    .rodata               const     0x801'145c         4     0x108  rail_config.o [6]
    .rodata               const     0x801'1564         4     0x108  rail_config.o [6]
    .rodata               const     0x801'166c         4     0x108  rail_config.o [6]
    .rodata               const     0x801'1774         4     0x108  rail_config.o [6]
    .rodata               const     0x801'187c         4     0x108  rail_config.o [6]
    .rodata               const     0x801'1984         4     0x108  rail_config.o [6]
    .rodata               const     0x801'1a8c         4     0x108  rail_config.o [6]
    .rodata               const     0x801'1b94         4     0x108  rail_config.o [6]
    .rodata               const     0x801'1c9c         4     0x108  rail_config.o [6]
    .rodata               const     0x801'1da4         4     0x108  rail_config.o [6]
    .rodata               const     0x801'1eac         4     0x108  rail_config.o [6]
    .rodata               const     0x801'1fb4         4     0x108  rail_config.o [6]
    .rodata               const     0x801'20bc         4     0x108  rail_config.o [6]
    .rodata               const     0x801'21c4         4     0x108  rail_config.o [6]
    .rodata               const     0x801'22cc         4     0x108  rail_config.o [6]
    .rodata               const     0x801'23d4         4     0x108  rail_config.o [6]
    .rodata               const     0x801'24dc         4     0x168  rail_config.o [6]
    .rodata               const     0x801'2644         4     0x168  rail_config.o [6]
    .rodata               const     0x801'27ac         4      0xd8  rail_config.o [6]
    .rodata               const     0x801'2884         4      0xd8  rail_config.o [6]
    .rodata               const     0x801'295c         4      0xd8  rail_config.o [6]
    .rodata               const     0x801'2a34         4     0x168  rail_config.o [6]
    .rodata               const     0x801'2b9c         4      0xd8  rail_config.o [6]
    .rodata               const     0x801'2c74         4      0x24  rail_config.o [6]
    .rodata               const     0x801'2c98         4      0x24  rail_config.o [6]
    .rodata               const     0x801'2cbc         4      0x24  rail_config.o [6]
    .rodata               const     0x801'2ce0         4      0x24  rail_config.o [6]
    .rodata               const     0x801'2d04         4      0x24  rail_config.o [6]
    .rodata               const     0x801'2d28         4      0x24  rail_config.o [6]
    .rodata               const     0x801'2d4c         4      0x24  rail_config.o [6]
    .rodata               const     0x801'2d70         4      0x24  rail_config.o [6]
    .rodata               const     0x801'2d94         4      0x24  rail_config.o [6]
    .rodata               const     0x801'2db8         4      0x24  rail_config.o [6]
    .rodata               const     0x801'2ddc         4      0x24  rail_config.o [6]
    .rodata               const     0x801'2e00         4      0x24  rail_config.o [6]
    .rodata               const     0x801'2e24         4      0x24  rail_config.o [6]
    .rodata               const     0x801'2e48         4      0x24  rail_config.o [6]
    .rodata               const     0x801'2e6c         4      0x24  rail_config.o [6]
    .rodata               const     0x801'2e90         4      0x24  rail_config.o [6]
    .rodata               const     0x801'2eb4         4      0x24  rail_config.o [6]
    .rodata               const     0x801'2ed8         4      0x24  rail_config.o [6]
    .rodata               const     0x801'2efc         4      0x24  rail_config.o [6]
    .rodata               const     0x801'2f20         4      0x24  rail_config.o [6]
    .rodata               const     0x801'2f44         4      0x24  rail_config.o [6]
    .rodata               const     0x801'2f68         4      0x24  rail_config.o [6]
    .rodata               const     0x801'2f8c         4      0x24  rail_config.o [6]
    .rodata               const     0x801'2fb0         4      0x24  rail_config.o [6]
    .rodata               const     0x801'2fd4         4      0x24  rail_config.o [6]
    .rodata               const     0x801'2ff8         4      0x24  rail_config.o [6]
    .rodata               const     0x801'301c         4      0x24  rail_config.o [6]
    .rodata               const     0x801'3040         4      0x24  rail_config.o [6]
    .rodata               const     0x801'3064         4      0x24  rail_config.o [6]
    .rodata               const     0x801'3088         4      0x24  rail_config.o [6]
    .rodata               const     0x801'30ac         4      0x24  rail_config.o [6]
    .rodata               const     0x801'30d0         4      0x24  rail_config.o [6]
    .rodata               const     0x801'30f4         4      0x24  rail_config.o [6]
    .rodata               const     0x801'3118         4      0x24  rail_config.o [6]
    .rodata               const     0x801'313c         4      0x24  rail_config.o [6]
    .rodata               const     0x801'3160         4      0x24  rail_config.o [6]
    .rodata               const     0x801'3184         4      0x24  rail_config.o [6]
    .rodata               const     0x801'31a8         4      0x24  rail_config.o [6]
    .rodata               const     0x801'31cc         4      0x24  rail_config.o [6]
    .rodata               const     0x801'31f0         4      0x24  rail_config.o [6]
    .rodata               const     0x801'3214         4      0x24  rail_config.o [6]
    .rodata               const     0x801'3238         4      0x24  rail_config.o [6]
    .rodata               const     0x801'325c         4      0x24  rail_config.o [6]
    .rodata               const     0x801'3280         4      0x24  rail_config.o [6]
    .rodata               const     0x801'32a4         4      0x24  rail_config.o [6]
    .rodata               const     0x801'32c8         4      0x24  rail_config.o [6]
    .rodata               const     0x801'32ec         4      0x24  rail_config.o [6]
    .rodata               const     0x801'3310         4      0x24  rail_config.o [6]
    .rodata               const     0x801'3334         4      0x24  rail_config.o [6]
    .rodata               const     0x801'3358         4      0x24  rail_config.o [6]
    .rodata               const     0x801'337c         4      0x24  rail_config.o [6]
    .rodata               const     0x801'33a0         4      0x24  rail_config.o [6]
    .rodata               const     0x801'33c4         4      0x24  rail_config.o [6]
    .rodata               const     0x801'33e8         4      0x24  rail_config.o [6]
    .rodata               const     0x801'340c         4      0x24  rail_config.o [6]
    .rodata               const     0x801'3430         4      0x24  rail_config.o [6]
    .rodata               const     0x801'3454         4      0x24  rail_config.o [6]
    .rodata               const     0x801'3478         4      0x24  rail_config.o [6]
    .rodata               const     0x801'349c         4      0x24  rail_config.o [6]
    .rodata               const     0x801'34c0         4      0x24  rail_config.o [6]
    .rodata               const     0x801'34e4         4      0x24  rail_config.o [6]
    .rodata               const     0x801'3508         4      0x24  rail_config.o [6]
    .rodata               const     0x801'352c         4      0x24  rail_config.o [6]
    .rodata               const     0x801'3550         4      0x18  rail_config.o [6]
    .rodata               const     0x801'3568         4      0x18  rail_config.o [6]
    .rodata               const     0x801'3580         4      0x18  rail_config.o [6]
    .rodata               const     0x801'3598         4      0x18  rail_config.o [6]
    .rodata               const     0x801'35b0         4      0x18  rail_config.o [6]
    .rodata               const     0x801'35c8         4      0x18  rail_config.o [6]
    .rodata               const     0x801'35e0         4      0x18  rail_config.o [6]
    .rodata               const     0x801'35f8         4      0x18  rail_config.o [6]
    .rodata               const     0x801'3610         4      0x18  rail_config.o [6]
    .rodata               const     0x801'3628         4      0x18  rail_config.o [6]
    .rodata               const     0x801'3640         4      0x18  rail_config.o [6]
    .rodata               const     0x801'3658         4      0x18  rail_config.o [6]
    .rodata               const     0x801'3670         4      0x18  rail_config.o [6]
    .rodata               const     0x801'3688         4      0x18  rail_config.o [6]
    .rodata               const     0x801'36a0         4      0x18  rail_config.o [6]
    .rodata               const     0x801'36b8         4      0x18  rail_config.o [6]
    .rodata               const     0x801'36d0         4      0x18  rail_config.o [6]
    .rodata               const     0x801'36e8         4      0x18  rail_config.o [6]
    .rodata               const     0x801'3700         4      0x18  rail_config.o [6]
    .rodata               const     0x801'3718         4      0x18  rail_config.o [6]
    .rodata               const     0x801'3730         4      0x18  rail_config.o [6]
    .rodata               const     0x801'3748         4      0x18  rail_config.o [6]
    .rodata               const     0x801'3760         4      0x18  rail_config.o [6]
    .rodata               const     0x801'3778         4      0x18  rail_config.o [6]
    .rodata               const     0x801'3790         4      0x18  rail_config.o [6]
    .rodata               const     0x801'37a8         4      0x18  rail_config.o [6]
    .rodata               const     0x801'37c0         4      0x18  rail_config.o [6]
    .rodata               const     0x801'37d8         4      0x18  rail_config.o [6]
    .rodata               const     0x801'37f0         4      0x18  rail_config.o [6]
    .rodata               const     0x801'3808         4      0x18  rail_config.o [6]
    .rodata               const     0x801'3820         4      0x18  rail_config.o [6]
    .rodata               const     0x801'3838         4      0x18  rail_config.o [6]
    .rodata               const     0x801'3850         4      0x18  rail_config.o [6]
    .rodata               const     0x801'3868         4      0x18  rail_config.o [6]
    .rodata               const     0x801'3880         4      0x18  rail_config.o [6]
    .rodata               const     0x801'3898         4      0x18  rail_config.o [6]
    .rodata               const     0x801'38b0         4      0x18  rail_config.o [6]
    .rodata               const     0x801'38c8         4      0x18  rail_config.o [6]
    .rodata               const     0x801'38e0         4      0x18  rail_config.o [6]
    .rodata               const     0x801'38f8         4      0x18  rail_config.o [6]
    .rodata               const     0x801'3910         4      0x18  rail_config.o [6]
    .rodata               const     0x801'3928         4      0x18  rail_config.o [6]
    .rodata               const     0x801'3940         4      0x18  rail_config.o [6]
    .rodata               const     0x801'3958         4      0x18  rail_config.o [6]
    .rodata               const     0x801'3970         4      0x18  rail_config.o [6]
    .rodata               const     0x801'3988         4      0x18  rail_config.o [6]
    .rodata               const     0x801'39a0         4      0x18  rail_config.o [6]
    .rodata               const     0x801'39b8         4      0x18  rail_config.o [6]
    .rodata               const     0x801'39d0         4      0x18  rail_config.o [6]
    .rodata               const     0x801'39e8         4      0x18  rail_config.o [6]
    .rodata               const     0x801'3a00         4      0x18  rail_config.o [6]
    .rodata               const     0x801'3a18         4      0x18  rail_config.o [6]
    .rodata               const     0x801'3a30         4      0x18  rail_config.o [6]
    .rodata               const     0x801'3a48         4      0x18  rail_config.o [6]
    .rodata               const     0x801'3a60         4      0x18  rail_config.o [6]
    .rodata               const     0x801'3a78         4      0x18  rail_config.o [6]
    .rodata               const     0x801'3a90         4      0x18  rail_config.o [6]
    .rodata               const     0x801'3aa8         4      0x18  rail_config.o [6]
    .rodata               const     0x801'3ac0         4      0x18  rail_config.o [6]
    .rodata               const     0x801'3ad8         4      0x18  rail_config.o [6]
    .rodata               const     0x801'3af0         4      0x18  rail_config.o [6]
    .rodata               const     0x801'3b08         4      0x18  rail_config.o [6]
    .rodata               const     0x801'3b20         4      0x18  rail_config.o [6]
    .rodata               const     0x801'3b38         4      0x18  rail_config.o [6]
    .rodata               const     0x801'3b50         4      0x18  rail_config.o [6]
    .rodata               const     0x801'3b68         4      0x18  rail_config.o [6]
    .rodata               const     0x801'3b80         4      0x18  rail_config.o [6]
    .rodata               const     0x801'3b98         4      0x18  rail_config.o [6]
    .rodata               const     0x801'3bb0         4      0x18  rail_config.o [6]
    .rodata               const     0x801'3bc8         4      0x18  rail_config.o [6]
    .rodata               const     0x801'3be0         4      0x40  rail_config.o [6]
    .rodata               const     0x801'3c20         4      0x28  sl_device_init_hfxo_s2.o [25]
    .rodata               const     0x801'3c48         4      0x74  sl_iostream.o [24]
    .rodata               const     0x801'3cbc         4      0x84  sl_iostream_retarget_stdio.o [24]
    .rodata               const     0x801'3d40         4      0x90  sl_mbedtls.o [21]
    .rodata               const     0x801'3dd0         4      0x8c  sl_mbedtls.o [21]
    .rodata               const     0x801'3e5c         4      0x8c  sl_psa_its_nvm3.o [23]
    .rodata               const     0x801'3ee8         4      0x28  sl_ring.o [30]
    .rodata               const     0x801'3f10         4      0x64  sl_se_manager.o [16]
    .rodata               const     0x801'3f74         4      0x88  sl_se_manager.o [16]
    .rodata               const     0x801'3ffc         4      0x78  sl_sleeptimer.o [27]
    .rodata               const     0x801'4074         4      0x68  sl_slist.o [28]
    .rodata               const     0x801'40dc         4      0x24  sl_wsrcp.o [30]
    .rodata               const     0x801'4100         4       0xc  sl_wsrcp.o [30]
    .rodata               const     0x801'410c         4      0x2c  sl_wsrcp.o [30]
    .rodata               const     0x801'4138         4      0x24  sl_wsrcp.o [30]
    .rodata               const     0x801'415c         4     0x200  sl_wsrcp_crc.o [30]
    .rodata               const     0x801'435c         4      0x24  sl_wsrcp_eusart.o [30]
    .rodata               const     0x801'4380         4      0x28  sl_wsrcp_uart.o [30]
    .rodata               const     0x801'43a8         4      0x28  sl_wsrcp_uart.o [30]
    .rodata               const     0x801'43d0         4      0x2c  sl_wsrcp_uart.o [30]
    .rodata               const     0x801'43fc         4      0x54  sl_wsrcp_uart.o [30]
    .rodata               const     0x801'4450         4      0x74  tasks.o [7]
    .rodata               const     0x801'44c4         4      0x74  timers.o [7]
    .rodata               const     0x801'4538         4      0xcc  sl_wsrcp_api.o [35]
    .rodata               const     0x801'4604         4      0x84  sl_wsrcp_api.o [35]
    .rodata               const     0x801'4688         4      0xf0  sl_wsrcp_api.o [35]
    .rodata               const     0x801'4778         4     0x1cc  sli_wisun_timer_service.o [34]
    .rodata               const     0x801'4944         4      0x10  sli_wisun_timer_service.o [34]
    .rodata               const     0x801'4954         4      0x24  sli_wisun_timer_service.o [34]
    .rodata               const     0x801'4978         4      0x24  sli_wisun_timer_service.o [34]
    .rodata               const     0x801'499c         4      0x28  sl_wsrcp_nsmac.o [35]
    .rodata               const     0x801'49c4         4      0x28  sl_wsrcp_nsmac.o [35]
    .rodata               const     0x801'49ec         4      0x50  sl_wsrcp_nsmac.o [35]
    .rodata               const     0x801'4a3c         4      0xbc  sl_wsrcp_nsmac.o [35]
    .rodata               const     0x801'4af8         4       0xc  rail_rf.o [33]
    .rodata               const     0x801'4b04         4     0x118  fhss_ws.o [34]
    .rodata               const     0x801'4c1c         4      0x28  fhss_ws.o [34]
    .rodata               const     0x801'4c44         4      0xa8  fhss_ws.o [34]
    .rodata               const     0x801'4cec         4      0xbc  fhss_ws_lfn.o [34]
    .rodata               const     0x801'4da8         4      0x58  fhss_ws_lfn.o [34]
    .rodata               const     0x801'4e00         4      0x4c  fhss_ws_lfn.o [34]
    .rodata               const     0x801'4e4c         4      0x28  fhss_ws_lfn.o [34]
    .rodata               const     0x801'4e74         4      0x30  fhss_ws_lfn.o [34]
    .rodata               const     0x801'4ea4         4      0x24  fhss_ws_lfn.o [34]
    .rodata               const     0x801'4ec8         4      0x2c  fhss_ws_lfn.o [34]
    .rodata               const     0x801'4ef4         4      0x24  sl_wsrcp_hif.o [35]
    .rodata               const     0x801'4f18         4      0x58  iobuf.o [34]
    .rodata               const     0x801'4f70         4      0xc0  sw_mac.o [34]
    .rodata               const     0x801'5030         4      0x3c  sw_mac.o [34]
    .rodata               const     0x801'506c         4      0x2c  mac_mcps_sap.o [34]
    .rodata               const     0x801'5098         4      0xc4  mac_mcps_sap.o [34]
    .rodata               const     0x801'515c         4     0x118  mac_mcps_sap.o [34]
    .rodata               const     0x801'5274         4     0x148  mac_mcps_sap.o [34]
    .rodata               const     0x801'53bc         4      0x50  mac_mcps_sap.o [34]
    .rodata               const     0x801'540c         4      0x24  mac_mcps_sap.o [34]
    .rodata               const     0x801'5430         4      0x68  mac_mcps_sap.o [34]
    .rodata               const     0x801'5498         4      0x34  mac_mcps_sap.o [34]
    .rodata               const     0x801'54cc         4      0x28  mac_mcps_sap.o [34]
    .rodata               const     0x801'54f4         4     0x73c  sli_wisun_driver.o [34]
    .rodata               const     0x801'5c30         4      0xb4  sli_wisun_driver.o [34]
    .rodata               const     0x801'5ce4         4      0x10  sli_wisun_driver.o [34]
    .rodata               const     0x801'5cf4         4      0x18  sli_wisun_driver.o [34]
    .rodata               const     0x801'5d0c         4      0x60  sli_wisun_driver.o [34]
    .rodata               const     0x801'5d6c         4      0x30  sli_wisun_driver.o [34]
    .rodata               const     0x801'5d9c         4      0x50  sli_wisun_driver.o [34]
    .rodata               const     0x801'5dec         4      0x50  sli_wisun_driver.o [34]
    .rodata               const     0x801'5e3c         4      0x28  sli_wisun_driver.o [34]
    .rodata               const     0x801'5e64         4      0x50  sli_wisun_driver.o [34]
    .rodata               const     0x801'5eb4         4      0xb0  sli_wisun_crypto.o [34]
    .rodata               const     0x801'5f64         4      0x50  sli_wisun_crypto.o [34]
    .rodata               const     0x801'5fb4         4       0x8  sl_wsrcp_version.o [35]
    .rodata               const     0x801'5fbc         4      0x5c  sl_wsrcp_frame_helpers.o [35]
    .rodata               const     0x801'6018         4      0x50  rail_singleprotocol.o [33]
    .rodata               const     0x801'6068         4      0x2c  rfhal_radio.o [33]
    .rodata               const     0x801'6094         4       0x4  rfhal_bufc.o [33]
    .rodata               const     0x801'6098         4       0x4  rfhal_standard_phys.o [33]
    .rodata               const     0x801'609c         4       0x4  rfhal_standard_phys.o [33]
    .rodata               const     0x801'60a0         4      0x74  channel_functions.o [34]
    .rodata               const     0x801'6114         4      0xe0  arm_hal_interrupt.o [34]
    .rodata               const     0x801'61f4         4      0x18  arm_hal_interrupt.o [34]
    .rodata               const     0x801'620c         4      0x9c  mac_pd_sap.o [34]
    .rodata               const     0x801'62a8         4      0x90  mac_pd_sap.o [34]
    .rodata               const     0x801'6338         4      0xe0  mac_pd_sap.o [34]
    .rodata               const     0x801'6418         4     0x13c  mac_header_helper_functions.o [34]
    .rodata               const     0x801'6554         4      0xa8  mac_mlme.o [34]
    .rodata               const     0x801'65fc         4      0x78  mac_regulation.o [34]
    .rodata               const     0x801'6674         4      0x28  mac_mode_switch.o [34]
    .rodata               const     0x801'669c         4      0x24  mac_mode_switch.o [34]
    .rodata               const     0x801'66c0         4      0xf4  mac_mode_switch.o [34]
    .rodata               const     0x801'67b4         4      0x7c  mac_security_mib.o [34]
    .rodata               const     0x801'6830         4      0x24  rail_ieee802154.o [33]
    .rodata               const     0x801'6854         4     0x178  ns_event_loop.o [34]
    .rodata               const     0x801'69cc         4      0x18  ns_event_loop.o [34]
    .rodata               const     0x801'69e4         4      0x20  ns_event_loop.o [34]
    .rodata               const     0x801'6a04         4    0x39a4  generic_efr32xg28_release_seq.o [33]
    .rodata               const     0x801'a3a8         4     0x654  generic_efr32xg28_release_seq.o [33]
    .rodata               const     0x801'a9fc         4       0x4  generic_efr32xg28_release_seq.o [33]
    .rodata               const     0x801'aa00         4      0x18  generic_efr32xg28_release_seq.o [33]
    .rodata               const     0x801'aa18         4      0x18  generic_efr32xg28_release_seq.o [33]
    .rodata               const     0x801'aa30         4      0x18  generic_efr32xg28_release_seq.o [33]
    .rodata               const     0x801'aa48         4      0x18  generic_efr32xg28_release_seq.o [33]
    .rodata               const     0x801'aa60         4      0x18  generic_efr32xg28_release_seq.o [33]
    .rodata               const     0x801'aa78         4      0x18  ieee802154_efr32xg28_configurator_out.o [33]
    .rodata               const     0x801'aa90         4       0xc  ieee802154_efr32xg28_configurator_out.o [33]
    .rodata               const     0x801'aa9c         4      0x30  ieee802154_efr32xg28_configurator_out.o [33]
    .rodata               const     0x801'aacc         4      0x50  ieee802154_efr32xg28_configurator_out.o [33]
    .rodata               const     0x801'ab1c         4     0x4c0  ieee802154_efr32xg28_configurator_out.o [33]
    .rodata               const     0x801'afdc         4      0x24  ieee802154_efr32xg28_configurator_out.o [33]
    .rodata               const     0x801'b000         4      0x18  ieee802154_efr32xg28_configurator_out.o [33]
    .rodata               const     0x801'b018         4      0x40  mac_regulation_arib.o [34]
    .rodata               const     0x801'b058         4      0x2c  mac_regulation_arib.o [34]
    .rodata               const     0x801'b084         4      0xb0  mac_regulation_arib.o [34]
    .text                 ro code   0x801'b134         4     0xe14  bignum.o [10]
    .text                 ro code   0x801'bf48         4     0x60e  bignum_core.o [10]
    .text                 ro code   0x801'c556         2      0x1a  xsnprout.o [31]
    .text                 ro code   0x801'c570         4      0x2c  platform_util.o [10]
    .text                 ro code   0x801'c59c         2      0x58  sl_malloc.o [11]
    .text                 ro code   0x801'c5f4         4      0x18  ABImemcpy_small.o [37]
    .text                 ro code   0x801'c60c         4       0x6  ABImemclr4.o [37]
    .text                 ro code   0x801'c612         2      0x7e  lz77_init_single.o [37]
    .text                 ro code   0x801'c690         4       0x6  ABImemclr.o [37]
    .rodata               const     0x801'c696                 0x1  nvm3_lock.o [19]
    .rodata               const     0x801'c697                 0x1  rail_config.o [6]
    .text                 ro code   0x801'c698         4     0x14a  I64DivMod_small.o [37]
    .text                 ro code   0x801'c7e2         2       0x8  em_core.o [18]
    .text                 ro code   0x801'c7ec         4     0x170  heap0.o [31]
    .text                 ro code   0x801'c95c         2       0x6  em_core.o [18]
    .text                 ro code   0x801'c962         2       0x4  heaptramp0.o [31]
    .text                 ro code   0x801'c968         4      0x3a  ABImemset48.o [37]
    .text                 ro code   0x801'c9a4         4      0x12  ABImemset_small.o [37]
    .text                 ro code   0x801'c9b8         4       0x2  I64DivZer.o [37]
    .text                 ro code   0x801'c9bc         4      0x2c  xgetmemchunk.o [31]
    .text                 ro code   0x801'c9e8         2      0x12  xxmemxmemzero.o [31]
    .text                 ro code   0x801'c9fc         4     0x3b0  cipher.o [10]
[...]
timingConfig_1           0x800'12b4     0xc  Data  Lc  rail_config.o [6]
timingConfig_10          0x800'1320     0xc  Data  Lc  rail_config.o [6]
timingConfig_11          0x800'132c     0xc  Data  Lc  rail_config.o [6]
timingConfig_2           0x800'12c0     0xc  Data  Lc  rail_config.o [6]
timingConfig_3           0x800'12cc     0xc  Data  Lc  rail_config.o [6]
timingConfig_4           0x800'12d8     0xc  Data  Lc  rail_config.o [6]
timingConfig_5           0x800'12e4     0xc  Data  Lc  rail_config.o [6]
timingConfig_6           0x800'12f0     0xc  Data  Lc  rail_config.o [6]
timingConfig_7           0x800'12fc     0xc  Data  Lc  rail_config.o [6]
timingConfig_8           0x800'1308     0xc  Data  Lc  rail_config.o [6]
timingConfig_9           0x800'1314     0xc  Data  Lc  rail_config.o [6]
tr51_calc_nearest_prime_number
                         0x803'cfc1    0x44  Code  Gb  channel_functions.o [34]
tr51_calculate_hopping_sequence
                         0x803'd043    0x6a  Code  Lc  channel_functions.o [34]
tr51_compute_cfd         0x803'd01b    0x28  Code  Lc  channel_functions.o [34]
tr51_get_bc_channel_index
                         0x803'd22b    0x3e  Code  Gb  channel_functions.o [34]
tr51_get_rand            0x803'd005    0x16  Code  Lc  channel_functions.o [34]
tr51_get_uc_channel_index
                         0x803'd201    0x2a  Code  Gb  channel_functions.o [34]
tr51_init_channel_table
                         0x803'd199    0x56  Code  Gb  channel_functions.o [34]
traceClkGet              0x803'56e7    0x42  Code  Lc  em_cmu.o [18]
txPowerConfig2p4Ghz     0x2000'1038     0x8  Data  Lc  pa_conversions_efr32.o [14]
txPowerConfigSubGhz     0x2000'1040     0x8  Data  Lc  pa_conversions_efr32.o [14]
uart_crc_error           0x802'1d89    0x34  Code  Gb  sl_wsrcp.o [30]
uart_handle_rx_dma_complete
                         0x802'4639    0x80  Code  Lc  sl_wsrcp_uart.o [30]
uart_handle_rx_dma_complete::__func__
                         0x802'4c8c    0x1c  Data  Lc  sl_wsrcp_uart.o [30]
uart_handle_rx_dma_timeout
                         0x802'46c9    0xb4  Code  Gb  sl_wsrcp_uart.o [30]
uart_handle_rx_dma_timeout::__func__
                         0x802'4d30    0x1c  Data  Lc  sl_wsrcp_uart.o [30]
uart_handle_rx_overflow
                         0x802'4793    0x24  Code  Gb  sl_wsrcp_uart.o [30]
uart_handle_tx_dma_complete
                         0x802'46b9    0x10  Code  Lc  sl_wsrcp_uart.o [30]
uart_hw_init             0x802'af75    0xa8  Code  Gb  sl_wsrcp_eusart.o [30]
uart_init                0x802'4ac9   0x180  Code  Gb  sl_wsrcp_uart.o [30]
uart_rx                  0x802'4961   0x15a  Code  Gb  sl_wsrcp_uart.o [30]
uart_rx::__func__        0x802'4dcc     0x8  Data  Lc  sl_wsrcp_uart.o [30]
uart_rx_ready            0x802'1d7f     0xa  Code  Gb  sl_wsrcp.o [30]
uart_timeout             0x802'4937    0x2a  Code  Lc  sl_wsrcp_uart.o [30]
uart_tx                  0x802'47c1   0x16a  Code  Gb  sl_wsrcp_uart.o [30]
uart_tx::__func__        0x802'4d94     0x8  Data  Lc  sl_wsrcp_uart.o [30]
ulCriticalNesting       0x2000'104c     0x4  Data  Lc  port.o [12]
ulSetInterruptMask       0x803'4971          Code  Gb  portasm.o [12]
update_delta_list        0x804'3a3d    0x2e  Code  Lc  sl_sleeptimer.o [27]
uxCurrentNumberOfTasks  0x2000'147c     0x4  Data  Lc  tasks.o [7]
uxDeletedTasksWaitingCleanUp
                        0x2000'1464     0x4  Data  Lc  tasks.o [7]
uxListRemove             0x803'454f    0x28  Code  Gb  list.o [7]
uxSchedulerSuspended    0x2000'14a4     0x4  Data  Lc  tasks.o [7]
uxTaskNumber            0x2000'1498     0x4  Data  Lc  tasks.o [7]
uxTaskResetEventItemValue
                         0x802'90bd    0x16  Code  Gb  tasks.o [7]
uxTopReadyPriority      0x2000'1484     0x4  Data  Lc  tasks.o [7]
uxTopUsedPriority       0x2000'14a0     0x4  Data  Gb  tasks.o [7]
vApplicationGetIdleTaskMemory
                         0x803'4579    0x14  Code  Wk  cmsis_os2.o [3]
vApplicationGetIdleTaskMemory::Idle_Stack
                        0x2000'5a9c   0x280  Data  Lc  cmsis_os2.o [3]
vApplicationGetIdleTaskMemory::Idle_TCB
                        0x2000'5a3c    0x60  Data  Lc  cmsis_os2.o [3]
vApplicationGetTimerTaskMemory
                         0x803'dfd1    0x14  Code  Wk  cmsis_os2.o [3]
vApplicationGetTimerTaskMemory::Timer_Stack
                        0x2000'5d7c   0x280  Data  Lc  cmsis_os2.o [3]
vApplicationGetTimerTaskMemory::Timer_TCB
                        0x2000'5d1c    0x60  Data  Lc  cmsis_os2.o [3]
vApplicationStackOverflowHook
                         0x803'4a09    0x10  Code  Wk  cmsis_os2.o [3]
vClearInterruptMask      0x803'4987          Code  Gb  portasm.o [12]
vEventGroupClearBitsCallback
                         0x802'94f5     0x2  Code  Gb  event_groups.o [7]
vEventGroupSetBitsCallback
                         0x802'94ef     0x2  Code  Gb  event_groups.o [7]
vListInitialise          0x803'44e3    0x1a  Code  Gb  list.o [7]
vListInitialiseItem      0x803'44fd     0x6  Code  Gb  list.o [7]
vListInsert              0x803'451d    0x32  Code  Gb  list.o [7]
vListInsertEnd           0x803'4503    0x1a  Code  Gb  list.o [7]
vPortEnterCritical       0x802'9199    0x18  Code  Gb  port.o [12]
vPortExitCritical        0x802'91b1    0x20  Code  Gb  port.o [12]
vPortFree                0x803'44c9    0x1a  Code  Gb  heap_3.o [1]
vPortSVCHandler_C        0x802'91f1    0x26  Code  Gb  port.o [12]
vPortSetupTimerInterrupt
                         0x803'4a19    0x28  Code  Wk  port.o [12]
vPortYield               0x802'9185    0x12  Code  Gb  port.o [12]
vQueueAddToRegistry      0x802'9dd7    0x20  Code  Gb  queue.o [7]
vQueueDelete             0x802'9ca3    0x26  Code  Gb  queue.o [7]
vQueueUnregisterQueue    0x802'9df7    0x22  Code  Gb  queue.o [7]
vQueueWaitForMessageRestricted
                         0x802'9e25    0x48  Code  Gb  queue.o [7]
vRaisePrivilege          0x803'494b          Code  Gb  portasm.o [12]
vRestoreContextOfFirstTask
                         0x803'4925          Code  Gb  portasm.o [12]
vScaleEM01Config        0x2000'8e54     0x1  Data  Lc  em_emu.o [18]
vStartFirstTask          0x803'4959          Code  Gb  portasm.o [12]
vTaskDelay               0x802'89d5    0x32  Code  Gb  tasks.o [7]
vTaskInternalSetTimeOutState
                         0x802'8de3     0xe  Code  Gb  tasks.o [7]
vTaskMissedYield         0x802'8e61     0xa  Code  Gb  tasks.o [7]
vTaskPlaceOnEventList    0x802'8c7f    0x24  Code  Gb  tasks.o [7]
vTaskPlaceOnEventListRestricted
                         0x802'8cef    0x2a  Code  Gb  tasks.o [7]
vTaskPlaceOnUnorderedEventList
                         0x802'8ca3    0x46  Code  Gb  tasks.o [7]
vTaskPriorityDisinheritAfterTimeout
                         0x802'9043    0x7a  Code  Gb  tasks.o [7]
vTaskRemoveFromUnorderedEventList
                         0x802'8d75    0x4c  Code  Gb  tasks.o [7]
vTaskSetThreadLocalStoragePointer
                         0x802'8ead    0x2a  Code  Gb  tasks.o [7]
vTaskStartScheduler      0x802'8a0d    0x68  Code  Gb  tasks.o [7]
vTaskSuspendAll          0x802'8a7d     0xc  Code  Gb  tasks.o [7]
vTaskSwitchContext       0x802'8bf9    0x86  Code  Gb  tasks.o [7]
validateObj              0x802'320d    0x26  Code  Lc  nvm3.o [32]
validateObjFragments     0x802'2fdb   0x232  Code  Lc  nvm3.o [32]
vdac0ClkGet              0x803'55f5    0x50  Code  Lc  em_cmu.o [18]
version_api             0x2000'2ed0     0x4  Data  Gb  sl_wsrcp_version.o [35]
version_fw              0x2000'2ecc     0x4  Data  Gb  sl_wsrcp_version.o [35]
version_fw_str          0x2000'2ec8     0x4  Data  Gb  sl_wsrcp_version.o [35]
vsnprintf                0x803'06a9    0x3c  Code  Gb  vsnprint.o [31]
waitStateMax             0x803'5969     0xe  Code  Lc  em_cmu.o [18]
wdog0ClkGet              0x803'5979    0x50  Code  Lc  em_cmu.o [18]
wdog1ClkGet              0x803'59d5    0x50  Code  Lc  em_cmu.o [18]
wisun_modeSwitchPhrs     0x801'3be0    0x40  Data  Gb  rail_config.o [6]
wisun_modeSwitchPhrsLength
                         0x801'c697     0x1  Data  Gb  rail_config.o [6]
wisun_rcp_btl_reset      0x803'0415    0x44  Code  Wk  sl_wsrcp_api.o [35]
wisun_rcp_init           0x802'1e59    0x34  Code  Gb  sl_wsrcp.o [30]
wisun_rcp_init::__FUNCTION__
                         0x802'1fa0    0x10  Data  Lc  sl_wsrcp.o [30]
wisun_rcp_init::thread_attr
                         0x801'4138    0x24  Data  Lc  sl_wsrcp.o [30]
wisun_rcp_main           0x802'1dcd    0x8c  Code  Gb  sl_wsrcp.o [30]
wisun_rcp_on_phy_timer_expiration
                         0x802'1dc3     0xa  Code  Lc  sl_wsrcp.o [30]
wisun_rcp_uart_rx        0x802'1d7b     0x4  Code  Lc  sl_wsrcp.o [30]
wisun_rcp_uart_tx        0x802'1d77     0x4  Code  Lc  sl_wsrcp.o [30]
workBegin                0x802'3cc3    0x16  Code  Lc  nvm3.o [32]
workEnd                  0x802'3cd9    0x14  Code  Lc  nvm3.o [32]
writeBurst              0x2000'3323    0x50  Code  Gb  em_msc.o [18]
writeFullAllowed         0x802'27a7    0x18  Code  Lc  nvm3.o [32]
write_be16               0x802'af09     0x6  Code  Gb  endian.o [34]
write_be32               0x802'af27    0x14  Code  Gb  endian.o [34]
write_le16               0x802'af0f     0x4  Code  Gb  endian.o [34]
write_le24               0x802'af19     0x8  Code  Gb  endian.o [34]
write_le32               0x802'af3b    0x12  Code  Gb  endian.o [34]
write_le64               0x802'af4d    0x28  Code  Gb  endian.o [34]
ws_llc_build_edfe_response
                         0x802'5a89   0x10a  Code  Lc  sl_wsrcp_nsmac.o [35]
ws_llc_build_edfe_response::__func__
                         0x802'5fac    0x1c  Data  Lc  sl_wsrcp_nsmac.o [35]
ws_llc_build_edfe_response::header_vector
                        0x2000'8b6c     0x8  Data  Lc  sl_wsrcp_nsmac.o [35]
ws_llc_build_edfe_response::ie
                        0x2000'8b74    0x18  Data  Lc  sl_wsrcp_nsmac.o [35]
ws_wh_header_base_write
                         0x802'5985    0x14  Code  Lc  sl_wsrcp_nsmac.o [35]
ws_wh_rsl_write          0x802'59b7     0xc  Code  Lc  sl_wsrcp_nsmac.o [35]
ws_wh_utt_write          0x802'5999    0x1e  Code  Lc  sl_wsrcp_nsmac.o [35]
wsbr_data_req_rebuild    0x803'1a1d   0x542  Code  Gb  sl_wsrcp_frame_helpers.o [35]
wsbr_data_req_rebuild::__func__
                         0x803'1fa4    0x18  Data  Lc  sl_wsrcp_frame_helpers.o [35]
wsmac_init_timers        0x802'5e05     0xc  Code  Gb  sl_wsrcp_nsmac.o [35]
wsmac_mcps_ack_data_req_ext
                         0x802'59c9    0xc0  Code  Gb  sl_wsrcp_nsmac.o [35]
wsmac_mcps_ack_data_req_ext::__func__
                         0x802'5f54    0x1c  Data  Lc  sl_wsrcp_nsmac.o [35]
wsmac_mcps_ack_data_req_ext::header_vector
                        0x2000'8b4c     0x8  Data  Lc  sl_wsrcp_nsmac.o [35]
wsmac_mcps_ack_data_req_ext::ie
                        0x2000'8b54    0x18  Data  Lc  sl_wsrcp_nsmac.o [35]
wsmac_mcps_data_confirm_ext
                         0x802'578d   0x112  Code  Lc  sl_wsrcp_nsmac.o [35]
wsmac_mcps_data_confirm_ext::__func__
                         0x802'5e64    0x1c  Data  Lc  sl_wsrcp_nsmac.o [35]
wsmac_mcps_data_indication_ext
                         0x802'58a1    0xe4  Code  Gb  sl_wsrcp_nsmac.o [35]
wsmac_mcps_data_indication_ext::__func__
                         0x802'5ef4    0x20  Data  Lc  sl_wsrcp_nsmac.o [35]
wsmac_mcps_edfe_handler
                         0x802'5ba5    0xd2  Code  Gb  sl_wsrcp_nsmac.o [35]
wsmac_mcps_edfe_timer_expire
                         0x802'5b9d     0x8  Code  Gb  sl_wsrcp_nsmac.o [35]
wsmac_on_reset_req       0x802'1dbd     0x6  Code  Gb  sl_wsrcp.o [30]
wsmac_register           0x802'5c91   0x168  Code  Gb  sl_wsrcp_nsmac.o [35]
wsmac_register::__func__
                         0x802'5fc8    0x10  Data  Lc  sl_wsrcp_nsmac.o [35]
wsmac_trace_printer      0x802'5c87     0x8  Code  Lc  sl_wsrcp_nsmac.o [35]
xActiveTimerList1       0x2000'7a08    0x14  Data  Lc  timers.o [7]
xActiveTimerList2       0x2000'7a1c    0x14  Data  Lc  timers.o [7]
xDelayedTaskList1       0x2000'14a8    0x14  Data  Lc  tasks.o [7]
xDelayedTaskList2       0x2000'14bc    0x14  Data  Lc  tasks.o [7]
xEventGroupClearBits     0x802'9417    0x38  Code  Gb  event_groups.o [7]
xEventGroupClearBitsFromISR
                         0x802'944f     0xe  Code  Gb  event_groups.o [7]
xEventGroupCreate        0x802'931d    0x18  Code  Gb  event_groups.o [7]
xEventGroupCreateStatic
                         0x802'92f1    0x2c  Code  Gb  event_groups.o [7]
xEventGroupGetBitsFromISR
                         0x802'945d    0x12  Code  Gb  event_groups.o [7]
xEventGroupSetBits       0x802'946f    0x7a  Code  Gb  event_groups.o [7]
xEventGroupSetBitsFromISR
                         0x802'950b     0xc  Code  Gb  event_groups.o [7]
xEventGroupWaitBits      0x802'9345    0xd2  Code  Gb  event_groups.o [7]
xNextTaskUnblockTime    0x2000'149c     0x4  Data  Lc  tasks.o [7]
xNumOfOverflows         0x2000'1494     0x4  Data  Lc  tasks.o [7]
xPendedTicks            0x2000'148c     0x4  Data  Lc  tasks.o [7]
xPendingReadyList       0x2000'1430    0x14  Data  Lc  tasks.o [7]
xPortStartScheduler      0x802'9285    0x44  Code  Gb  port.o [12]
xPortSysTickHandler      0x802'91d1    0x18  Code  Gb  port.o [12]
xQueueCreateCountingSemaphore
                         0x802'975d    0x30  Code  Gb  queue.o [7]
xQueueCreateCountingSemaphoreStatic
                         0x802'9725    0x38  Code  Gb  queue.o [7]
xQueueCreateMutex        0x802'968b    0x16  Code  Gb  queue.o [7]
xQueueCreateMutexStatic
                         0x802'96a1    0x1a  Code  Gb  queue.o [7]
xQueueGenericCreate      0x802'95f3    0x66  Code  Gb  queue.o [7]
xQueueGenericCreateStatic
                         0x802'958b    0x68  Code  Gb  queue.o [7]
xQueueGenericReset       0x802'9521    0x6a  Code  Gb  queue.o [7]
xQueueGenericSend        0x802'978d   0x118  Code  Gb  queue.o [7]
xQueueGenericSendFromISR
                         0x802'98ab    0x9c  Code  Gb  queue.o [7]
xQueueGiveFromISR        0x802'994d    0x8c  Code  Gb  queue.o [7]
xQueueGiveMutexRecursive
                         0x802'96bb    0x34  Code  Gb  queue.o [7]
xQueueReceive            0x802'99df    0xd2  Code  Gb  queue.o [7]
xQueueReceiveFromISR     0x802'9c0f    0x7e  Code  Gb  queue.o [7]
xQueueRegistry          0x2000'6b24    0x50  Data  Gb  queue.o [7]
xQueueSemaphoreTake      0x802'9ab5   0x10a  Code  Gb  queue.o [7]
xQueueTakeMutexRecursive
                         0x802'96ef    0x36  Code  Gb  queue.o [7]
xSchedulerRunning       0x2000'1488     0x4  Data  Lc  tasks.o [7]
xSuspendedTaskList      0x2000'1468    0x14  Data  Lc  tasks.o [7]
xTaskCheckForTimeOut     0x802'8df1    0x70  Code  Gb  tasks.o [7]
xTaskCreate              0x802'8829    0x5c  Code  Gb  tasks.o [7]
xTaskCreateStatic        0x802'87ad    0x7c  Code  Gb  tasks.o [7]
xTaskGetCurrentTaskHandle
                         0x802'8f45     0x8  Code  Gb  tasks.o [7]
xTaskGetSchedulerState   0x802'8f4d    0x18  Code  Gb  tasks.o [7]
xTaskGetTickCount        0x802'8b25     0x2  Code  Gb  tasks.o [7]
xTaskIncrementTick       0x802'8b39    0xc0  Code  Gb  tasks.o [7]
xTaskPriorityDisinherit
                         0x802'8fe3    0x5a  Code  Gb  tasks.o [7]
xTaskPriorityInherit     0x802'8f6d    0x6a  Code  Gb  tasks.o [7]
xTaskRemoveFromEventList
                         0x802'8d27    0x4e  Code  Gb  tasks.o [7]
xTaskResumeAll           0x802'8a89    0x94  Code  Gb  tasks.o [7]
xTasksWaitingTermination
                        0x2000'1444    0x14  Data  Lc  tasks.o [7]
xTickCount              0x2000'1480     0x4  Data  Lc  tasks.o [7]
xTimerCreateTimerTask    0x803'458d    0x54  Code  Gb  timers.o [7]
xTimerGenericCommand     0x803'45e1    0x60  Code  Gb  timers.o [7]
xTimerPendFunctionCallFromISR
                         0x803'48e7    0x24  Code  Gb  timers.o [7]
xTimerQueue             0x2000'79fc     0x4  Data  Lc  timers.o [7]
xTimerTaskHandle        0x2000'7a00     0x4  Data  Lc  timers.o [7]
xYieldPending           0x2000'1490     0x4  Data  Lc  tasks.o [7]


[1] = C:\Users\DELL\SimplicityStudio\v5_workspace\wisun_rcp_7\ewarm-iar\obj\MemMang_10984737085352171661.dir
[2] = C:\Users\DELL\SimplicityStudio\v5_workspace\wisun_rcp_7\ewarm-iar\obj\SEGGER_14197436847510308367.dir
[3] = C:\Users\DELL\SimplicityStudio\v5_workspace\wisun_rcp_7\ewarm-iar\obj\Source_10863626932727399345.dir
[4] = C:\Users\DELL\SimplicityStudio\v5_workspace\wisun_rcp_7\ewarm-iar\obj\Source_3946229303622611321.dir
[5] = C:\Users\DELL\SimplicityStudio\v5_workspace\wisun_rcp_7\ewarm-iar\obj\Source_9534046957548667289.dir
[6] = C:\Users\DELL\SimplicityStudio\v5_workspace\wisun_rcp_7\ewarm-iar\obj\autogen_4637248165280573407.dir
[7] = C:\Users\DELL\SimplicityStudio\v5_workspace\wisun_rcp_7\ewarm-iar\obj\kernel_15789286914859001271.dir
[8] = C:\Users\DELL\SimplicityStudio\v5_workspace\wisun_rcp_7\ewarm-iar\obj\libBits_502825786182981814.dir
[9] = C:\Users\DELL\SimplicityStudio\v5_workspace\wisun_rcp_7\ewarm-iar\obj\libip6string_14883348783170439957.dir
[10] = C:\Users\DELL\SimplicityStudio\v5_workspace\wisun_rcp_7\ewarm-iar\obj\library_11823079944874003547.dir
[11] = C:\Users\DELL\SimplicityStudio\v5_workspace\wisun_rcp_7\ewarm-iar\obj\memory_manager_8417538429729147889.dir
[12] = C:\Users\DELL\SimplicityStudio\v5_workspace\wisun_rcp_7\ewarm-iar\obj\non_secure_2552712700769462760.dir
[13] = C:\Users\DELL\SimplicityStudio\v5_workspace\wisun_rcp_7\ewarm-iar\obj\ns_list_8275864470118367460.dir
[14] = C:\Users\DELL\SimplicityStudio\v5_workspace\wisun_rcp_7\ewarm-iar\obj\pa-conversions_3073922530588947952.dir
[15] = C:\Users\DELL\SimplicityStudio\v5_workspace\wisun_rcp_7\ewarm-iar\obj\rail_util_pti_2303748743301757762.dir
[16] = C:\Users\DELL\SimplicityStudio\v5_workspace\wisun_rcp_7\ewarm-iar\obj\src_10660899288376800039.dir
[17] = C:\Users\DELL\SimplicityStudio\v5_workspace\wisun_rcp_7\ewarm-iar\obj\src_11258711289537696942.dir
[18] = C:\Users\DELL\SimplicityStudio\v5_workspace\wisun_rcp_7\ewarm-iar\obj\src_12162447720190469977.dir
[19] = C:\Users\DELL\SimplicityStudio\v5_workspace\wisun_rcp_7\ewarm-iar\obj\src_1379462837802067215.dir
[20] = C:\Users\DELL\SimplicityStudio\v5_workspace\wisun_rcp_7\ewarm-iar\obj\src_15036527764542491649.dir
[21] = C:\Users\DELL\SimplicityStudio\v5_workspace\wisun_rcp_7\ewarm-iar\obj\src_1710505988981302067.dir
[22] = C:\Users\DELL\SimplicityStudio\v5_workspace\wisun_rcp_7\ewarm-iar\obj\src_3177824468728885135.dir
[23] = C:\Users\DELL\SimplicityStudio\v5_workspace\wisun_rcp_7\ewarm-iar\obj\src_4811620319817103232.dir
[24] = C:\Users\DELL\SimplicityStudio\v5_workspace\wisun_rcp_7\ewarm-iar\obj\src_5810444962220753519.dir
[25] = C:\Users\DELL\SimplicityStudio\v5_workspace\wisun_rcp_7\ewarm-iar\obj\src_6043253590969146746.dir
[26] = C:\Users\DELL\SimplicityStudio\v5_workspace\wisun_rcp_7\ewarm-iar\obj\src_6463605736132958298.dir
[27] = C:\Users\DELL\SimplicityStudio\v5_workspace\wisun_rcp_7\ewarm-iar\obj\src_8827520470567122158.dir
[28] = C:\Users\DELL\SimplicityStudio\v5_workspace\wisun_rcp_7\ewarm-iar\obj\src_9846656886595976139.dir
[29] = C:\Users\DELL\SimplicityStudio\v5_workspace\wisun_rcp_7\ewarm-iar\obj\trace_util_17324021352468628419.dir
[30] = C:\Users\DELL\SimplicityStudio\v5_workspace\wisun_rcp_7\ewarm-iar\obj\wisun_rcp_12033107185724647658.dir
[31] = dl7M_tln.a
[32] = libnvm3_CM33_iar.a
[33] = librail_efr32xg28_iar_release.a
[34] = libwisun_mac_efr32xg2x_iar.a
[35] = libwisun_rcp_efr32xg2x_iar.a
[36] = m7M_tls.a
[37] = rt7M_tl.a

  168'704 bytes of readonly  code memory
      408 bytes of readwrite code memory
  112'334 bytes of readonly  data memory
  130'256 bytes of readwrite data memory

Errors: none
Warnings: none
