###############################################################################
#
# IAR ANSI C/C++ Compiler V9.50.2.385/W64 for ARM         29/Mar/2025  15:53:07
# Copyright 1999-2024 IAR Systems AB.
#
#    Cpu mode                     =  thumb
#    Endian                       =  little
#    Source file                  =
#        D:\Inesh_wisun\Wisun_Node_App
#        1\Wisun_Node_App\gecko_sdk_4.4.5\platform\security\sl_component\sl_psa_driver\src\sli_psa_driver_common.c
#    Command line                 =
#        -f "D:\Inesh_wisun\Wisun_Node_App
#        1\Wisun_Node_App\ewarm-iar\obj\src_1701372114642889758.dir\sli_psa_driver_common.o.rsp"
#        ("D:\Inesh_wisun\Wisun_Node_App
#        1\Wisun_Node_App\gecko_sdk_4.4.5\platform\security\sl_component\sl_psa_driver\src\sli_psa_driver_common.c"
#        -D DEBUG_EFM=1 -D EFR32FG28B322F1024IM48=1 -D
#        configNUM_SDK_THREAD_LOCAL_STORAGE_POINTERS=2 -D
#        SL_COMPONENT_CATALOG_PRESENT=1 -D
#        MBEDTLS_CONFIG_FILE=<sl_mbedtls_config.h> -D
#        MBEDTLS_PSA_CRYPTO_CONFIG_FILE=<psa_crypto_config.h> -D
#        SL_RAIL_LIB_MULTIPROTOCOL_SUPPORT=0 -D
#        SL_RAIL_UTIL_PA_CONFIG_HEADER=<sl_rail_util_pa_config.h> -D
#        RTT_USE_ASM=0 -lC "D:\Inesh_wisun\Wisun_Node_App
#        1\Wisun_Node_App\ewarm-iar\lst\src_1701372114642889758.dir"
#        --diag_suppress Pa050 -o "D:\Inesh_wisun\Wisun_Node_App
#        1\Wisun_Node_App\ewarm-iar\obj\src_1701372114642889758.dir" --no_cse
#        --no_unroll --no_inline --no_code_motion --no_tbaa --no_clustering
#        --no_scheduling --debug --endian=little --cpu=Cortex-M33 --cmse --cmse
#        -e --fpu=VFPv5_sp --dlib_config "C:\Program Files\IAR Systems\Embedded
#        Workbench 9.2\arm\inc\c\DLib_Config_Normal.h" -I
#        "D:\Inesh_wisun\Wisun_Node_App
#        1\Wisun_Node_App\gecko_sdk_4.4.5\platform\security\sl_component\sl_psa_driver\src\\"
#        -I "D:\Inesh_wisun\Wisun_Node_App 1\Wisun_Node_App\config\\" -I
#        "D:\Inesh_wisun\Wisun_Node_App 1\Wisun_Node_App\config\rail\\" -I
#        "D:\Inesh_wisun\Wisun_Node_App 1\Wisun_Node_App\config\wisun\\" -I
#        "D:\Inesh_wisun\Wisun_Node_App 1\Wisun_Node_App\.\\" -I
#        "D:\Inesh_wisun\Wisun_Node_App
#        1\Wisun_Node_App\gecko_sdk_4.4.5\platform\Device\SiliconLabs\EFR32FG28\Include\\"
#        -I "D:\Inesh_wisun\Wisun_Node_App
#        1\Wisun_Node_App\gecko_sdk_4.4.5\app\wisun\component\app_project_info\\"
#        -I "D:\Inesh_wisun\Wisun_Node_App
#        1\Wisun_Node_App\gecko_sdk_4.4.5\platform\common\inc\\" -I
#        "D:\Inesh_wisun\Wisun_Node_App
#        1\Wisun_Node_App\gecko_sdk_4.4.5\platform\service\cli\inc\\" -I
#        "D:\Inesh_wisun\Wisun_Node_App
#        1\Wisun_Node_App\gecko_sdk_4.4.5\platform\service\cli\src\\" -I
#        "D:\Inesh_wisun\Wisun_Node_App
#        1\Wisun_Node_App\gecko_sdk_4.4.5\platform\CMSIS\Core\Include\\" -I
#        "D:\Inesh_wisun\Wisun_Node_App
#        1\Wisun_Node_App\gecko_sdk_4.4.5\platform\CMSIS\RTOS2\Include\\" -I
#        "D:\Inesh_wisun\Wisun_Node_App
#        1\Wisun_Node_App\gecko_sdk_4.4.5\platform\service\device_init\inc\\"
#        -I "D:\Inesh_wisun\Wisun_Node_App
#        1\Wisun_Node_App\gecko_sdk_4.4.5\platform\emdrv\common\inc\\" -I
#        "D:\Inesh_wisun\Wisun_Node_App
#        1\Wisun_Node_App\gecko_sdk_4.4.5\platform\emlib\inc\\" -I
#        "D:\Inesh_wisun\Wisun_Node_App
#        1\Wisun_Node_App\gecko_sdk_4.4.5\platform\service\iostream\inc\\" -I
#        "D:\Inesh_wisun\Wisun_Node_App
#        1\Wisun_Node_App\gecko_sdk_4.4.5\platform\security\sl_component\sl_mbedtls_support\config\\"
#        -I "D:\Inesh_wisun\Wisun_Node_App
#        1\Wisun_Node_App\gecko_sdk_4.4.5\platform\security\sl_component\sl_mbedtls_support\config\preset\\"
#        -I "D:\Inesh_wisun\Wisun_Node_App
#        1\Wisun_Node_App\gecko_sdk_4.4.5\platform\security\sl_component\sl_mbedtls_support\inc\\"
#        -I "D:\Inesh_wisun\Wisun_Node_App
#        1\Wisun_Node_App\gecko_sdk_4.4.5\util\third_party\mbedtls\include\\"
#        -I "D:\Inesh_wisun\Wisun_Node_App
#        1\Wisun_Node_App\gecko_sdk_4.4.5\util\third_party\mbedtls\library\\"
#        -I "D:\Inesh_wisun\Wisun_Node_App
#        1\Wisun_Node_App\gecko_sdk_4.4.5\platform\micrium_os\common\source\\"
#        -I "D:\Inesh_wisun\Wisun_Node_App
#        1\Wisun_Node_App\gecko_sdk_4.4.5\platform\micrium_os\common\include\\"
#        -I "D:\Inesh_wisun\Wisun_Node_App
#        1\Wisun_Node_App\gecko_sdk_4.4.5\platform\micrium_os\cpu\include\\" -I
#        "D:\Inesh_wisun\Wisun_Node_App
#        1\Wisun_Node_App\gecko_sdk_4.4.5\platform\micrium_os\ports\source\\"
#        -I "D:\Inesh_wisun\Wisun_Node_App
#        1\Wisun_Node_App\gecko_sdk_4.4.5\platform\micrium_os\\" -I
#        "D:\Inesh_wisun\Wisun_Node_App
#        1\Wisun_Node_App\gecko_sdk_4.4.5\platform\micrium_os\kernel\source\\"
#        -I "D:\Inesh_wisun\Wisun_Node_App
#        1\Wisun_Node_App\gecko_sdk_4.4.5\platform\micrium_os\kernel\include\\"
#        -I "D:\Inesh_wisun\Wisun_Node_App
#        1\Wisun_Node_App\gecko_sdk_4.4.5\platform\emdrv\nvm3\inc\\" -I
#        "D:\Inesh_wisun\Wisun_Node_App
#        1\Wisun_Node_App\gecko_sdk_4.4.5\platform\peripheral\inc\\" -I
#        "D:\Inesh_wisun\Wisun_Node_App
#        1\Wisun_Node_App\gecko_sdk_4.4.5\util\third_party\printf\\" -I
#        "D:\Inesh_wisun\Wisun_Node_App
#        1\Wisun_Node_App\gecko_sdk_4.4.5\util\third_party\printf\inc\\" -I
#        "D:\Inesh_wisun\Wisun_Node_App
#        1\Wisun_Node_App\gecko_sdk_4.4.5\platform\security\sl_component\sl_psa_driver\inc\\"
#        -I "D:\Inesh_wisun\Wisun_Node_App
#        1\Wisun_Node_App\gecko_sdk_4.4.5\platform\radio\rail_lib\common\\" -I
#        "D:\Inesh_wisun\Wisun_Node_App
#        1\Wisun_Node_App\gecko_sdk_4.4.5\platform\radio\rail_lib\protocol\ble\\"
#        -I "D:\Inesh_wisun\Wisun_Node_App
#        1\Wisun_Node_App\gecko_sdk_4.4.5\platform\radio\rail_lib\protocol\ieee802154\\"
#        -I "D:\Inesh_wisun\Wisun_Node_App
#        1\Wisun_Node_App\gecko_sdk_4.4.5\platform\radio\rail_lib\protocol\wmbus\\"
#        -I "D:\Inesh_wisun\Wisun_Node_App
#        1\Wisun_Node_App\gecko_sdk_4.4.5\platform\radio\rail_lib\protocol\zwave\\"
#        -I "D:\Inesh_wisun\Wisun_Node_App
#        1\Wisun_Node_App\gecko_sdk_4.4.5\platform\radio\rail_lib\chip\efr32\efr32xg2x\\"
#        -I "D:\Inesh_wisun\Wisun_Node_App
#        1\Wisun_Node_App\gecko_sdk_4.4.5\platform\radio\rail_lib\protocol\sidewalk\\"
#        -I "D:\Inesh_wisun\Wisun_Node_App
#        1\Wisun_Node_App\gecko_sdk_4.4.5\platform\radio\rail_lib\plugin\pa-conversions\\"
#        -I "D:\Inesh_wisun\Wisun_Node_App
#        1\Wisun_Node_App\gecko_sdk_4.4.5\platform\radio\rail_lib\plugin\pa-conversions\efr32xg28\\"
#        -I "D:\Inesh_wisun\Wisun_Node_App
#        1\Wisun_Node_App\gecko_sdk_4.4.5\platform\radio\rail_lib\plugin\rail_util_pti\\"
#        -I "D:\Inesh_wisun\Wisun_Node_App
#        1\Wisun_Node_App\gecko_sdk_4.4.5\platform\security\sl_component\se_manager\inc\\"
#        -I "D:\Inesh_wisun\Wisun_Node_App
#        1\Wisun_Node_App\gecko_sdk_4.4.5\platform\security\sl_component\se_manager\src\\"
#        -I "D:\Inesh_wisun\Wisun_Node_App
#        1\Wisun_Node_App\gecko_sdk_4.4.5\util\third_party\segger\systemview\SEGGER\\"
#        -I "D:\Inesh_wisun\Wisun_Node_App
#        1\Wisun_Node_App\gecko_sdk_4.4.5\util\silicon_labs\silabs_core\memory_manager\\"
#        -I "D:\Inesh_wisun\Wisun_Node_App
#        1\Wisun_Node_App\gecko_sdk_4.4.5\platform\common\toolchain\inc\\" -I
#        "D:\Inesh_wisun\Wisun_Node_App
#        1\Wisun_Node_App\gecko_sdk_4.4.5\platform\service\system\inc\\" -I
#        "D:\Inesh_wisun\Wisun_Node_App
#        1\Wisun_Node_App\gecko_sdk_4.4.5\app\wisun\component\app_core\\" -I
#        "D:\Inesh_wisun\Wisun_Node_App
#        1\Wisun_Node_App\gecko_sdk_4.4.5\app\wisun\component\app_setting\\" -I
#        "D:\Inesh_wisun\Wisun_Node_App
#        1\Wisun_Node_App\gecko_sdk_4.4.5\app\wisun\component\cli_util\\" -I
#        "D:\Inesh_wisun\Wisun_Node_App
#        1\Wisun_Node_App\gecko_sdk_4.4.5\app\wisun\component\event_manager\\"
#        -I "D:\Inesh_wisun\Wisun_Node_App
#        1\Wisun_Node_App\gecko_sdk_4.4.5\app\wisun\component\ns_list\\" -I
#        "D:\Inesh_wisun\Wisun_Node_App
#        1\Wisun_Node_App\gecko_sdk_4.4.5\app\wisun\component\ping\\" -I
#        "D:\Inesh_wisun\Wisun_Node_App
#        1\Wisun_Node_App\gecko_sdk_4.4.5\app\wisun\component\trace_util\\" -I
#        "D:\Inesh_wisun\Wisun_Node_App
#        1\Wisun_Node_App\gecko_sdk_4.4.5\app\wisun\component\trace_util\nanostack\nanostack-libservice\mbed-client-libservice\\"
#        -I "D:\Inesh_wisun\Wisun_Node_App
#        1\Wisun_Node_App\gecko_sdk_4.4.5\app\wisun\component\udp_client\\" -I
#        "D:\Inesh_wisun\Wisun_Node_App
#        1\Wisun_Node_App\gecko_sdk_4.4.5\platform\service\sleeptimer\inc\\" -I
#        "D:\Inesh_wisun\Wisun_Node_App
#        1\Wisun_Node_App\gecko_sdk_4.4.5\protocol\wisun\plugin\\" -I
#        "D:\Inesh_wisun\Wisun_Node_App
#        1\Wisun_Node_App\gecko_sdk_4.4.5\protocol\wisun\stack\inc\\" -I
#        "D:\Inesh_wisun\Wisun_Node_App
#        1\Wisun_Node_App\gecko_sdk_4.4.5\protocol\wisun\stack\inc\socket\\" -I
#        "D:\Inesh_wisun\Wisun_Node_App 1\Wisun_Node_App\autogen\\" -On
#        --use_c++_inline) --dependencies=n "D:\Inesh_wisun\Wisun_Node_App
#        1\Wisun_Node_App\ewarm-iar\obj\src_1701372114642889758.dir\sli_psa_driver_common.o.iar_deps"
#    Locale                       =  C
#    List file                    =
#        D:\Inesh_wisun\Wisun_Node_App
#        1\Wisun_Node_App\ewarm-iar\lst\src_1701372114642889758.dir\sli_psa_driver_common.lst
#    Object file                  =
#        D:\Inesh_wisun\Wisun_Node_App
#        1\Wisun_Node_App\ewarm-iar\obj\src_1701372114642889758.dir\sli_psa_driver_common.o
#    Runtime model:                  
#      __CPP_Runtime              =  1
#      __SystemLibrary            =  DLib
#      __dlib_full_locale_support =  0
#      __dlib_version             =  6
#
###############################################################################

D:\Inesh_wisun\Wisun_Node_App 1\Wisun_Node_App\gecko_sdk_4.4.5\platform\security\sl_component\sl_psa_driver\src\sli_psa_driver_common.c
      1          /***************************************************************************/ /**
      2           * @file
      3           * @brief PSA Driver common utility functions
      4           *******************************************************************************
      5           * # License
      6           * <b>Copyright 2021 Silicon Laboratories Inc. www.silabs.com</b>
      7           *******************************************************************************
      8           *
      9           * SPDX-License-Identifier: Zlib
     10           *
     11           * The licensor of this software is Silicon Laboratories Inc.
     12           *
     13           * This software is provided 'as-is', without any express or implied
     14           * warranty. In no event will the authors be held liable for any damages
     15           * arising from the use of this software.
     16           *
     17           * Permission is granted to anyone to use this software for any purpose,
     18           * including commercial applications, and to alter it and redistribute it
     19           * freely, subject to the following restrictions:
     20           *
     21           * 1. The origin of this software must not be misrepresented; you must not
     22           *    claim that you wrote the original software. If you use this software
     23           *    in a product, an acknowledgment in the product documentation would be
     24           *    appreciated but is not required.
     25           * 2. Altered source versions must be plainly marked as such, and must not be
     26           *    misrepresented as being the original software.
     27           * 3. This notice may not be removed or altered from any source distribution.
     28           *
     29           ******************************************************************************/
     30          
     31          #include "sli_psa_driver_common.h"
     32          
     33          #include "constant_time_internal.h"

   \                                 In section .text, align 2, keep-with-next
   \   static __vfp uint32_t mbedtls_ct_compiler_opaque(uint32_t)
   \                     mbedtls_ct_compiler_opaque: (+1)
   \        0x0   0x....             LDR.N    R1,??DataTable0
   \        0x2   0x6809             LDR      R1,[R1, #+0]
   \        0x4   0x4048             EORS     R0,R1,R0
   \        0x6   0x4770             BX       LR

   \                                 In section .text, align 2, keep-with-next
   \   static __vfp uint32_t mbedtls_ct_bool(uint32_t)
   \                     mbedtls_ct_bool: (+1)
   \        0x0   0xB510             PUSH     {R4,LR}
   \        0x2   0x0004             MOVS     R4,R0
   \        0x4   0x0020             MOVS     R0,R4
   \        0x6   0x.... 0x....      BL       mbedtls_ct_compiler_opaque
   \        0xA   0x0002             MOVS     R2,R0
   \        0xC   0x4251             RSBS     R1,R2,#+0
   \        0xE   0x0010             MOVS     R0,R2
   \       0x10   0x0840             LSRS     R0,R0,#+1
   \       0x12   0x4240             RSBS     R0,R0,#+0
   \       0x14   0x4308             ORRS     R0,R0,R1
   \       0x16   0x0FC0             LSRS     R0,R0,#+31
   \       0x18   0x4240             RSBS     R0,R0,#+0
   \       0x1A   0xBD10             POP      {R4,PC}

   \                                 In section .text, align 2, keep-with-next
   \   static __vfp uint32_t mbedtls_ct_if(uint32_t, uint32_t, uint32_t)
   \                     mbedtls_ct_if: (+1)
   \        0x0   0xB570             PUSH     {R4-R6,LR}
   \        0x2   0x0006             MOVS     R6,R0
   \        0x4   0x000C             MOVS     R4,R1
   \        0x6   0x0015             MOVS     R5,R2
   \        0x8   0x0030             MOVS     R0,R6
   \        0xA   0x.... 0x....      BL       mbedtls_ct_compiler_opaque
   \        0xE   0x43C0             MVNS     R0,R0
   \       0x10   0x4026             ANDS     R6,R4,R6
   \       0x12   0x4005             ANDS     R5,R5,R0
   \       0x14   0x432E             ORRS     R6,R5,R6
   \       0x16   0x0030             MOVS     R0,R6
   \       0x18   0xBD70             POP      {R4-R6,PC}

   \                                 In section .text, align 2, keep-with-next
   \   static __vfp uint32_t mbedtls_ct_uint_lt(uint32_t, uint32_t)
   \                     mbedtls_ct_uint_lt: (+1)
   \        0x0   0xE92D 0x43F8      PUSH     {R3-R9,LR}
   \        0x4   0x4681             MOV      R9,R0
   \        0x6   0x000C             MOVS     R4,R1
   \        0x8   0x4648             MOV      R0,R9
   \        0xA   0x.... 0x....      BL       mbedtls_ct_compiler_opaque
   \        0xE   0x0005             MOVS     R5,R0
   \       0x10   0x0020             MOVS     R0,R4
   \       0x12   0x.... 0x....      BL       mbedtls_ct_compiler_opaque
   \       0x16   0x0006             MOVS     R6,R0
   \       0x18   0xEA96 0x0005      EORS     R0,R6,R5
   \       0x1C   0x0FC0             LSRS     R0,R0,#+31
   \       0x1E   0x.... 0x....      BL       mbedtls_ct_bool
   \       0x22   0x0007             MOVS     R7,R0
   \       0x24   0x1BAA             SUBS     R2,R5,R6
   \       0x26   0x0031             MOVS     R1,R6
   \       0x28   0x0038             MOVS     R0,R7
   \       0x2A   0x.... 0x....      BL       mbedtls_ct_if
   \       0x2E   0x4680             MOV      R8,R0
   \       0x30   0xEA5F 0x78D8      LSRS     R8,R8,#+31
   \       0x34   0x4640             MOV      R0,R8
   \       0x36   0x.... 0x....      BL       mbedtls_ct_bool
   \       0x3A   0xE8BD 0x83F2      POP      {R1,R4-R9,PC}

   \                                 In section .text, align 2, keep-with-next
   \   static __vfp uint32_t mbedtls_ct_uint_ne(uint32_t, uint32_t)
   \                     mbedtls_ct_uint_ne: (+1)
   \        0x0   0xB5F8             PUSH     {R3-R7,LR}
   \        0x2   0x0007             MOVS     R7,R0
   \        0x4   0x000C             MOVS     R4,R1
   \        0x6   0x0038             MOVS     R0,R7
   \        0x8   0x.... 0x....      BL       mbedtls_ct_compiler_opaque
   \        0xC   0x0005             MOVS     R5,R0
   \        0xE   0x0020             MOVS     R0,R4
   \       0x10   0x.... 0x....      BL       mbedtls_ct_compiler_opaque
   \       0x14   0x0006             MOVS     R6,R0
   \       0x16   0x406E             EORS     R6,R6,R5
   \       0x18   0x0030             MOVS     R0,R6
   \       0x1A   0x.... 0x....      BL       mbedtls_ct_bool
   \       0x1E   0xBDF2             POP      {R1,R4-R7,PC}

   \                                 In section .text, align 2, keep-with-next
   \   static __vfp int mbedtls_ct_error_if_else_0(uint32_t, int)
   \                     mbedtls_ct_error_if_else_0: (+1)
   \        0x0   0x4249             RSBS     R1,R1,#+0
   \        0x2   0x4008             ANDS     R0,R1,R0
   \        0x4   0x4240             RSBS     R0,R0,#+0
   \        0x6   0x4770             BX       LR

   \                                 In section .text, align 2, keep-with-next
   \   static __vfp uint32_t mbedtls_ct_uint_eq(uint32_t, uint32_t)
   \                     mbedtls_ct_uint_eq: (+1)
   \        0x0   0xB538             PUSH     {R3-R5,LR}
   \        0x2   0x0005             MOVS     R5,R0
   \        0x4   0x000C             MOVS     R4,R1
   \        0x6   0x0021             MOVS     R1,R4
   \        0x8   0x0028             MOVS     R0,R5
   \        0xA   0x.... 0x....      BL       mbedtls_ct_uint_ne
   \        0xE   0x43C0             MVNS     R0,R0
   \       0x10   0xBD32             POP      {R1,R4,R5,PC}

   \                                 In section .text, align 2, keep-with-next
   \   static __vfp uint32_t mbedtls_ct_uint_gt(uint32_t, uint32_t)
   \                     mbedtls_ct_uint_gt: (+1)
   \        0x0   0xB538             PUSH     {R3-R5,LR}
   \        0x2   0x0005             MOVS     R5,R0
   \        0x4   0x000C             MOVS     R4,R1
   \        0x6   0x0029             MOVS     R1,R5
   \        0x8   0x0020             MOVS     R0,R4
   \        0xA   0x.... 0x....      BL       mbedtls_ct_uint_lt
   \        0xE   0xBD32             POP      {R1,R4,R5,PC}

   \                                 In section .text, align 2, keep-with-next
   \   static __vfp uint32_t mbedtls_ct_uint_ge(uint32_t, uint32_t)
   \                     mbedtls_ct_uint_ge: (+1)
   \        0x0   0xB538             PUSH     {R3-R5,LR}
   \        0x2   0x0005             MOVS     R5,R0
   \        0x4   0x000C             MOVS     R4,R1
   \        0x6   0x0021             MOVS     R1,R4
   \        0x8   0x0028             MOVS     R0,R5
   \        0xA   0x.... 0x....      BL       mbedtls_ct_uint_lt
   \        0xE   0x43C0             MVNS     R0,R0
   \       0x10   0xBD32             POP      {R1,R4,R5,PC}

   \                                 In section .text, align 2, keep-with-next
   \   static __vfp uint32_t mbedtls_ct_bool_and(uint32_t, uint32_t)
   \                     mbedtls_ct_bool_and: (+1)
   \        0x0   0x4008             ANDS     R0,R1,R0
   \        0x2   0x4770             BX       LR

   \                                 In section .text, align 2, keep-with-next
   \   static __vfp uint32_t mbedtls_ct_bool_or(uint32_t, uint32_t)
   \                     mbedtls_ct_bool_or: (+1)
   \        0x0   0x4308             ORRS     R0,R1,R0
   \        0x2   0x4770             BX       LR
     34          #include "constant_time_impl.h"
     35          
     36          //------------------------------------------------------------------------------
     37          // Function definitions
     38          

   \                                 In section .text, align 2, keep-with-next
     39          psa_status_t sli_psa_validate_pkcs7_padding(uint8_t *padded_data,
     40                                                      size_t padded_data_length,
     41                                                      size_t *padding_bytes)
     42          {
   \                     sli_psa_validate_pkcs7_padding: (+1)
   \        0x0   0xE92D 0x4FF8      PUSH     {R3-R11,LR}
   \        0x4   0x4683             MOV      R11,R0
   \        0x6   0x000C             MOVS     R4,R1
   \        0x8   0x0015             MOVS     R5,R2
     43            size_t i, pad_idx;
     44            unsigned char padding_len;
     45          
     46            padding_len = padded_data[padded_data_length - 1];
   \        0xA   0xEB0B 0x0004      ADD      R0,R11,R4
   \        0xE   0xF810 0x6C01      LDRB     R6,[R0, #-1]
     47            *padding_bytes = padding_len;
   \       0x12   0x0030             MOVS     R0,R6
   \       0x14   0xB2C0             UXTB     R0,R0
   \       0x16   0x6028             STR      R0,[R5, #+0]
     48          
     49            mbedtls_ct_condition_t bad =
     50              mbedtls_ct_uint_gt(padding_len, padded_data_length);
   \       0x18   0x0021             MOVS     R1,R4
   \       0x1A   0x0030             MOVS     R0,R6
   \       0x1C   0xB2C0             UXTB     R0,R0
   \       0x1E   0x.... 0x....      BL       mbedtls_ct_uint_gt
   \       0x22   0x4681             MOV      R9,R0
     51            bad = mbedtls_ct_bool_or(bad, mbedtls_ct_uint_eq(padding_len, 0));
   \       0x24   0x2100             MOVS     R1,#+0
   \       0x26   0x0030             MOVS     R0,R6
   \       0x28   0xB2C0             UXTB     R0,R0
   \       0x2A   0x.... 0x....      BL       mbedtls_ct_uint_eq
   \       0x2E   0x0001             MOVS     R1,R0
   \       0x30   0x4648             MOV      R0,R9
   \       0x32   0x.... 0x....      BL       mbedtls_ct_bool_or
   \       0x36   0x0007             MOVS     R7,R0
     52          
     53            // The number of bytes checked must be independent of padding_len, so pick
     54            // input_len, which is 16 bytes (one block) for our use cases.
     55            pad_idx = padded_data_length - padding_len;
   \       0x38   0x0030             MOVS     R0,R6
   \       0x3A   0xB2C0             UXTB     R0,R0
   \       0x3C   0x1A20             SUBS     R0,R4,R0
   \       0x3E   0x9000             STR      R0,[SP, #+0]
     56            for (i = 0; i < padded_data_length; i++) {
   \       0x40   0xF05F 0x0800      MOVS     R8,#+0
   \                     ??sli_psa_validate_pkcs7_padding_0: (+1)
   \       0x44   0x45A0             CMP      R8,R4
   \       0x46   0xD217             BCS.N    ??sli_psa_validate_pkcs7_padding_1
     57              mbedtls_ct_condition_t in_padding = mbedtls_ct_uint_ge(i, pad_idx);
   \       0x48   0x9900             LDR      R1,[SP, #+0]
   \       0x4A   0x4640             MOV      R0,R8
   \       0x4C   0x.... 0x....      BL       mbedtls_ct_uint_ge
   \       0x50   0x4681             MOV      R9,R0
     58              mbedtls_ct_condition_t different =
     59                mbedtls_ct_uint_ne(padded_data[i], padding_len);
   \       0x52   0x0031             MOVS     R1,R6
   \       0x54   0xB2C9             UXTB     R1,R1
   \       0x56   0xF81B 0x0008      LDRB     R0,[R11, R8]
   \       0x5A   0x.... 0x....      BL       mbedtls_ct_uint_ne
   \       0x5E   0x4682             MOV      R10,R0
     60              bad = mbedtls_ct_bool_or(bad, mbedtls_ct_bool_and(in_padding, different));
   \       0x60   0x4651             MOV      R1,R10
   \       0x62   0x4648             MOV      R0,R9
   \       0x64   0x.... 0x....      BL       mbedtls_ct_bool_and
   \       0x68   0x0001             MOVS     R1,R0
   \       0x6A   0x0038             MOVS     R0,R7
   \       0x6C   0x.... 0x....      BL       mbedtls_ct_bool_or
   \       0x70   0x0007             MOVS     R7,R0
     61            }
   \       0x72   0xF118 0x0801      ADDS     R8,R8,#+1
   \       0x76   0xE7E5             B.N      ??sli_psa_validate_pkcs7_padding_0
     62          
     63            return (psa_status_t)mbedtls_ct_error_if_else_0(bad,
     64                                                            PSA_ERROR_INVALID_PADDING);
   \                     ??sli_psa_validate_pkcs7_padding_1: (+1)
   \       0x78   0xF07F 0x0195      MVNS     R1,#+149
   \       0x7C   0x0038             MOVS     R0,R7
   \       0x7E   0x.... 0x....      BL       mbedtls_ct_error_if_else_0
   \       0x82   0xE8BD 0x8FF2      POP      {R1,R4-R11,PC}
     65          }

   \                                 In section .text, align 4, keep-with-next
   \                     ??DataTable0:
   \        0x0   0x....'....        DC32     mbedtls_ct_zero

   Maximum stack usage in bytes:

   .cstack Function
   ------- --------
       8   mbedtls_ct_bool
         8   -> mbedtls_ct_compiler_opaque
       0   mbedtls_ct_bool_and
       0   mbedtls_ct_bool_or
       0   mbedtls_ct_compiler_opaque
       0   mbedtls_ct_error_if_else_0
      16   mbedtls_ct_if
        16   -> mbedtls_ct_compiler_opaque
      16   mbedtls_ct_uint_eq
        16   -> mbedtls_ct_uint_ne
      16   mbedtls_ct_uint_ge
        16   -> mbedtls_ct_uint_lt
      16   mbedtls_ct_uint_gt
        16   -> mbedtls_ct_uint_lt
      32   mbedtls_ct_uint_lt
        32   -> mbedtls_ct_bool
        32   -> mbedtls_ct_compiler_opaque
        32   -> mbedtls_ct_if
      24   mbedtls_ct_uint_ne
        24   -> mbedtls_ct_bool
        24   -> mbedtls_ct_compiler_opaque
      40   sli_psa_validate_pkcs7_padding
        40   -> mbedtls_ct_bool_and
        40   -> mbedtls_ct_bool_or
        40   -> mbedtls_ct_error_if_else_0
        40   -> mbedtls_ct_uint_eq
        40   -> mbedtls_ct_uint_ge
        40   -> mbedtls_ct_uint_gt
        40   -> mbedtls_ct_uint_ne


   Section sizes:

   Bytes  Function/Label
   -----  --------------
       4  ??DataTable0
      28  mbedtls_ct_bool
       4  mbedtls_ct_bool_and
       4  mbedtls_ct_bool_or
       8  mbedtls_ct_compiler_opaque
       8  mbedtls_ct_error_if_else_0
      26  mbedtls_ct_if
      18  mbedtls_ct_uint_eq
      18  mbedtls_ct_uint_ge
      16  mbedtls_ct_uint_gt
      62  mbedtls_ct_uint_lt
      32  mbedtls_ct_uint_ne
     134  sli_psa_validate_pkcs7_padding

 
 362 bytes in section .text
 
 362 bytes of CODE memory

Errors: none
Warnings: none
